<!doctype html public "-//w3c//dtd html 4.0 transitional//en">
<html><head>
<title>Static Call Graph - [Infrared_Control\Infrared_Control.axf]</title></head>
<body><HR>
<H1>Static Call Graph for image Infrared_Control\Infrared_Control.axf</H1><HR>
<BR><P>#&#060CALLGRAPH&#062# ARM Linker, 5060960: Last Updated: Fri Dec 15 16:18:07 2023
<BR><P>
<H3>Maximum Stack Usage =        812 bytes + Unknown(Cycles, Untraceable Function Pointers)</H3><H3>
Call chain for Maximum Stack Depth:</H3>
HAL_SM_DeviceInitTask &rArr; HAL_Control_DeviceInit &rArr; memory_init &rArr; memory_get_dev_addr &rArr; sha3 &rArr; sha3_update &rArr; sha3_keccakf &rArr; __aeabi_idivmod &rArr; __aeabi_uidivmod
<P>
<H3>
Mutually Recursive functions
</H3> <LI><a href="#[37]">ADC1_IRQHandler</a>&nbsp;&nbsp;&nbsp;&rArr;&nbsp;&nbsp;&nbsp;<a href="#[37]">ADC1_IRQHandler</a><BR>
 <LI><a href="#[29]">HardFault_Handler</a>&nbsp;&nbsp;&nbsp;&rArr;&nbsp;&nbsp;&nbsp;<a href="#[29]">HardFault_Handler</a><BR>
 <LI><a href="#[28]">NMI_Handler</a>&nbsp;&nbsp;&nbsp;&rArr;&nbsp;&nbsp;&nbsp;<a href="#[28]">NMI_Handler</a><BR>
</UL>
<P>
<H3>
Function Pointers
</H3><UL>
 <LI><a href="#[37]">ADC1_IRQHandler</a> from startup_stm32g030xx.o(.text) referenced from startup_stm32g030xx.o(RESET)
 <LI><a href="#[36]">DMA1_Ch4_5_DMAMUX1_OVR_IRQHandler</a> from stm32g0xx_it.o(i.DMA1_Ch4_5_DMAMUX1_OVR_IRQHandler) referenced from startup_stm32g030xx.o(RESET)
 <LI><a href="#[34]">DMA1_Channel1_IRQHandler</a> from stm32g0xx_it.o(i.DMA1_Channel1_IRQHandler) referenced from startup_stm32g030xx.o(RESET)
 <LI><a href="#[35]">DMA1_Channel2_3_IRQHandler</a> from stm32g0xx_it.o(i.DMA1_Channel2_3_IRQHandler) referenced from startup_stm32g030xx.o(RESET)
 <LI><a href="#[31]">EXTI0_1_IRQHandler</a> from startup_stm32g030xx.o(.text) referenced from startup_stm32g030xx.o(RESET)
 <LI><a href="#[32]">EXTI2_3_IRQHandler</a> from startup_stm32g030xx.o(.text) referenced from startup_stm32g030xx.o(RESET)
 <LI><a href="#[33]">EXTI4_15_IRQHandler</a> from stm32g0xx_it.o(i.EXTI4_15_IRQHandler) referenced from startup_stm32g030xx.o(RESET)
 <LI><a href="#[2f]">FLASH_IRQHandler</a> from startup_stm32g030xx.o(.text) referenced from startup_stm32g030xx.o(RESET)
 <LI><a href="#[0]">HAL_SM_DeviceInitTask</a> from hal_sm_inittask_api.o(i.HAL_SM_DeviceInitTask) referenced 2 times from hal_sm_mainloop.o(.data)
 <LI><a href="#[29]">HardFault_Handler</a> from stm32g0xx_it.o(i.HardFault_Handler) referenced from startup_stm32g030xx.o(RESET)
 <LI><a href="#[3e]">I2C1_IRQHandler</a> from startup_stm32g030xx.o(.text) referenced from startup_stm32g030xx.o(RESET)
 <LI><a href="#[3f]">I2C2_IRQHandler</a> from startup_stm32g030xx.o(.text) referenced from startup_stm32g030xx.o(RESET)
 <LI><a href="#[28]">NMI_Handler</a> from stm32g0xx_it.o(i.NMI_Handler) referenced from startup_stm32g030xx.o(RESET)
 <LI><a href="#[2b]">PendSV_Handler</a> from stm32g0xx_it.o(i.PendSV_Handler) referenced from startup_stm32g030xx.o(RESET)
 <LI><a href="#[30]">RCC_IRQHandler</a> from startup_stm32g030xx.o(.text) referenced from startup_stm32g030xx.o(RESET)
 <LI><a href="#[2e]">RTC_TAMP_IRQHandler</a> from startup_stm32g030xx.o(.text) referenced from startup_stm32g030xx.o(RESET)
 <LI><a href="#[27]">Reset_Handler</a> from startup_stm32g030xx.o(.text) referenced from startup_stm32g030xx.o(RESET)
 <LI><a href="#[40]">SPI1_IRQHandler</a> from startup_stm32g030xx.o(.text) referenced from startup_stm32g030xx.o(RESET)
 <LI><a href="#[41]">SPI2_IRQHandler</a> from startup_stm32g030xx.o(.text) referenced from startup_stm32g030xx.o(RESET)
 <LI><a href="#[2a]">SVC_Handler</a> from stm32g0xx_it.o(i.SVC_Handler) referenced from startup_stm32g030xx.o(RESET)
 <LI><a href="#[2c]">SysTick_Handler</a> from stm32g0xx_it.o(i.SysTick_Handler) referenced from startup_stm32g030xx.o(RESET)
 <LI><a href="#[45]">SystemInit</a> from system_stm32g0xx.o(i.SystemInit) referenced from startup_stm32g030xx.o(.text)
 <LI><a href="#[3b]">TIM14_IRQHandler</a> from stm32g0xx_it.o(i.TIM14_IRQHandler) referenced from startup_stm32g030xx.o(RESET)
 <LI><a href="#[3c]">TIM16_IRQHandler</a> from startup_stm32g030xx.o(.text) referenced from startup_stm32g030xx.o(RESET)
 <LI><a href="#[3d]">TIM17_IRQHandler</a> from startup_stm32g030xx.o(.text) referenced from startup_stm32g030xx.o(RESET)
 <LI><a href="#[38]">TIM1_BRK_UP_TRG_COM_IRQHandler</a> from stm32g0xx_it.o(i.TIM1_BRK_UP_TRG_COM_IRQHandler) referenced from startup_stm32g030xx.o(RESET)
 <LI><a href="#[39]">TIM1_CC_IRQHandler</a> from stm32g0xx_it.o(i.TIM1_CC_IRQHandler) referenced from startup_stm32g030xx.o(RESET)
 <LI><a href="#[3a]">TIM3_IRQHandler</a> from startup_stm32g030xx.o(.text) referenced from startup_stm32g030xx.o(RESET)
 <LI><a href="#[13]">Task_IREmit_Handler_IDLE</a> from task_iremit.o(i.Task_IREmit_Handler_IDLE) referenced 2 times from task_iremit.o(.data)
 <LI><a href="#[14]">Task_IREmit_Handler_Run</a> from task_iremit.o(i.Task_IREmit_Handler_Run) referenced 2 times from task_iremit.o(.data)
 <LI><a href="#[12]">Task_IREmit_Handler_Uninit</a> from task_iremit.o(i.Task_IREmit_Handler_Uninit) referenced 2 times from task_iremit.o(.data)
 <LI><a href="#[5]">Task_IREmit_MainLoop</a> from task_iremit.o(i.Task_IREmit_MainLoop) referenced 2 times from hal_sm_mainloop.o(.data)
 <LI><a href="#[a]">Task_Key_Handler_IDLE</a> from task_key.o(i.Task_Key_Handler_IDLE) referenced 2 times from task_key.o(.data)
 <LI><a href="#[b]">Task_Key_Handler_Run</a> from task_key.o(i.Task_Key_Handler_Run) referenced 2 times from task_key.o(.data)
 <LI><a href="#[9]">Task_Key_Handler_Uninit</a> from task_key.o(i.Task_Key_Handler_Uninit) referenced 2 times from task_key.o(.data)
 <LI><a href="#[2]">Task_Key_MainLoop</a> from task_key.o(i.Task_Key_MainLoop) referenced 2 times from hal_sm_mainloop.o(.data)
 <LI><a href="#[d]">Task_LED_Handler_IDLE</a> from task_led.o(i.Task_LED_Handler_IDLE) referenced 2 times from task_led.o(.data)
 <LI><a href="#[e]">Task_LED_Handler_Run</a> from task_led.o(i.Task_LED_Handler_Run) referenced 2 times from task_led.o(.data)
 <LI><a href="#[c]">Task_LED_Handler_Uninit</a> from task_led.o(i.Task_LED_Handler_Uninit) referenced 2 times from task_led.o(.data)
 <LI><a href="#[1]">Task_LED_MainLoop</a> from task_led.o(i.Task_LED_MainLoop) referenced 2 times from hal_sm_mainloop.o(.data)
 <LI><a href="#[7]">Task_RF_Handler_IDLE</a> from task_433communicate.o(i.Task_RF_Handler_IDLE) referenced 2 times from task_433communicate.o(.data)
 <LI><a href="#[8]">Task_RF_Handler_Run</a> from task_433communicate.o(i.Task_RF_Handler_Run) referenced 2 times from task_433communicate.o(.data)
 <LI><a href="#[6]">Task_RF_Handler_Uninit</a> from task_433communicate.o(i.Task_RF_Handler_Uninit) referenced 2 times from task_433communicate.o(.data)
 <LI><a href="#[3]">Task_RF_MainLoop</a> from task_433communicate.o(i.Task_RF_MainLoop) referenced 2 times from hal_sm_mainloop.o(.data)
 <LI><a href="#[10]">Task_Serial_Handler_IDLE</a> from task_serial.o(i.Task_Serial_Handler_IDLE) referenced 2 times from task_serial.o(.data)
 <LI><a href="#[11]">Task_Serial_Handler_Run</a> from task_serial.o(i.Task_Serial_Handler_Run) referenced 2 times from task_serial.o(.data)
 <LI><a href="#[f]">Task_Serial_Handler_Uninit</a> from task_serial.o(i.Task_Serial_Handler_Uninit) referenced 2 times from task_serial.o(.data)
 <LI><a href="#[4]">Task_Serial_MainLoop</a> from task_serial.o(i.Task_Serial_MainLoop) referenced 2 times from hal_sm_mainloop.o(.data)
 <LI><a href="#[42]">USART1_IRQHandler</a> from startup_stm32g030xx.o(.text) referenced from startup_stm32g030xx.o(RESET)
 <LI><a href="#[43]">USART2_IRQHandler</a> from stm32g0xx_it.o(i.USART2_IRQHandler) referenced from startup_stm32g030xx.o(RESET)
 <LI><a href="#[2d]">WWDG_IRQHandler</a> from startup_stm32g030xx.o(.text) referenced from startup_stm32g030xx.o(RESET)
 <LI><a href="#[46]">__main</a> from entry.o(.ARM.Collect$$$$00000000) referenced from startup_stm32g030xx.o(.text)
 <LI><a href="#[4d]">ircode_emit_handler_timeout</a> from ircode_emit.o(i.ircode_emit_handler_timeout) referenced from ircode_emit.o(i.ircode_emit_it_handler)
 <LI><a href="#[4d]">ircode_emit_handler_timeout</a> from ircode_emit.o(i.ircode_emit_handler_timeout) referenced from ircode_emit.o(i.ircode_emit_start)
 <LI><a href="#[47]">key_scan_task</a> from driver_key.o(i.key_scan_task) referenced from task_key.o(i.Task_Key_Handler_Uninit)
 <LI><a href="#[44]">main</a> from main.o(i.main) referenced from entry9a.o(.ARM.Collect$$$$0000000B)
 <LI><a href="#[23]">pkg_handler_catch_directSend</a> from serialctrl_handler.o(i.pkg_handler_catch_directSend) referenced 2 times from serialctrl_handler.o(.data)
 <LI><a href="#[1d]">pkg_handler_catch_enable</a> from serialctrl_handler.o(i.pkg_handler_catch_enable) referenced 2 times from serialctrl_handler.o(.data)
 <LI><a href="#[22]">pkg_handler_catch_send2IR</a> from serialctrl_handler.o(i.pkg_handler_catch_send2IR) referenced 2 times from serialctrl_handler.o(.data)
 <LI><a href="#[1e]">pkg_handler_catch_send2serial</a> from serialctrl_handler.o(i.pkg_handler_catch_send2serial) referenced 2 times from serialctrl_handler.o(.data)
 <LI><a href="#[20]">pkg_handler_catch_write2flash</a> from serialctrl_handler.o(i.pkg_handler_catch_write2flash) referenced 2 times from serialctrl_handler.o(.data)
 <LI><a href="#[26]">pkg_handler_chip_cleanAll</a> from serialctrl_handler.o(i.pkg_handler_chip_cleanAll) referenced 2 times from serialctrl_handler.o(.data)
 <LI><a href="#[15]">pkg_handler_handshake</a> from serialctrl_handler.o(i.pkg_handler_handshake) referenced 2 times from serialctrl_handler.o(.data)
 <LI><a href="#[1f]">pkg_handler_ircode_curient</a> from serialctrl_handler.o(i.pkg_handler_ircode_curient) referenced 2 times from serialctrl_handler.o(.data)
 <LI><a href="#[1b]">pkg_handler_ircode_read</a> from serialctrl_handler.o(i.pkg_handler_ircode_read) referenced 2 times from serialctrl_handler.o(.data)
 <LI><a href="#[1c]">pkg_handler_ircode_usage</a> from serialctrl_handler.o(i.pkg_handler_ircode_usage) referenced 2 times from serialctrl_handler.o(.data)
 <LI><a href="#[1a]">pkg_handler_ircode_write</a> from serialctrl_handler.o(i.pkg_handler_ircode_write) referenced 2 times from serialctrl_handler.o(.data)
 <LI><a href="#[24]">pkg_handler_irindex_getallindex</a> from serialctrl_handler.o(i.pkg_handler_irindex_getallindex) referenced 2 times from serialctrl_handler.o(.data)
 <LI><a href="#[17]">pkg_handler_irindex_getotal</a> from serialctrl_handler.o(i.pkg_handler_irindex_getotal) referenced 2 times from serialctrl_handler.o(.data)
 <LI><a href="#[18]">pkg_handler_irindex_read</a> from serialctrl_handler.o(i.pkg_handler_irindex_read) referenced 2 times from serialctrl_handler.o(.data)
 <LI><a href="#[19]">pkg_handler_irindex_remove</a> from serialctrl_handler.o(i.pkg_handler_irindex_remove) referenced 2 times from serialctrl_handler.o(.data)
 <LI><a href="#[25]">pkg_handler_irindex_rmallindex</a> from serialctrl_handler.o(i.pkg_handler_irindex_rmallindex) referenced 2 times from serialctrl_handler.o(.data)
 <LI><a href="#[21]">pkg_handler_irindex_setredy_stat</a> from serialctrl_handler.o(i.pkg_handler_irindex_setredy_stat) referenced 2 times from serialctrl_handler.o(.data)
 <LI><a href="#[16]">pkg_handler_irindex_write</a> from serialctrl_handler.o(i.pkg_handler_irindex_write) referenced 2 times from serialctrl_handler.o(.data)
 <LI><a href="#[4b]">rf_comm_task</a> from api_rf_comm.o(i.rf_comm_task) referenced from task_433communicate.o(i.Task_RF_Handler_Uninit)
 <LI><a href="#[4c]">rf_data_packet_num_reset_task</a> from api_rf_comm.o(i.rf_data_packet_num_reset_task) referenced from task_433communicate.o(i.Task_RF_Handler_Uninit)
 <LI><a href="#[4a]">rf_power_on_delay_report_task</a> from api_rf_comm.o(i.rf_power_on_delay_report_task) referenced from task_433communicate.o(i.Task_RF_Handler_Uninit)
 <LI><a href="#[4e]">rf_set_channel_num_invalid_task</a> from api_rf_comm.o(i.rf_set_channel_num_invalid_task) referenced from api_rf_comm.o(i.rf_receive_data_decode)
 <LI><a href="#[48]">work_control_task</a> from api_work_state.o(i.work_control_task) referenced from task_key.o(i.Task_Key_Handler_Uninit)
 <LI><a href="#[49]">work_even_task</a> from api_work_state.o(i.work_even_task) referenced from task_key.o(i.Task_Key_Handler_Uninit)
</UL>
<P>
<H3>
Global Symbols
</H3>
<P><STRONG><a name="[46]"></a>__main</STRONG> (Thumb, 0 bytes, Stack size unknown bytes, entry.o(.ARM.Collect$$$$00000000))
<BR>[Address Reference Count : 1]<UL><LI> startup_stm32g030xx.o(.text)
</UL>
<P><STRONG><a name="[15a]"></a>_main_stk</STRONG> (Thumb, 0 bytes, Stack size unknown bytes, entry2.o(.ARM.Collect$$$$00000001))

<P><STRONG><a name="[4f]"></a>_main_scatterload</STRONG> (Thumb, 0 bytes, Stack size unknown bytes, entry5.o(.ARM.Collect$$$$00000004))
<BR><BR>[Calls]<UL><LI><a href="#[50]">&gt;&gt;</a>&nbsp;&nbsp;&nbsp;__scatterload
</UL>

<P><STRONG><a name="[62]"></a>__main_after_scatterload</STRONG> (Thumb, 0 bytes, Stack size unknown bytes, entry5.o(.ARM.Collect$$$$00000004))
<BR><BR>[Called By]<UL><LI><a href="#[50]">&gt;&gt;</a>&nbsp;&nbsp;&nbsp;__scatterload
</UL>

<P><STRONG><a name="[15b]"></a>_main_clock</STRONG> (Thumb, 0 bytes, Stack size unknown bytes, entry7b.o(.ARM.Collect$$$$00000008))

<P><STRONG><a name="[15c]"></a>_main_cpp_init</STRONG> (Thumb, 0 bytes, Stack size unknown bytes, entry8b.o(.ARM.Collect$$$$0000000A))

<P><STRONG><a name="[15d]"></a>_main_init</STRONG> (Thumb, 0 bytes, Stack size unknown bytes, entry9a.o(.ARM.Collect$$$$0000000B))

<P><STRONG><a name="[51]"></a>__rt_lib_shutdown_fini</STRONG> (Thumb, 0 bytes, Stack size unknown bytes, entry12b.o(.ARM.Collect$$$$0000000E))
<BR><BR>[Calls]<UL><LI><a href="#[52]">&gt;&gt;</a>&nbsp;&nbsp;&nbsp;__arm_fini_ (Weak Reference)
</UL>

<P><STRONG><a name="[15e]"></a>__rt_final_cpp</STRONG> (Thumb, 0 bytes, Stack size unknown bytes, entry10a.o(.ARM.Collect$$$$0000000F))

<P><STRONG><a name="[15f]"></a>__rt_final_exit</STRONG> (Thumb, 0 bytes, Stack size unknown bytes, entry11a.o(.ARM.Collect$$$$00000011))

<P><STRONG><a name="[27]"></a>Reset_Handler</STRONG> (Thumb, 8 bytes, Stack size 0 bytes, startup_stm32g030xx.o(.text))
<BR>[Address Reference Count : 1]<UL><LI> startup_stm32g030xx.o(RESET)
</UL>
<P><STRONG><a name="[37]"></a>ADC1_IRQHandler</STRONG> (Thumb, 0 bytes, Stack size 0 bytes, startup_stm32g030xx.o(.text))
<BR><BR>[Calls]<UL><LI><a href="#[37]">&gt;&gt;</a>&nbsp;&nbsp;&nbsp;ADC1_IRQHandler
</UL>
<BR>[Called By]<UL><LI><a href="#[37]">&gt;&gt;</a>&nbsp;&nbsp;&nbsp;ADC1_IRQHandler
</UL>
<BR>[Address Reference Count : 1]<UL><LI> startup_stm32g030xx.o(RESET)
</UL>
<P><STRONG><a name="[31]"></a>EXTI0_1_IRQHandler</STRONG> (Thumb, 0 bytes, Stack size 0 bytes, startup_stm32g030xx.o(.text))
<BR>[Address Reference Count : 1]<UL><LI> startup_stm32g030xx.o(RESET)
</UL>
<P><STRONG><a name="[32]"></a>EXTI2_3_IRQHandler</STRONG> (Thumb, 0 bytes, Stack size 0 bytes, startup_stm32g030xx.o(.text))
<BR>[Address Reference Count : 1]<UL><LI> startup_stm32g030xx.o(RESET)
</UL>
<P><STRONG><a name="[2f]"></a>FLASH_IRQHandler</STRONG> (Thumb, 0 bytes, Stack size 0 bytes, startup_stm32g030xx.o(.text))
<BR>[Address Reference Count : 1]<UL><LI> startup_stm32g030xx.o(RESET)
</UL>
<P><STRONG><a name="[3e]"></a>I2C1_IRQHandler</STRONG> (Thumb, 0 bytes, Stack size 0 bytes, startup_stm32g030xx.o(.text))
<BR>[Address Reference Count : 1]<UL><LI> startup_stm32g030xx.o(RESET)
</UL>
<P><STRONG><a name="[3f]"></a>I2C2_IRQHandler</STRONG> (Thumb, 0 bytes, Stack size 0 bytes, startup_stm32g030xx.o(.text))
<BR>[Address Reference Count : 1]<UL><LI> startup_stm32g030xx.o(RESET)
</UL>
<P><STRONG><a name="[30]"></a>RCC_IRQHandler</STRONG> (Thumb, 0 bytes, Stack size 0 bytes, startup_stm32g030xx.o(.text))
<BR>[Address Reference Count : 1]<UL><LI> startup_stm32g030xx.o(RESET)
</UL>
<P><STRONG><a name="[2e]"></a>RTC_TAMP_IRQHandler</STRONG> (Thumb, 0 bytes, Stack size 0 bytes, startup_stm32g030xx.o(.text))
<BR>[Address Reference Count : 1]<UL><LI> startup_stm32g030xx.o(RESET)
</UL>
<P><STRONG><a name="[40]"></a>SPI1_IRQHandler</STRONG> (Thumb, 0 bytes, Stack size 0 bytes, startup_stm32g030xx.o(.text))
<BR>[Address Reference Count : 1]<UL><LI> startup_stm32g030xx.o(RESET)
</UL>
<P><STRONG><a name="[41]"></a>SPI2_IRQHandler</STRONG> (Thumb, 0 bytes, Stack size 0 bytes, startup_stm32g030xx.o(.text))
<BR>[Address Reference Count : 1]<UL><LI> startup_stm32g030xx.o(RESET)
</UL>
<P><STRONG><a name="[3c]"></a>TIM16_IRQHandler</STRONG> (Thumb, 0 bytes, Stack size 0 bytes, startup_stm32g030xx.o(.text))
<BR>[Address Reference Count : 1]<UL><LI> startup_stm32g030xx.o(RESET)
</UL>
<P><STRONG><a name="[3d]"></a>TIM17_IRQHandler</STRONG> (Thumb, 0 bytes, Stack size 0 bytes, startup_stm32g030xx.o(.text))
<BR>[Address Reference Count : 1]<UL><LI> startup_stm32g030xx.o(RESET)
</UL>
<P><STRONG><a name="[3a]"></a>TIM3_IRQHandler</STRONG> (Thumb, 0 bytes, Stack size 0 bytes, startup_stm32g030xx.o(.text))
<BR>[Address Reference Count : 1]<UL><LI> startup_stm32g030xx.o(RESET)
</UL>
<P><STRONG><a name="[42]"></a>USART1_IRQHandler</STRONG> (Thumb, 0 bytes, Stack size 0 bytes, startup_stm32g030xx.o(.text))
<BR>[Address Reference Count : 1]<UL><LI> startup_stm32g030xx.o(RESET)
</UL>
<P><STRONG><a name="[2d]"></a>WWDG_IRQHandler</STRONG> (Thumb, 0 bytes, Stack size 0 bytes, startup_stm32g030xx.o(.text))
<BR>[Address Reference Count : 1]<UL><LI> startup_stm32g030xx.o(RESET)
</UL>
<P><STRONG><a name="[160]"></a>__aeabi_uidiv</STRONG> (Thumb, 0 bytes, Stack size 12 bytes, uidiv.o(.text), UNUSED)

<P><STRONG><a name="[54]"></a>__aeabi_uidivmod</STRONG> (Thumb, 44 bytes, Stack size 12 bytes, uidiv.o(.text))
<BR><BR>[Stack]<UL><LI>Max Depth = 12<LI>Call Chain = __aeabi_uidivmod
</UL>
<BR>[Called By]<UL><LI><a href="#[c0]">&gt;&gt;</a>&nbsp;&nbsp;&nbsp;LL_USART_Init
<LI><a href="#[126]">&gt;&gt;</a>&nbsp;&nbsp;&nbsp;mx_tim3_pwm_duty
<LI><a href="#[b3]">&gt;&gt;</a>&nbsp;&nbsp;&nbsp;LL_Init1msTick
<LI><a href="#[e4]">&gt;&gt;</a>&nbsp;&nbsp;&nbsp;RCC_PLL_GetFreqDomain_SYS
<LI><a href="#[b5]">&gt;&gt;</a>&nbsp;&nbsp;&nbsp;RCC_GetSystemClockFreq
<LI><a href="#[11c]">&gt;&gt;</a>&nbsp;&nbsp;&nbsp;ircode_emit_addcode
<LI><a href="#[53]">&gt;&gt;</a>&nbsp;&nbsp;&nbsp;__aeabi_idivmod
<LI><a href="#[1b]">&gt;&gt;</a>&nbsp;&nbsp;&nbsp;pkg_handler_ircode_read
<LI><a href="#[11a]">&gt;&gt;</a>&nbsp;&nbsp;&nbsp;ircode_catch_send
</UL>

<P><STRONG><a name="[161]"></a>__aeabi_idiv</STRONG> (Thumb, 0 bytes, Stack size 16 bytes, idiv.o(.text), UNUSED)

<P><STRONG><a name="[53]"></a>__aeabi_idivmod</STRONG> (Thumb, 40 bytes, Stack size 16 bytes, idiv.o(.text))
<BR><BR>[Stack]<UL><LI>Max Depth = 28<LI>Call Chain = __aeabi_idivmod &rArr; __aeabi_uidivmod
</UL>
<BR>[Calls]<UL><LI><a href="#[54]">&gt;&gt;</a>&nbsp;&nbsp;&nbsp;__aeabi_uidivmod
</UL>
<BR>[Called By]<UL><LI><a href="#[158]">&gt;&gt;</a>&nbsp;&nbsp;&nbsp;sha3_keccakf
</UL>

<P><STRONG><a name="[55]"></a>__aeabi_uldivmod</STRONG> (Thumb, 96 bytes, Stack size 48 bytes, uldiv.o(.text))
<BR><BR>[Stack]<UL><LI>Max Depth = 56<LI>Call Chain = __aeabi_uldivmod &rArr; __aeabi_llsr
</UL>
<BR>[Calls]<UL><LI><a href="#[56]">&gt;&gt;</a>&nbsp;&nbsp;&nbsp;__aeabi_llsr
<LI><a href="#[57]">&gt;&gt;</a>&nbsp;&nbsp;&nbsp;__aeabi_llsl
</UL>
<BR>[Called By]<UL><LI><a href="#[4b]">&gt;&gt;</a>&nbsp;&nbsp;&nbsp;rf_comm_task
</UL>

<P><STRONG><a name="[57]"></a>__aeabi_llsl</STRONG> (Thumb, 32 bytes, Stack size 8 bytes, llshl.o(.text))
<BR><BR>[Stack]<UL><LI>Max Depth = 8<LI>Call Chain = __aeabi_llsl
</UL>
<BR>[Called By]<UL><LI><a href="#[158]">&gt;&gt;</a>&nbsp;&nbsp;&nbsp;sha3_keccakf
<LI><a href="#[55]">&gt;&gt;</a>&nbsp;&nbsp;&nbsp;__aeabi_uldivmod
</UL>

<P><STRONG><a name="[162]"></a>_ll_shift_l</STRONG> (Thumb, 0 bytes, Stack size 8 bytes, llshl.o(.text), UNUSED)

<P><STRONG><a name="[56]"></a>__aeabi_llsr</STRONG> (Thumb, 34 bytes, Stack size 8 bytes, llushr.o(.text))
<BR><BR>[Stack]<UL><LI>Max Depth = 8<LI>Call Chain = __aeabi_llsr
</UL>
<BR>[Called By]<UL><LI><a href="#[12c]">&gt;&gt;</a>&nbsp;&nbsp;&nbsp;mmc_ircode_addr_flash
<LI><a href="#[158]">&gt;&gt;</a>&nbsp;&nbsp;&nbsp;sha3_keccakf
<LI><a href="#[55]">&gt;&gt;</a>&nbsp;&nbsp;&nbsp;__aeabi_uldivmod
<LI><a href="#[12f]">&gt;&gt;</a>&nbsp;&nbsp;&nbsp;memopt_index_write
<LI><a href="#[12e]">&gt;&gt;</a>&nbsp;&nbsp;&nbsp;memopt_index_remove
<LI><a href="#[16]">&gt;&gt;</a>&nbsp;&nbsp;&nbsp;pkg_handler_irindex_write
<LI><a href="#[17]">&gt;&gt;</a>&nbsp;&nbsp;&nbsp;pkg_handler_irindex_getotal
<LI><a href="#[1a]">&gt;&gt;</a>&nbsp;&nbsp;&nbsp;pkg_handler_ircode_write
<LI><a href="#[1c]">&gt;&gt;</a>&nbsp;&nbsp;&nbsp;pkg_handler_ircode_usage
</UL>

<P><STRONG><a name="[163]"></a>_ll_ushift_r</STRONG> (Thumb, 0 bytes, Stack size 8 bytes, llushr.o(.text), UNUSED)

<P><STRONG><a name="[92]"></a>__aeabi_memcpy</STRONG> (Thumb, 36 bytes, Stack size 0 bytes, memcpya.o(.text))
<BR><BR>[Called By]<UL><LI><a href="#[94]">&gt;&gt;</a>&nbsp;&nbsp;&nbsp;queue_en
<LI><a href="#[33]">&gt;&gt;</a>&nbsp;&nbsp;&nbsp;EXTI4_15_IRQHandler
<LI><a href="#[12b]">&gt;&gt;</a>&nbsp;&nbsp;&nbsp;memopt_index_init
<LI><a href="#[124]">&gt;&gt;</a>&nbsp;&nbsp;&nbsp;ircode_emit_inarray
<LI><a href="#[10b]">&gt;&gt;</a>&nbsp;&nbsp;&nbsp;flash_write
<LI><a href="#[145]">&gt;&gt;</a>&nbsp;&nbsp;&nbsp;queue_de
<LI><a href="#[11c]">&gt;&gt;</a>&nbsp;&nbsp;&nbsp;ircode_emit_addcode
<LI><a href="#[14e]">&gt;&gt;</a>&nbsp;&nbsp;&nbsp;rf_report_version
<LI><a href="#[12e]">&gt;&gt;</a>&nbsp;&nbsp;&nbsp;memopt_index_remove
<LI><a href="#[154]">&gt;&gt;</a>&nbsp;&nbsp;&nbsp;serial_depkg
<LI><a href="#[16]">&gt;&gt;</a>&nbsp;&nbsp;&nbsp;pkg_handler_irindex_write
<LI><a href="#[1a]">&gt;&gt;</a>&nbsp;&nbsp;&nbsp;pkg_handler_ircode_write
<LI><a href="#[1b]">&gt;&gt;</a>&nbsp;&nbsp;&nbsp;pkg_handler_ircode_read
<LI><a href="#[20]">&gt;&gt;</a>&nbsp;&nbsp;&nbsp;pkg_handler_catch_write2flash
<LI><a href="#[11d]">&gt;&gt;</a>&nbsp;&nbsp;&nbsp;memopt_index_read
<LI><a href="#[11b]">&gt;&gt;</a>&nbsp;&nbsp;&nbsp;serial_inpkg
<LI><a href="#[11a]">&gt;&gt;</a>&nbsp;&nbsp;&nbsp;ircode_catch_send
</UL>

<P><STRONG><a name="[110]"></a>__aeabi_memcpy4</STRONG> (Thumb, 0 bytes, Stack size 0 bytes, memcpya.o(.text))
<BR><BR>[Called By]<UL><LI><a href="#[10f]">&gt;&gt;</a>&nbsp;&nbsp;&nbsp;gen_link_get
<LI><a href="#[158]">&gt;&gt;</a>&nbsp;&nbsp;&nbsp;sha3_keccakf
<LI><a href="#[12f]">&gt;&gt;</a>&nbsp;&nbsp;&nbsp;memopt_index_write
<LI><a href="#[11d]">&gt;&gt;</a>&nbsp;&nbsp;&nbsp;memopt_index_read
</UL>

<P><STRONG><a name="[164]"></a>__aeabi_memcpy8</STRONG> (Thumb, 0 bytes, Stack size 0 bytes, memcpya.o(.text), UNUSED)

<P><STRONG><a name="[59]"></a>__aeabi_memset</STRONG> (Thumb, 14 bytes, Stack size 0 bytes, memseta.o(.text))
<BR><BR>[Called By]<UL><LI><a href="#[5a]">&gt;&gt;</a>&nbsp;&nbsp;&nbsp;_memset$wrapper
<LI><a href="#[58]">&gt;&gt;</a>&nbsp;&nbsp;&nbsp;__aeabi_memclr
<LI><a href="#[12e]">&gt;&gt;</a>&nbsp;&nbsp;&nbsp;memopt_index_remove
<LI><a href="#[12d]">&gt;&gt;</a>&nbsp;&nbsp;&nbsp;memopt_index_mask_remove
<LI><a href="#[16]">&gt;&gt;</a>&nbsp;&nbsp;&nbsp;pkg_handler_irindex_write
<LI><a href="#[1a]">&gt;&gt;</a>&nbsp;&nbsp;&nbsp;pkg_handler_ircode_write
<LI><a href="#[1b]">&gt;&gt;</a>&nbsp;&nbsp;&nbsp;pkg_handler_ircode_read
<LI><a href="#[20]">&gt;&gt;</a>&nbsp;&nbsp;&nbsp;pkg_handler_catch_write2flash
</UL>

<P><STRONG><a name="[165]"></a>__aeabi_memset4</STRONG> (Thumb, 0 bytes, Stack size 0 bytes, memseta.o(.text), UNUSED)

<P><STRONG><a name="[166]"></a>__aeabi_memset8</STRONG> (Thumb, 0 bytes, Stack size 0 bytes, memseta.o(.text), UNUSED)

<P><STRONG><a name="[58]"></a>__aeabi_memclr</STRONG> (Thumb, 4 bytes, Stack size 0 bytes, memseta.o(.text))
<BR><BR>[Calls]<UL><LI><a href="#[59]">&gt;&gt;</a>&nbsp;&nbsp;&nbsp;__aeabi_memset
</UL>
<BR>[Called By]<UL><LI><a href="#[f5]">&gt;&gt;</a>&nbsp;&nbsp;&nbsp;hal_control_uart2_interrupt
<LI><a href="#[10b]">&gt;&gt;</a>&nbsp;&nbsp;&nbsp;flash_write
<LI><a href="#[105]">&gt;&gt;</a>&nbsp;&nbsp;&nbsp;flash_fread
<LI><a href="#[f4]">&gt;&gt;</a>&nbsp;&nbsp;&nbsp;serial_msg_handler
<LI><a href="#[117]">&gt;&gt;</a>&nbsp;&nbsp;&nbsp;ircode_catch_init_data
</UL>

<P><STRONG><a name="[c5]"></a>__aeabi_memclr4</STRONG> (Thumb, 0 bytes, Stack size 0 bytes, memseta.o(.text))
<BR><BR>[Called By]<UL><LI><a href="#[db]">&gt;&gt;</a>&nbsp;&nbsp;&nbsp;MX_USART2_UART_Init
<LI><a href="#[da]">&gt;&gt;</a>&nbsp;&nbsp;&nbsp;MX_TIM3_Init
<LI><a href="#[d8]">&gt;&gt;</a>&nbsp;&nbsp;&nbsp;MX_TIM1_Init
<LI><a href="#[d3]">&gt;&gt;</a>&nbsp;&nbsp;&nbsp;MX_TIM14_Init
<LI><a href="#[c9]">&gt;&gt;</a>&nbsp;&nbsp;&nbsp;MX_SPI1_Init
<LI><a href="#[c4]">&gt;&gt;</a>&nbsp;&nbsp;&nbsp;MX_GPIO_Init
<LI><a href="#[14e]">&gt;&gt;</a>&nbsp;&nbsp;&nbsp;rf_report_version
<LI><a href="#[e7]">&gt;&gt;</a>&nbsp;&nbsp;&nbsp;ResetIOMode_Out
<LI><a href="#[86]">&gt;&gt;</a>&nbsp;&nbsp;&nbsp;ResetIOMode_In
<LI><a href="#[ee]">&gt;&gt;</a>&nbsp;&nbsp;&nbsp;Task_COM_InitSubFuncInfoStruct
<LI><a href="#[18]">&gt;&gt;</a>&nbsp;&nbsp;&nbsp;pkg_handler_irindex_read
<LI><a href="#[24]">&gt;&gt;</a>&nbsp;&nbsp;&nbsp;pkg_handler_irindex_getallindex
<LI><a href="#[1b]">&gt;&gt;</a>&nbsp;&nbsp;&nbsp;pkg_handler_ircode_read
</UL>

<P><STRONG><a name="[167]"></a>__aeabi_memclr8</STRONG> (Thumb, 0 bytes, Stack size 0 bytes, memseta.o(.text), UNUSED)

<P><STRONG><a name="[5a]"></a>_memset$wrapper</STRONG> (Thumb, 18 bytes, Stack size 8 bytes, memseta.o(.text), UNUSED)
<BR><BR>[Calls]<UL><LI><a href="#[59]">&gt;&gt;</a>&nbsp;&nbsp;&nbsp;__aeabi_memset
</UL>

<P><STRONG><a name="[152]"></a>strcat</STRONG> (Thumb, 24 bytes, Stack size 0 bytes, strcat.o(.text))
<BR><BR>[Called By]<UL><LI><a href="#[14e]">&gt;&gt;</a>&nbsp;&nbsp;&nbsp;rf_report_version
</UL>

<P><STRONG><a name="[153]"></a>strlen</STRONG> (Thumb, 14 bytes, Stack size 0 bytes, strlen.o(.text))
<BR><BR>[Called By]<UL><LI><a href="#[14e]">&gt;&gt;</a>&nbsp;&nbsp;&nbsp;rf_report_version
</UL>

<P><STRONG><a name="[137]"></a>strcmp</STRONG> (Thumb, 28 bytes, Stack size 8 bytes, strcmp.o(.text))
<BR><BR>[Stack]<UL><LI>Max Depth = 8<LI>Call Chain = strcmp
</UL>
<BR>[Called By]<UL><LI><a href="#[136]">&gt;&gt;</a>&nbsp;&nbsp;&nbsp;memory_get_date_and_time
</UL>

<P><STRONG><a name="[11e]"></a>memcmp</STRONG> (Thumb, 26 bytes, Stack size 12 bytes, memcmp.o(.text))
<BR><BR>[Stack]<UL><LI>Max Depth = 12<LI>Call Chain = memcmp
</UL>
<BR>[Called By]<UL><LI><a href="#[11c]">&gt;&gt;</a>&nbsp;&nbsp;&nbsp;ircode_emit_addcode
<LI><a href="#[f4]">&gt;&gt;</a>&nbsp;&nbsp;&nbsp;serial_msg_handler
<LI><a href="#[12f]">&gt;&gt;</a>&nbsp;&nbsp;&nbsp;memopt_index_write
<LI><a href="#[16]">&gt;&gt;</a>&nbsp;&nbsp;&nbsp;pkg_handler_irindex_write
<LI><a href="#[25]">&gt;&gt;</a>&nbsp;&nbsp;&nbsp;pkg_handler_irindex_rmallindex
<LI><a href="#[19]">&gt;&gt;</a>&nbsp;&nbsp;&nbsp;pkg_handler_irindex_remove
<LI><a href="#[1a]">&gt;&gt;</a>&nbsp;&nbsp;&nbsp;pkg_handler_ircode_write
<LI><a href="#[26]">&gt;&gt;</a>&nbsp;&nbsp;&nbsp;pkg_handler_chip_cleanAll
<LI><a href="#[20]">&gt;&gt;</a>&nbsp;&nbsp;&nbsp;pkg_handler_catch_write2flash
</UL>

<P><STRONG><a name="[5b]"></a>calloc</STRONG> (Thumb, 28 bytes, Stack size 8 bytes, calloc.o(.text))
<BR><BR>[Stack]<UL><LI>Max Depth = 28<LI>Call Chain = calloc &rArr; malloc
</UL>
<BR>[Calls]<UL><LI><a href="#[5c]">&gt;&gt;</a>&nbsp;&nbsp;&nbsp;malloc
</UL>
<BR>[Called By]<UL><LI><a href="#[94]">&gt;&gt;</a>&nbsp;&nbsp;&nbsp;queue_en
<LI><a href="#[76]">&gt;&gt;</a>&nbsp;&nbsp;&nbsp;queue_init
</UL>

<P><STRONG><a name="[5d]"></a>atoi</STRONG> (Thumb, 26 bytes, Stack size 16 bytes, atoi.o(.text))
<BR><BR>[Stack]<UL><LI>Max Depth = 88<LI>Call Chain = atoi &rArr; strtol &rArr; _strtoul
</UL>
<BR>[Calls]<UL><LI><a href="#[5f]">&gt;&gt;</a>&nbsp;&nbsp;&nbsp;strtol
<LI><a href="#[5e]">&gt;&gt;</a>&nbsp;&nbsp;&nbsp;__aeabi_errno_addr
</UL>
<BR>[Called By]<UL><LI><a href="#[136]">&gt;&gt;</a>&nbsp;&nbsp;&nbsp;memory_get_date_and_time
</UL>

<P><STRONG><a name="[5f]"></a>strtol</STRONG> (Thumb, 108 bytes, Stack size 32 bytes, strtol.o(.text))
<BR><BR>[Stack]<UL><LI>Max Depth = 72<LI>Call Chain = strtol &rArr; _strtoul
</UL>
<BR>[Calls]<UL><LI><a href="#[61]">&gt;&gt;</a>&nbsp;&nbsp;&nbsp;_strtoul
<LI><a href="#[60]">&gt;&gt;</a>&nbsp;&nbsp;&nbsp;__rt_ctype_table
<LI><a href="#[5e]">&gt;&gt;</a>&nbsp;&nbsp;&nbsp;__aeabi_errno_addr
</UL>
<BR>[Called By]<UL><LI><a href="#[5d]">&gt;&gt;</a>&nbsp;&nbsp;&nbsp;atoi
</UL>

<P><STRONG><a name="[50]"></a>__scatterload</STRONG> (Thumb, 28 bytes, Stack size 0 bytes, init.o(.text))
<BR><BR>[Calls]<UL><LI><a href="#[62]">&gt;&gt;</a>&nbsp;&nbsp;&nbsp;__main_after_scatterload
</UL>
<BR>[Called By]<UL><LI><a href="#[4f]">&gt;&gt;</a>&nbsp;&nbsp;&nbsp;_main_scatterload
</UL>

<P><STRONG><a name="[168]"></a>__scatterload_rt2</STRONG> (Thumb, 0 bytes, Stack size 0 bytes, init.o(.text), UNUSED)

<P><STRONG><a name="[60]"></a>__rt_ctype_table</STRONG> (Thumb, 4 bytes, Stack size 0 bytes, ctype_o.o(.text))
<BR><BR>[Called By]<UL><LI><a href="#[5f]">&gt;&gt;</a>&nbsp;&nbsp;&nbsp;strtol
</UL>

<P><STRONG><a name="[61]"></a>_strtoul</STRONG> (Thumb, 166 bytes, Stack size 40 bytes, _strtoul.o(.text))
<BR><BR>[Stack]<UL><LI>Max Depth = 40<LI>Call Chain = _strtoul
</UL>
<BR>[Calls]<UL><LI><a href="#[63]">&gt;&gt;</a>&nbsp;&nbsp;&nbsp;_chval
<LI><a href="#[5e]">&gt;&gt;</a>&nbsp;&nbsp;&nbsp;__aeabi_errno_addr
</UL>
<BR>[Called By]<UL><LI><a href="#[5f]">&gt;&gt;</a>&nbsp;&nbsp;&nbsp;strtol
</UL>

<P><STRONG><a name="[63]"></a>_chval</STRONG> (Thumb, 30 bytes, Stack size 0 bytes, _chval.o(.text))
<BR><BR>[Called By]<UL><LI><a href="#[61]">&gt;&gt;</a>&nbsp;&nbsp;&nbsp;_strtoul
</UL>

<P><STRONG><a name="[169]"></a>__decompress</STRONG> (Thumb, 0 bytes, Stack size unknown bytes, __dczerorl2.o(.text), UNUSED)

<P><STRONG><a name="[16a]"></a>__decompress1</STRONG> (Thumb, 86 bytes, Stack size unknown bytes, __dczerorl2.o(.text), UNUSED)

<P><STRONG><a name="[64]"></a>Add_SubIREmitTask</STRONG> (Thumb, 14 bytes, Stack size 8 bytes, task_iremit.o(i.Add_SubIREmitTask))
<BR><BR>[Stack]<UL><LI>Max Depth = 24<LI>Call Chain = Add_SubIREmitTask &rArr; Task_COM_AddCycFunc
</UL>
<BR>[Calls]<UL><LI><a href="#[65]">&gt;&gt;</a>&nbsp;&nbsp;&nbsp;Task_COM_AddCycFunc
</UL>
<BR>[Called By]<UL><LI><a href="#[120]">&gt;&gt;</a>&nbsp;&nbsp;&nbsp;ircode_emit_start
</UL>

<P><STRONG><a name="[66]"></a>CMT2300A_AutoSwitchStatus</STRONG> (Thumb, 154 bytes, Stack size 24 bytes, cmt2300a.o(i.CMT2300A_AutoSwitchStatus))
<BR><BR>[Stack]<UL><LI>Max Depth = 132<LI>Call Chain = CMT2300A_AutoSwitchStatus &rArr; CMT2300A_GetChipStatus &rArr; CMT2300A_ReadReg &rArr; cmt_spi3_read &rArr; ResetIOMode_Out &rArr; LL_GPIO_Init
</UL>
<BR>[Calls]<UL><LI><a href="#[68]">&gt;&gt;</a>&nbsp;&nbsp;&nbsp;system_delay_us
<LI><a href="#[67]">&gt;&gt;</a>&nbsp;&nbsp;&nbsp;CMT2300A_WriteReg
<LI><a href="#[6a]">&gt;&gt;</a>&nbsp;&nbsp;&nbsp;CMT2300A_ReadReg
<LI><a href="#[69]">&gt;&gt;</a>&nbsp;&nbsp;&nbsp;CMT2300A_GetChipStatus
</UL>
<BR>[Called By]<UL><LI><a href="#[81]">&gt;&gt;</a>&nbsp;&nbsp;&nbsp;CMT2300A_GoTx
<LI><a href="#[7d]">&gt;&gt;</a>&nbsp;&nbsp;&nbsp;CMT2300A_GoStby
<LI><a href="#[80]">&gt;&gt;</a>&nbsp;&nbsp;&nbsp;CMT2300A_GoSleep
<LI><a href="#[7f]">&gt;&gt;</a>&nbsp;&nbsp;&nbsp;CMT2300A_GoRx
</UL>

<P><STRONG><a name="[6b]"></a>CMT2300A_ClearInterruptFlags</STRONG> (Thumb, 182 bytes, Stack size 24 bytes, cmt2300a.o(i.CMT2300A_ClearInterruptFlags))
<BR><BR>[Stack]<UL><LI>Max Depth = 124<LI>Call Chain = CMT2300A_ClearInterruptFlags &rArr; CMT2300A_WriteReg &rArr; cmt_spi3_write &rArr; ResetIOMode_Out &rArr; LL_GPIO_Init
</UL>
<BR>[Calls]<UL><LI><a href="#[67]">&gt;&gt;</a>&nbsp;&nbsp;&nbsp;CMT2300A_WriteReg
<LI><a href="#[6a]">&gt;&gt;</a>&nbsp;&nbsp;&nbsp;CMT2300A_ReadReg
</UL>
<BR>[Called By]<UL><LI><a href="#[33]">&gt;&gt;</a>&nbsp;&nbsp;&nbsp;EXTI4_15_IRQHandler
<LI><a href="#[e5]">&gt;&gt;</a>&nbsp;&nbsp;&nbsp;RFSendPacket
<LI><a href="#[75]">&gt;&gt;</a>&nbsp;&nbsp;&nbsp;CMT2300A_Go2RXMode
<LI><a href="#[82]">&gt;&gt;</a>&nbsp;&nbsp;&nbsp;CMT2300A_Init
</UL>

<P><STRONG><a name="[6c]"></a>CMT2300A_ClearRxFifo</STRONG> (Thumb, 22 bytes, Stack size 8 bytes, cmt2300a.o(i.CMT2300A_ClearRxFifo))
<BR><BR>[Stack]<UL><LI>Max Depth = 108<LI>Call Chain = CMT2300A_ClearRxFifo &rArr; CMT2300A_WriteReg &rArr; cmt_spi3_write &rArr; ResetIOMode_Out &rArr; LL_GPIO_Init
</UL>
<BR>[Calls]<UL><LI><a href="#[67]">&gt;&gt;</a>&nbsp;&nbsp;&nbsp;CMT2300A_WriteReg
<LI><a href="#[6a]">&gt;&gt;</a>&nbsp;&nbsp;&nbsp;CMT2300A_ReadReg
</UL>
<BR>[Called By]<UL><LI><a href="#[33]">&gt;&gt;</a>&nbsp;&nbsp;&nbsp;EXTI4_15_IRQHandler
<LI><a href="#[e5]">&gt;&gt;</a>&nbsp;&nbsp;&nbsp;RFSendPacket
<LI><a href="#[75]">&gt;&gt;</a>&nbsp;&nbsp;&nbsp;CMT2300A_Go2RXMode
</UL>

<P><STRONG><a name="[6d]"></a>CMT2300A_ClearTxFifo</STRONG> (Thumb, 22 bytes, Stack size 8 bytes, cmt2300a.o(i.CMT2300A_ClearTxFifo))
<BR><BR>[Stack]<UL><LI>Max Depth = 108<LI>Call Chain = CMT2300A_ClearTxFifo &rArr; CMT2300A_WriteReg &rArr; cmt_spi3_write &rArr; ResetIOMode_Out &rArr; LL_GPIO_Init
</UL>
<BR>[Calls]<UL><LI><a href="#[67]">&gt;&gt;</a>&nbsp;&nbsp;&nbsp;CMT2300A_WriteReg
<LI><a href="#[6a]">&gt;&gt;</a>&nbsp;&nbsp;&nbsp;CMT2300A_ReadReg
</UL>
<BR>[Called By]<UL><LI><a href="#[e5]">&gt;&gt;</a>&nbsp;&nbsp;&nbsp;RFSendPacket
</UL>

<P><STRONG><a name="[6e]"></a>CMT2300A_ConfigGpio</STRONG> (Thumb, 12 bytes, Stack size 8 bytes, cmt2300a.o(i.CMT2300A_ConfigGpio))
<BR><BR>[Stack]<UL><LI>Max Depth = 108<LI>Call Chain = CMT2300A_ConfigGpio &rArr; CMT2300A_WriteReg &rArr; cmt_spi3_write &rArr; ResetIOMode_Out &rArr; LL_GPIO_Init
</UL>
<BR>[Calls]<UL><LI><a href="#[67]">&gt;&gt;</a>&nbsp;&nbsp;&nbsp;CMT2300A_WriteReg
</UL>
<BR>[Called By]<UL><LI><a href="#[e6]">&gt;&gt;</a>&nbsp;&nbsp;&nbsp;RF_Config
</UL>

<P><STRONG><a name="[6f]"></a>CMT2300A_ConfigInterrupt</STRONG> (Thumb, 50 bytes, Stack size 16 bytes, cmt2300a.o(i.CMT2300A_ConfigInterrupt))
<BR><BR>[Stack]<UL><LI>Max Depth = 116<LI>Call Chain = CMT2300A_ConfigInterrupt &rArr; CMT2300A_WriteReg &rArr; cmt_spi3_write &rArr; ResetIOMode_Out &rArr; LL_GPIO_Init
</UL>
<BR>[Calls]<UL><LI><a href="#[67]">&gt;&gt;</a>&nbsp;&nbsp;&nbsp;CMT2300A_WriteReg
<LI><a href="#[6a]">&gt;&gt;</a>&nbsp;&nbsp;&nbsp;CMT2300A_ReadReg
</UL>
<BR>[Called By]<UL><LI><a href="#[e6]">&gt;&gt;</a>&nbsp;&nbsp;&nbsp;RF_Config
</UL>

<P><STRONG><a name="[70]"></a>CMT2300A_ConfigRegBank</STRONG> (Thumb, 34 bytes, Stack size 24 bytes, cmt2300a.o(i.CMT2300A_ConfigRegBank))
<BR><BR>[Stack]<UL><LI>Max Depth = 124<LI>Call Chain = CMT2300A_ConfigRegBank &rArr; CMT2300A_WriteReg &rArr; cmt_spi3_write &rArr; ResetIOMode_Out &rArr; LL_GPIO_Init
</UL>
<BR>[Calls]<UL><LI><a href="#[67]">&gt;&gt;</a>&nbsp;&nbsp;&nbsp;CMT2300A_WriteReg
</UL>
<BR>[Called By]<UL><LI><a href="#[72]">&gt;&gt;</a>&nbsp;&nbsp;&nbsp;RF_Init
</UL>

<P><STRONG><a name="[71]"></a>CMT2300A_Device_Init</STRONG> (Thumb, 42 bytes, Stack size 8 bytes, radio.o(i.CMT2300A_Device_Init))
<BR><BR>[Stack]<UL><LI>Max Depth = 164<LI>Call Chain = CMT2300A_Device_Init &rArr; RF_Init &rArr; RF_Config &rArr; CMT2300A_GoSleep &rArr; CMT2300A_AutoSwitchStatus &rArr; CMT2300A_GetChipStatus &rArr; CMT2300A_ReadReg &rArr; cmt_spi3_read &rArr; ResetIOMode_Out &rArr; LL_GPIO_Init
</UL>
<BR>[Calls]<UL><LI><a href="#[75]">&gt;&gt;</a>&nbsp;&nbsp;&nbsp;CMT2300A_Go2RXMode
<LI><a href="#[74]">&gt;&gt;</a>&nbsp;&nbsp;&nbsp;CMT2300A_SetFrequencyStep
<LI><a href="#[73]">&gt;&gt;</a>&nbsp;&nbsp;&nbsp;CMT2300A_IsExist
<LI><a href="#[76]">&gt;&gt;</a>&nbsp;&nbsp;&nbsp;queue_init
<LI><a href="#[72]">&gt;&gt;</a>&nbsp;&nbsp;&nbsp;RF_Init
</UL>
<BR>[Called By]<UL><LI><a href="#[6]">&gt;&gt;</a>&nbsp;&nbsp;&nbsp;Task_RF_Handler_Uninit
</UL>

<P><STRONG><a name="[77]"></a>CMT2300A_Device_ReInit</STRONG> (Thumb, 32 bytes, Stack size 8 bytes, radio.o(i.CMT2300A_Device_ReInit))
<BR><BR>[Stack]<UL><LI>Max Depth = 164<LI>Call Chain = CMT2300A_Device_ReInit &rArr; RF_Init &rArr; RF_Config &rArr; CMT2300A_GoSleep &rArr; CMT2300A_AutoSwitchStatus &rArr; CMT2300A_GetChipStatus &rArr; CMT2300A_ReadReg &rArr; cmt_spi3_read &rArr; ResetIOMode_Out &rArr; LL_GPIO_Init
</UL>
<BR>[Calls]<UL><LI><a href="#[78]">&gt;&gt;</a>&nbsp;&nbsp;&nbsp;CMT2300A_SetFrequencyChannel
<LI><a href="#[74]">&gt;&gt;</a>&nbsp;&nbsp;&nbsp;CMT2300A_SetFrequencyStep
<LI><a href="#[73]">&gt;&gt;</a>&nbsp;&nbsp;&nbsp;CMT2300A_IsExist
<LI><a href="#[72]">&gt;&gt;</a>&nbsp;&nbsp;&nbsp;RF_Init
</UL>
<BR>[Called By]<UL><LI><a href="#[e5]">&gt;&gt;</a>&nbsp;&nbsp;&nbsp;RFSendPacket
</UL>

<P><STRONG><a name="[79]"></a>CMT2300A_EnableInterrupt</STRONG> (Thumb, 12 bytes, Stack size 8 bytes, cmt2300a.o(i.CMT2300A_EnableInterrupt))
<BR><BR>[Stack]<UL><LI>Max Depth = 108<LI>Call Chain = CMT2300A_EnableInterrupt &rArr; CMT2300A_WriteReg &rArr; cmt_spi3_write &rArr; ResetIOMode_Out &rArr; LL_GPIO_Init
</UL>
<BR>[Calls]<UL><LI><a href="#[67]">&gt;&gt;</a>&nbsp;&nbsp;&nbsp;CMT2300A_WriteReg
</UL>
<BR>[Called By]<UL><LI><a href="#[e6]">&gt;&gt;</a>&nbsp;&nbsp;&nbsp;RF_Config
</UL>

<P><STRONG><a name="[7a]"></a>CMT2300A_EnableLfosc</STRONG> (Thumb, 48 bytes, Stack size 8 bytes, cmt2300a.o(i.CMT2300A_EnableLfosc))
<BR><BR>[Stack]<UL><LI>Max Depth = 108<LI>Call Chain = CMT2300A_EnableLfosc &rArr; CMT2300A_WriteReg &rArr; cmt_spi3_write &rArr; ResetIOMode_Out &rArr; LL_GPIO_Init
</UL>
<BR>[Calls]<UL><LI><a href="#[67]">&gt;&gt;</a>&nbsp;&nbsp;&nbsp;CMT2300A_WriteReg
<LI><a href="#[6a]">&gt;&gt;</a>&nbsp;&nbsp;&nbsp;CMT2300A_ReadReg
</UL>
<BR>[Called By]<UL><LI><a href="#[e6]">&gt;&gt;</a>&nbsp;&nbsp;&nbsp;RF_Config
<LI><a href="#[82]">&gt;&gt;</a>&nbsp;&nbsp;&nbsp;CMT2300A_Init
</UL>

<P><STRONG><a name="[7b]"></a>CMT2300A_EnableReadFifo</STRONG> (Thumb, 24 bytes, Stack size 8 bytes, cmt2300a.o(i.CMT2300A_EnableReadFifo))
<BR><BR>[Stack]<UL><LI>Max Depth = 108<LI>Call Chain = CMT2300A_EnableReadFifo &rArr; CMT2300A_WriteReg &rArr; cmt_spi3_write &rArr; ResetIOMode_Out &rArr; LL_GPIO_Init
</UL>
<BR>[Calls]<UL><LI><a href="#[67]">&gt;&gt;</a>&nbsp;&nbsp;&nbsp;CMT2300A_WriteReg
<LI><a href="#[6a]">&gt;&gt;</a>&nbsp;&nbsp;&nbsp;CMT2300A_ReadReg
</UL>
<BR>[Called By]<UL><LI><a href="#[75]">&gt;&gt;</a>&nbsp;&nbsp;&nbsp;CMT2300A_Go2RXMode
</UL>

<P><STRONG><a name="[7c]"></a>CMT2300A_EnableWriteFifo</STRONG> (Thumb, 24 bytes, Stack size 8 bytes, cmt2300a.o(i.CMT2300A_EnableWriteFifo))
<BR><BR>[Stack]<UL><LI>Max Depth = 108<LI>Call Chain = CMT2300A_EnableWriteFifo &rArr; CMT2300A_WriteReg &rArr; cmt_spi3_write &rArr; ResetIOMode_Out &rArr; LL_GPIO_Init
</UL>
<BR>[Calls]<UL><LI><a href="#[67]">&gt;&gt;</a>&nbsp;&nbsp;&nbsp;CMT2300A_WriteReg
<LI><a href="#[6a]">&gt;&gt;</a>&nbsp;&nbsp;&nbsp;CMT2300A_ReadReg
</UL>
<BR>[Called By]<UL><LI><a href="#[e5]">&gt;&gt;</a>&nbsp;&nbsp;&nbsp;RFSendPacket
</UL>

<P><STRONG><a name="[69]"></a>CMT2300A_GetChipStatus</STRONG> (Thumb, 14 bytes, Stack size 8 bytes, cmt2300a.o(i.CMT2300A_GetChipStatus))
<BR><BR>[Stack]<UL><LI>Max Depth = 108<LI>Call Chain = CMT2300A_GetChipStatus &rArr; CMT2300A_ReadReg &rArr; cmt_spi3_read &rArr; ResetIOMode_Out &rArr; LL_GPIO_Init
</UL>
<BR>[Calls]<UL><LI><a href="#[6a]">&gt;&gt;</a>&nbsp;&nbsp;&nbsp;CMT2300A_ReadReg
</UL>
<BR>[Called By]<UL><LI><a href="#[66]">&gt;&gt;</a>&nbsp;&nbsp;&nbsp;CMT2300A_AutoSwitchStatus
</UL>

<P><STRONG><a name="[75]"></a>CMT2300A_Go2RXMode</STRONG> (Thumb, 30 bytes, Stack size 8 bytes, radio.o(i.CMT2300A_Go2RXMode))
<BR><BR>[Stack]<UL><LI>Max Depth = 148<LI>Call Chain = CMT2300A_Go2RXMode &rArr; CMT2300A_GoStby &rArr; CMT2300A_AutoSwitchStatus &rArr; CMT2300A_GetChipStatus &rArr; CMT2300A_ReadReg &rArr; cmt_spi3_read &rArr; ResetIOMode_Out &rArr; LL_GPIO_Init
</UL>
<BR>[Calls]<UL><LI><a href="#[6c]">&gt;&gt;</a>&nbsp;&nbsp;&nbsp;CMT2300A_ClearRxFifo
<LI><a href="#[6b]">&gt;&gt;</a>&nbsp;&nbsp;&nbsp;CMT2300A_ClearInterruptFlags
<LI><a href="#[7e]">&gt;&gt;</a>&nbsp;&nbsp;&nbsp;CMT2300A_SetPktType
<LI><a href="#[7d]">&gt;&gt;</a>&nbsp;&nbsp;&nbsp;CMT2300A_GoStby
<LI><a href="#[7f]">&gt;&gt;</a>&nbsp;&nbsp;&nbsp;CMT2300A_GoRx
<LI><a href="#[7b]">&gt;&gt;</a>&nbsp;&nbsp;&nbsp;CMT2300A_EnableReadFifo
</UL>
<BR>[Called By]<UL><LI><a href="#[e5]">&gt;&gt;</a>&nbsp;&nbsp;&nbsp;RFSendPacket
<LI><a href="#[71]">&gt;&gt;</a>&nbsp;&nbsp;&nbsp;CMT2300A_Device_Init
</UL>

<P><STRONG><a name="[7f]"></a>CMT2300A_GoRx</STRONG> (Thumb, 10 bytes, Stack size 8 bytes, cmt2300a.o(i.CMT2300A_GoRx))
<BR><BR>[Stack]<UL><LI>Max Depth = 140<LI>Call Chain = CMT2300A_GoRx &rArr; CMT2300A_AutoSwitchStatus &rArr; CMT2300A_GetChipStatus &rArr; CMT2300A_ReadReg &rArr; cmt_spi3_read &rArr; ResetIOMode_Out &rArr; LL_GPIO_Init
</UL>
<BR>[Calls]<UL><LI><a href="#[66]">&gt;&gt;</a>&nbsp;&nbsp;&nbsp;CMT2300A_AutoSwitchStatus
</UL>
<BR>[Called By]<UL><LI><a href="#[75]">&gt;&gt;</a>&nbsp;&nbsp;&nbsp;CMT2300A_Go2RXMode
</UL>

<P><STRONG><a name="[80]"></a>CMT2300A_GoSleep</STRONG> (Thumb, 10 bytes, Stack size 8 bytes, cmt2300a.o(i.CMT2300A_GoSleep))
<BR><BR>[Stack]<UL><LI>Max Depth = 140<LI>Call Chain = CMT2300A_GoSleep &rArr; CMT2300A_AutoSwitchStatus &rArr; CMT2300A_GetChipStatus &rArr; CMT2300A_ReadReg &rArr; cmt_spi3_read &rArr; ResetIOMode_Out &rArr; LL_GPIO_Init
</UL>
<BR>[Calls]<UL><LI><a href="#[66]">&gt;&gt;</a>&nbsp;&nbsp;&nbsp;CMT2300A_AutoSwitchStatus
</UL>
<BR>[Called By]<UL><LI><a href="#[e6]">&gt;&gt;</a>&nbsp;&nbsp;&nbsp;RF_Config
</UL>

<P><STRONG><a name="[7d]"></a>CMT2300A_GoStby</STRONG> (Thumb, 10 bytes, Stack size 8 bytes, cmt2300a.o(i.CMT2300A_GoStby))
<BR><BR>[Stack]<UL><LI>Max Depth = 140<LI>Call Chain = CMT2300A_GoStby &rArr; CMT2300A_AutoSwitchStatus &rArr; CMT2300A_GetChipStatus &rArr; CMT2300A_ReadReg &rArr; cmt_spi3_read &rArr; ResetIOMode_Out &rArr; LL_GPIO_Init
</UL>
<BR>[Calls]<UL><LI><a href="#[66]">&gt;&gt;</a>&nbsp;&nbsp;&nbsp;CMT2300A_AutoSwitchStatus
</UL>
<BR>[Called By]<UL><LI><a href="#[e5]">&gt;&gt;</a>&nbsp;&nbsp;&nbsp;RFSendPacket
<LI><a href="#[75]">&gt;&gt;</a>&nbsp;&nbsp;&nbsp;CMT2300A_Go2RXMode
<LI><a href="#[82]">&gt;&gt;</a>&nbsp;&nbsp;&nbsp;CMT2300A_Init
</UL>

<P><STRONG><a name="[81]"></a>CMT2300A_GoTx</STRONG> (Thumb, 10 bytes, Stack size 8 bytes, cmt2300a.o(i.CMT2300A_GoTx))
<BR><BR>[Stack]<UL><LI>Max Depth = 140<LI>Call Chain = CMT2300A_GoTx &rArr; CMT2300A_AutoSwitchStatus &rArr; CMT2300A_GetChipStatus &rArr; CMT2300A_ReadReg &rArr; cmt_spi3_read &rArr; ResetIOMode_Out &rArr; LL_GPIO_Init
</UL>
<BR>[Calls]<UL><LI><a href="#[66]">&gt;&gt;</a>&nbsp;&nbsp;&nbsp;CMT2300A_AutoSwitchStatus
</UL>
<BR>[Called By]<UL><LI><a href="#[e5]">&gt;&gt;</a>&nbsp;&nbsp;&nbsp;RFSendPacket
</UL>

<P><STRONG><a name="[82]"></a>CMT2300A_Init</STRONG> (Thumb, 66 bytes, Stack size 8 bytes, cmt2300a.o(i.CMT2300A_Init))
<BR><BR>[Stack]<UL><LI>Max Depth = 148<LI>Call Chain = CMT2300A_Init &rArr; CMT2300A_GoStby &rArr; CMT2300A_AutoSwitchStatus &rArr; CMT2300A_GetChipStatus &rArr; CMT2300A_ReadReg &rArr; cmt_spi3_read &rArr; ResetIOMode_Out &rArr; LL_GPIO_Init
</UL>
<BR>[Calls]<UL><LI><a href="#[6b]">&gt;&gt;</a>&nbsp;&nbsp;&nbsp;CMT2300A_ClearInterruptFlags
<LI><a href="#[84]">&gt;&gt;</a>&nbsp;&nbsp;&nbsp;system_delay_ms
<LI><a href="#[67]">&gt;&gt;</a>&nbsp;&nbsp;&nbsp;CMT2300A_WriteReg
<LI><a href="#[6a]">&gt;&gt;</a>&nbsp;&nbsp;&nbsp;CMT2300A_ReadReg
<LI><a href="#[83]">&gt;&gt;</a>&nbsp;&nbsp;&nbsp;CMT2300A_SoftReset
<LI><a href="#[7d]">&gt;&gt;</a>&nbsp;&nbsp;&nbsp;CMT2300A_GoStby
<LI><a href="#[7a]">&gt;&gt;</a>&nbsp;&nbsp;&nbsp;CMT2300A_EnableLfosc
</UL>
<BR>[Called By]<UL><LI><a href="#[72]">&gt;&gt;</a>&nbsp;&nbsp;&nbsp;RF_Init
</UL>

<P><STRONG><a name="[85]"></a>CMT2300A_InitGpio</STRONG> (Thumb, 18 bytes, Stack size 8 bytes, cmt2300a_hal.o(i.CMT2300A_InitGpio))
<BR><BR>[Stack]<UL><LI>Max Depth = 84<LI>Call Chain = CMT2300A_InitGpio &rArr; cmt_spi3_init &rArr; ResetIOMode_Out &rArr; LL_GPIO_Init
</UL>
<BR>[Calls]<UL><LI><a href="#[86]">&gt;&gt;</a>&nbsp;&nbsp;&nbsp;ResetIOMode_In
<LI><a href="#[87]">&gt;&gt;</a>&nbsp;&nbsp;&nbsp;cmt_spi3_init
</UL>
<BR>[Called By]<UL><LI><a href="#[72]">&gt;&gt;</a>&nbsp;&nbsp;&nbsp;RF_Init
</UL>

<P><STRONG><a name="[73]"></a>CMT2300A_IsExist</STRONG> (Thumb, 46 bytes, Stack size 16 bytes, cmt2300a.o(i.CMT2300A_IsExist))
<BR><BR>[Stack]<UL><LI>Max Depth = 116<LI>Call Chain = CMT2300A_IsExist &rArr; CMT2300A_WriteReg &rArr; cmt_spi3_write &rArr; ResetIOMode_Out &rArr; LL_GPIO_Init
</UL>
<BR>[Calls]<UL><LI><a href="#[67]">&gt;&gt;</a>&nbsp;&nbsp;&nbsp;CMT2300A_WriteReg
<LI><a href="#[6a]">&gt;&gt;</a>&nbsp;&nbsp;&nbsp;CMT2300A_ReadReg
</UL>
<BR>[Called By]<UL><LI><a href="#[77]">&gt;&gt;</a>&nbsp;&nbsp;&nbsp;CMT2300A_Device_ReInit
<LI><a href="#[71]">&gt;&gt;</a>&nbsp;&nbsp;&nbsp;CMT2300A_Device_Init
</UL>

<P><STRONG><a name="[88]"></a>CMT2300A_ReadFifo</STRONG> (Thumb, 8 bytes, Stack size 8 bytes, cmt2300a_hal.o(i.CMT2300A_ReadFifo))
<BR><BR>[Stack]<UL><LI>Max Depth = 100<LI>Call Chain = CMT2300A_ReadFifo &rArr; cmt_spi3_read_fifo &rArr; ResetIOMode_Out &rArr; LL_GPIO_Init
</UL>
<BR>[Calls]<UL><LI><a href="#[89]">&gt;&gt;</a>&nbsp;&nbsp;&nbsp;cmt_spi3_read_fifo
</UL>
<BR>[Called By]<UL><LI><a href="#[33]">&gt;&gt;</a>&nbsp;&nbsp;&nbsp;EXTI4_15_IRQHandler
</UL>

<P><STRONG><a name="[6a]"></a>CMT2300A_ReadReg</STRONG> (Thumb, 18 bytes, Stack size 8 bytes, cmt2300a_hal.o(i.CMT2300A_ReadReg))
<BR><BR>[Stack]<UL><LI>Max Depth = 100<LI>Call Chain = CMT2300A_ReadReg &rArr; cmt_spi3_read &rArr; ResetIOMode_Out &rArr; LL_GPIO_Init
</UL>
<BR>[Calls]<UL><LI><a href="#[8a]">&gt;&gt;</a>&nbsp;&nbsp;&nbsp;cmt_spi3_read
</UL>
<BR>[Called By]<UL><LI><a href="#[6c]">&gt;&gt;</a>&nbsp;&nbsp;&nbsp;CMT2300A_ClearRxFifo
<LI><a href="#[6b]">&gt;&gt;</a>&nbsp;&nbsp;&nbsp;CMT2300A_ClearInterruptFlags
<LI><a href="#[e5]">&gt;&gt;</a>&nbsp;&nbsp;&nbsp;RFSendPacket
<LI><a href="#[7e]">&gt;&gt;</a>&nbsp;&nbsp;&nbsp;CMT2300A_SetPktType
<LI><a href="#[8b]">&gt;&gt;</a>&nbsp;&nbsp;&nbsp;CMT2300A_SetPayloadLength
<LI><a href="#[73]">&gt;&gt;</a>&nbsp;&nbsp;&nbsp;CMT2300A_IsExist
<LI><a href="#[82]">&gt;&gt;</a>&nbsp;&nbsp;&nbsp;CMT2300A_Init
<LI><a href="#[69]">&gt;&gt;</a>&nbsp;&nbsp;&nbsp;CMT2300A_GetChipStatus
<LI><a href="#[7c]">&gt;&gt;</a>&nbsp;&nbsp;&nbsp;CMT2300A_EnableWriteFifo
<LI><a href="#[7b]">&gt;&gt;</a>&nbsp;&nbsp;&nbsp;CMT2300A_EnableReadFifo
<LI><a href="#[7a]">&gt;&gt;</a>&nbsp;&nbsp;&nbsp;CMT2300A_EnableLfosc
<LI><a href="#[6f]">&gt;&gt;</a>&nbsp;&nbsp;&nbsp;CMT2300A_ConfigInterrupt
<LI><a href="#[6d]">&gt;&gt;</a>&nbsp;&nbsp;&nbsp;CMT2300A_ClearTxFifo
<LI><a href="#[66]">&gt;&gt;</a>&nbsp;&nbsp;&nbsp;CMT2300A_AutoSwitchStatus
<LI><a href="#[72]">&gt;&gt;</a>&nbsp;&nbsp;&nbsp;RF_Init
</UL>

<P><STRONG><a name="[78]"></a>CMT2300A_SetFrequencyChannel</STRONG> (Thumb, 12 bytes, Stack size 8 bytes, cmt2300a.o(i.CMT2300A_SetFrequencyChannel))
<BR><BR>[Stack]<UL><LI>Max Depth = 108<LI>Call Chain = CMT2300A_SetFrequencyChannel &rArr; CMT2300A_WriteReg &rArr; cmt_spi3_write &rArr; ResetIOMode_Out &rArr; LL_GPIO_Init
</UL>
<BR>[Calls]<UL><LI><a href="#[67]">&gt;&gt;</a>&nbsp;&nbsp;&nbsp;CMT2300A_WriteReg
</UL>
<BR>[Called By]<UL><LI><a href="#[4b]">&gt;&gt;</a>&nbsp;&nbsp;&nbsp;rf_comm_task
<LI><a href="#[148]">&gt;&gt;</a>&nbsp;&nbsp;&nbsp;rf_receive_data_decode
<LI><a href="#[77]">&gt;&gt;</a>&nbsp;&nbsp;&nbsp;CMT2300A_Device_ReInit
<LI><a href="#[6]">&gt;&gt;</a>&nbsp;&nbsp;&nbsp;Task_RF_Handler_Uninit
</UL>

<P><STRONG><a name="[74]"></a>CMT2300A_SetFrequencyStep</STRONG> (Thumb, 12 bytes, Stack size 8 bytes, cmt2300a.o(i.CMT2300A_SetFrequencyStep))
<BR><BR>[Stack]<UL><LI>Max Depth = 108<LI>Call Chain = CMT2300A_SetFrequencyStep &rArr; CMT2300A_WriteReg &rArr; cmt_spi3_write &rArr; ResetIOMode_Out &rArr; LL_GPIO_Init
</UL>
<BR>[Calls]<UL><LI><a href="#[67]">&gt;&gt;</a>&nbsp;&nbsp;&nbsp;CMT2300A_WriteReg
</UL>
<BR>[Called By]<UL><LI><a href="#[77]">&gt;&gt;</a>&nbsp;&nbsp;&nbsp;CMT2300A_Device_ReInit
<LI><a href="#[71]">&gt;&gt;</a>&nbsp;&nbsp;&nbsp;CMT2300A_Device_Init
</UL>

<P><STRONG><a name="[8b]"></a>CMT2300A_SetPayloadLength</STRONG> (Thumb, 38 bytes, Stack size 8 bytes, cmt2300a.o(i.CMT2300A_SetPayloadLength))
<BR><BR>[Stack]<UL><LI>Max Depth = 108<LI>Call Chain = CMT2300A_SetPayloadLength &rArr; CMT2300A_WriteReg &rArr; cmt_spi3_write &rArr; ResetIOMode_Out &rArr; LL_GPIO_Init
</UL>
<BR>[Calls]<UL><LI><a href="#[67]">&gt;&gt;</a>&nbsp;&nbsp;&nbsp;CMT2300A_WriteReg
<LI><a href="#[6a]">&gt;&gt;</a>&nbsp;&nbsp;&nbsp;CMT2300A_ReadReg
</UL>
<BR>[Called By]<UL><LI><a href="#[e5]">&gt;&gt;</a>&nbsp;&nbsp;&nbsp;RFSendPacket
</UL>

<P><STRONG><a name="[7e]"></a>CMT2300A_SetPktType</STRONG> (Thumb, 24 bytes, Stack size 8 bytes, cmt2300a.o(i.CMT2300A_SetPktType))
<BR><BR>[Stack]<UL><LI>Max Depth = 108<LI>Call Chain = CMT2300A_SetPktType &rArr; CMT2300A_WriteReg &rArr; cmt_spi3_write &rArr; ResetIOMode_Out &rArr; LL_GPIO_Init
</UL>
<BR>[Calls]<UL><LI><a href="#[67]">&gt;&gt;</a>&nbsp;&nbsp;&nbsp;CMT2300A_WriteReg
<LI><a href="#[6a]">&gt;&gt;</a>&nbsp;&nbsp;&nbsp;CMT2300A_ReadReg
</UL>
<BR>[Called By]<UL><LI><a href="#[e5]">&gt;&gt;</a>&nbsp;&nbsp;&nbsp;RFSendPacket
<LI><a href="#[75]">&gt;&gt;</a>&nbsp;&nbsp;&nbsp;CMT2300A_Go2RXMode
</UL>

<P><STRONG><a name="[83]"></a>CMT2300A_SoftReset</STRONG> (Thumb, 12 bytes, Stack size 8 bytes, cmt2300a.o(i.CMT2300A_SoftReset))
<BR><BR>[Stack]<UL><LI>Max Depth = 108<LI>Call Chain = CMT2300A_SoftReset &rArr; CMT2300A_WriteReg &rArr; cmt_spi3_write &rArr; ResetIOMode_Out &rArr; LL_GPIO_Init
</UL>
<BR>[Calls]<UL><LI><a href="#[67]">&gt;&gt;</a>&nbsp;&nbsp;&nbsp;CMT2300A_WriteReg
</UL>
<BR>[Called By]<UL><LI><a href="#[82]">&gt;&gt;</a>&nbsp;&nbsp;&nbsp;CMT2300A_Init
</UL>

<P><STRONG><a name="[8c]"></a>CMT2300A_WriteFifo</STRONG> (Thumb, 8 bytes, Stack size 8 bytes, cmt2300a_hal.o(i.CMT2300A_WriteFifo))
<BR><BR>[Stack]<UL><LI>Max Depth = 100<LI>Call Chain = CMT2300A_WriteFifo &rArr; cmt_spi3_write_fifo &rArr; ResetIOMode_Out &rArr; LL_GPIO_Init
</UL>
<BR>[Calls]<UL><LI><a href="#[8d]">&gt;&gt;</a>&nbsp;&nbsp;&nbsp;cmt_spi3_write_fifo
</UL>
<BR>[Called By]<UL><LI><a href="#[e5]">&gt;&gt;</a>&nbsp;&nbsp;&nbsp;RFSendPacket
</UL>

<P><STRONG><a name="[67]"></a>CMT2300A_WriteReg</STRONG> (Thumb, 8 bytes, Stack size 8 bytes, cmt2300a_hal.o(i.CMT2300A_WriteReg))
<BR><BR>[Stack]<UL><LI>Max Depth = 100<LI>Call Chain = CMT2300A_WriteReg &rArr; cmt_spi3_write &rArr; ResetIOMode_Out &rArr; LL_GPIO_Init
</UL>
<BR>[Calls]<UL><LI><a href="#[8e]">&gt;&gt;</a>&nbsp;&nbsp;&nbsp;cmt_spi3_write
</UL>
<BR>[Called By]<UL><LI><a href="#[6c]">&gt;&gt;</a>&nbsp;&nbsp;&nbsp;CMT2300A_ClearRxFifo
<LI><a href="#[6b]">&gt;&gt;</a>&nbsp;&nbsp;&nbsp;CMT2300A_ClearInterruptFlags
<LI><a href="#[78]">&gt;&gt;</a>&nbsp;&nbsp;&nbsp;CMT2300A_SetFrequencyChannel
<LI><a href="#[83]">&gt;&gt;</a>&nbsp;&nbsp;&nbsp;CMT2300A_SoftReset
<LI><a href="#[7e]">&gt;&gt;</a>&nbsp;&nbsp;&nbsp;CMT2300A_SetPktType
<LI><a href="#[8b]">&gt;&gt;</a>&nbsp;&nbsp;&nbsp;CMT2300A_SetPayloadLength
<LI><a href="#[74]">&gt;&gt;</a>&nbsp;&nbsp;&nbsp;CMT2300A_SetFrequencyStep
<LI><a href="#[73]">&gt;&gt;</a>&nbsp;&nbsp;&nbsp;CMT2300A_IsExist
<LI><a href="#[82]">&gt;&gt;</a>&nbsp;&nbsp;&nbsp;CMT2300A_Init
<LI><a href="#[7c]">&gt;&gt;</a>&nbsp;&nbsp;&nbsp;CMT2300A_EnableWriteFifo
<LI><a href="#[7b]">&gt;&gt;</a>&nbsp;&nbsp;&nbsp;CMT2300A_EnableReadFifo
<LI><a href="#[7a]">&gt;&gt;</a>&nbsp;&nbsp;&nbsp;CMT2300A_EnableLfosc
<LI><a href="#[79]">&gt;&gt;</a>&nbsp;&nbsp;&nbsp;CMT2300A_EnableInterrupt
<LI><a href="#[70]">&gt;&gt;</a>&nbsp;&nbsp;&nbsp;CMT2300A_ConfigRegBank
<LI><a href="#[6f]">&gt;&gt;</a>&nbsp;&nbsp;&nbsp;CMT2300A_ConfigInterrupt
<LI><a href="#[6e]">&gt;&gt;</a>&nbsp;&nbsp;&nbsp;CMT2300A_ConfigGpio
<LI><a href="#[6d]">&gt;&gt;</a>&nbsp;&nbsp;&nbsp;CMT2300A_ClearTxFifo
<LI><a href="#[66]">&gt;&gt;</a>&nbsp;&nbsp;&nbsp;CMT2300A_AutoSwitchStatus
<LI><a href="#[72]">&gt;&gt;</a>&nbsp;&nbsp;&nbsp;RF_Init
</UL>

<P><STRONG><a name="[36]"></a>DMA1_Ch4_5_DMAMUX1_OVR_IRQHandler</STRONG> (Thumb, 2 bytes, Stack size 0 bytes, stm32g0xx_it.o(i.DMA1_Ch4_5_DMAMUX1_OVR_IRQHandler))
<BR>[Address Reference Count : 1]<UL><LI> startup_stm32g030xx.o(RESET)
</UL>
<P><STRONG><a name="[34]"></a>DMA1_Channel1_IRQHandler</STRONG> (Thumb, 2 bytes, Stack size 0 bytes, stm32g0xx_it.o(i.DMA1_Channel1_IRQHandler))
<BR>[Address Reference Count : 1]<UL><LI> startup_stm32g030xx.o(RESET)
</UL>
<P><STRONG><a name="[35]"></a>DMA1_Channel2_3_IRQHandler</STRONG> (Thumb, 2 bytes, Stack size 0 bytes, stm32g0xx_it.o(i.DMA1_Channel2_3_IRQHandler))
<BR>[Address Reference Count : 1]<UL><LI> startup_stm32g030xx.o(RESET)
</UL>
<P><STRONG><a name="[8f]"></a>Del_SubIREmitTask</STRONG> (Thumb, 14 bytes, Stack size 8 bytes, task_iremit.o(i.Del_SubIREmitTask))
<BR><BR>[Stack]<UL><LI>Max Depth = 28<LI>Call Chain = Del_SubIREmitTask &rArr; Task_Com_DelCycFunc
</UL>
<BR>[Calls]<UL><LI><a href="#[90]">&gt;&gt;</a>&nbsp;&nbsp;&nbsp;Task_Com_DelCycFunc
</UL>
<BR>[Called By]<UL><LI><a href="#[eb]">&gt;&gt;</a>&nbsp;&nbsp;&nbsp;ircode_emit_it_handler
<LI><a href="#[120]">&gt;&gt;</a>&nbsp;&nbsp;&nbsp;ircode_emit_start
</UL>

<P><STRONG><a name="[33]"></a>EXTI4_15_IRQHandler</STRONG> (Thumb, 112 bytes, Stack size 8 bytes, stm32g0xx_it.o(i.EXTI4_15_IRQHandler))
<BR><BR>[Stack]<UL><LI>Max Depth = 132<LI>Call Chain = EXTI4_15_IRQHandler &rArr; CMT2300A_ClearInterruptFlags &rArr; CMT2300A_WriteReg &rArr; cmt_spi3_write &rArr; ResetIOMode_Out &rArr; LL_GPIO_Init
</UL>
<BR>[Calls]<UL><LI><a href="#[94]">&gt;&gt;</a>&nbsp;&nbsp;&nbsp;queue_en
<LI><a href="#[93]">&gt;&gt;</a>&nbsp;&nbsp;&nbsp;queue_de_discard
<LI><a href="#[91]">&gt;&gt;</a>&nbsp;&nbsp;&nbsp;HAL_SM_RequestFuncState
<LI><a href="#[88]">&gt;&gt;</a>&nbsp;&nbsp;&nbsp;CMT2300A_ReadFifo
<LI><a href="#[6c]">&gt;&gt;</a>&nbsp;&nbsp;&nbsp;CMT2300A_ClearRxFifo
<LI><a href="#[6b]">&gt;&gt;</a>&nbsp;&nbsp;&nbsp;CMT2300A_ClearInterruptFlags
<LI><a href="#[92]">&gt;&gt;</a>&nbsp;&nbsp;&nbsp;__aeabi_memcpy
</UL>
<BR>[Address Reference Count : 1]<UL><LI> startup_stm32g030xx.o(RESET)
</UL>
<P><STRONG><a name="[95]"></a>HAL_Control_DeviceInit</STRONG> (Thumb, 24 bytes, Stack size 8 bytes, hal_control_export_api.o(i.HAL_Control_DeviceInit))
<BR><BR>[Stack]<UL><LI>Max Depth = 804<LI>Call Chain = HAL_Control_DeviceInit &rArr; memory_init &rArr; memory_get_dev_addr &rArr; sha3 &rArr; sha3_update &rArr; sha3_keccakf &rArr; __aeabi_idivmod &rArr; __aeabi_uidivmod
</UL>
<BR>[Calls]<UL><LI><a href="#[98]">&gt;&gt;</a>&nbsp;&nbsp;&nbsp;HAL_Control_UartInit
<LI><a href="#[96]">&gt;&gt;</a>&nbsp;&nbsp;&nbsp;memory_init
<LI><a href="#[97]">&gt;&gt;</a>&nbsp;&nbsp;&nbsp;HAL_IO_Init
</UL>
<BR>[Called By]<UL><LI><a href="#[0]">&gt;&gt;</a>&nbsp;&nbsp;&nbsp;HAL_SM_DeviceInitTask
</UL>

<P><STRONG><a name="[98]"></a>HAL_Control_UartInit</STRONG> (Thumb, 148 bytes, Stack size 16 bytes, hal_control_uart.o(i.HAL_Control_UartInit))
<BR><BR>[Stack]<UL><LI>Max Depth = 16<LI>Call Chain = HAL_Control_UartInit
</UL>
<BR>[Calls]<UL><LI><a href="#[99]">&gt;&gt;</a>&nbsp;&nbsp;&nbsp;LL_DMA_SetDataLength
<LI><a href="#[9a]">&gt;&gt;</a>&nbsp;&nbsp;&nbsp;LL_DMA_EnableChannel
<LI><a href="#[9b]">&gt;&gt;</a>&nbsp;&nbsp;&nbsp;LL_DMA_DisableChannel
</UL>
<BR>[Called By]<UL><LI><a href="#[44]">&gt;&gt;</a>&nbsp;&nbsp;&nbsp;main
<LI><a href="#[95]">&gt;&gt;</a>&nbsp;&nbsp;&nbsp;HAL_Control_DeviceInit
</UL>

<P><STRONG><a name="[a9]"></a>HAL_ERROR_FuncPointJumpArguCheck</STRONG> (Thumb, 22 bytes, Stack size 8 bytes, hal_control_error.o(i.HAL_ERROR_FuncPointJumpArguCheck))
<BR><BR>[Stack]<UL><LI>Max Depth = 8<LI>Call Chain = HAL_ERROR_FuncPointJumpArguCheck
</UL>
<BR>[Called By]<UL><LI><a href="#[4]">&gt;&gt;</a>&nbsp;&nbsp;&nbsp;Task_Serial_MainLoop
<LI><a href="#[3]">&gt;&gt;</a>&nbsp;&nbsp;&nbsp;Task_RF_MainLoop
<LI><a href="#[1]">&gt;&gt;</a>&nbsp;&nbsp;&nbsp;Task_LED_MainLoop
<LI><a href="#[2]">&gt;&gt;</a>&nbsp;&nbsp;&nbsp;Task_Key_MainLoop
<LI><a href="#[5]">&gt;&gt;</a>&nbsp;&nbsp;&nbsp;Task_IREmit_MainLoop
<LI><a href="#[a7]">&gt;&gt;</a>&nbsp;&nbsp;&nbsp;HAL_SM_TaskRun
<LI><a href="#[ef]">&gt;&gt;</a>&nbsp;&nbsp;&nbsp;Task_Com_TimeCounterHandler
</UL>

<P><STRONG><a name="[97]"></a>HAL_IO_Init</STRONG> (Thumb, 2 bytes, Stack size 0 bytes, hal_control_gpio.o(i.HAL_IO_Init))
<BR><BR>[Called By]<UL><LI><a href="#[95]">&gt;&gt;</a>&nbsp;&nbsp;&nbsp;HAL_Control_DeviceInit
</UL>

<P><STRONG><a name="[9c]"></a>HAL_IO_ReadPin</STRONG> (Thumb, 76 bytes, Stack size 8 bytes, hal_control_gpio.o(i.HAL_IO_ReadPin))
<BR><BR>[Stack]<UL><LI>Max Depth = 16<LI>Call Chain = HAL_IO_ReadPin &rArr; __ARM_common_switch8
</UL>
<BR>[Calls]<UL><LI><a href="#[9d]">&gt;&gt;</a>&nbsp;&nbsp;&nbsp;__ARM_common_switch8
<LI><a href="#[9e]">&gt;&gt;</a>&nbsp;&nbsp;&nbsp;LL_GPIO_IsInputPinSet
</UL>
<BR>[Called By]<UL><LI><a href="#[12a]">&gt;&gt;</a>&nbsp;&nbsp;&nbsp;key_scan
</UL>

<P><STRONG><a name="[a1]"></a>HAL_IO_SetState</STRONG> (Thumb, 32 bytes, Stack size 8 bytes, hal_control_gpio.o(i.HAL_IO_SetState))
<BR><BR>[Stack]<UL><LI>Max Depth = 24<LI>Call Chain = HAL_IO_SetState &rArr; HAL_IO_TogglePin &rArr; __ARM_common_switch8
</UL>
<BR>[Calls]<UL><LI><a href="#[a2]">&gt;&gt;</a>&nbsp;&nbsp;&nbsp;HAL_IO_TogglePin
<LI><a href="#[a0]">&gt;&gt;</a>&nbsp;&nbsp;&nbsp;HAL_IO_SetPin
<LI><a href="#[9f]">&gt;&gt;</a>&nbsp;&nbsp;&nbsp;HAL_IO_ResetPin
</UL>
<BR>[Called By]<UL><LI><a href="#[e]">&gt;&gt;</a>&nbsp;&nbsp;&nbsp;Task_LED_Handler_Run
<LI><a href="#[d]">&gt;&gt;</a>&nbsp;&nbsp;&nbsp;Task_LED_Handler_IDLE
<LI><a href="#[8]">&gt;&gt;</a>&nbsp;&nbsp;&nbsp;Task_RF_Handler_Run
</UL>

<P><STRONG><a name="[a4]"></a>HAL_SM_ChangeNodeState</STRONG> (Thumb, 90 bytes, Stack size 16 bytes, hal_sm_mainloop.o(i.HAL_SM_ChangeNodeState))
<BR><BR>[Stack]<UL><LI>Max Depth = 16<LI>Call Chain = HAL_SM_ChangeNodeState
</UL>
<BR>[Called By]<UL><LI><a href="#[0]">&gt;&gt;</a>&nbsp;&nbsp;&nbsp;HAL_SM_DeviceInitTask
<LI><a href="#[12]">&gt;&gt;</a>&nbsp;&nbsp;&nbsp;Task_IREmit_Handler_Uninit
<LI><a href="#[f]">&gt;&gt;</a>&nbsp;&nbsp;&nbsp;Task_Serial_Handler_Uninit
<LI><a href="#[c]">&gt;&gt;</a>&nbsp;&nbsp;&nbsp;Task_LED_Handler_Uninit
<LI><a href="#[9]">&gt;&gt;</a>&nbsp;&nbsp;&nbsp;Task_Key_Handler_Uninit
<LI><a href="#[6]">&gt;&gt;</a>&nbsp;&nbsp;&nbsp;Task_RF_Handler_Uninit
</UL>

<P><STRONG><a name="[0]"></a>HAL_SM_DeviceInitTask</STRONG> (Thumb, 18 bytes, Stack size 8 bytes, hal_sm_inittask_api.o(i.HAL_SM_DeviceInitTask))
<BR><BR>[Stack]<UL><LI>Max Depth = 812<LI>Call Chain = HAL_SM_DeviceInitTask &rArr; HAL_Control_DeviceInit &rArr; memory_init &rArr; memory_get_dev_addr &rArr; sha3 &rArr; sha3_update &rArr; sha3_keccakf &rArr; __aeabi_idivmod &rArr; __aeabi_uidivmod
</UL>
<BR>[Calls]<UL><LI><a href="#[a4]">&gt;&gt;</a>&nbsp;&nbsp;&nbsp;HAL_SM_ChangeNodeState
<LI><a href="#[95]">&gt;&gt;</a>&nbsp;&nbsp;&nbsp;HAL_Control_DeviceInit
</UL>
<BR>[Address Reference Count : 1]<UL><LI> hal_sm_mainloop.o(.data)
</UL>
<P><STRONG><a name="[a5]"></a>HAL_SM_Init</STRONG> (Thumb, 68 bytes, Stack size 24 bytes, hal_sm_mainloop.o(i.HAL_SM_Init))
<BR><BR>[Stack]<UL><LI>Max Depth = 44<LI>Call Chain = HAL_SM_Init &rArr; malloc
</UL>
<BR>[Calls]<UL><LI><a href="#[5c]">&gt;&gt;</a>&nbsp;&nbsp;&nbsp;malloc
</UL>
<BR>[Called By]<UL><LI><a href="#[a6]">&gt;&gt;</a>&nbsp;&nbsp;&nbsp;HAL_SM_MainLoop
</UL>

<P><STRONG><a name="[a6]"></a>HAL_SM_MainLoop</STRONG> (Thumb, 16 bytes, Stack size 0 bytes, hal_sm_mainloop.o(i.HAL_SM_MainLoop))
<BR><BR>[Stack]<UL><LI>Max Depth = 44<LI>Call Chain = HAL_SM_MainLoop &rArr; HAL_SM_Init &rArr; malloc
</UL>
<BR>[Calls]<UL><LI><a href="#[a8]">&gt;&gt;</a>&nbsp;&nbsp;&nbsp;HAL_SM_TimeCounter
<LI><a href="#[a7]">&gt;&gt;</a>&nbsp;&nbsp;&nbsp;HAL_SM_TaskRun
<LI><a href="#[a5]">&gt;&gt;</a>&nbsp;&nbsp;&nbsp;HAL_SM_Init
</UL>
<BR>[Called By]<UL><LI><a href="#[44]">&gt;&gt;</a>&nbsp;&nbsp;&nbsp;main
</UL>

<P><STRONG><a name="[f0]"></a>HAL_SM_RequestFuncNode</STRONG> (Thumb, 40 bytes, Stack size 8 bytes, hal_sm_mainloop.o(i.HAL_SM_RequestFuncNode))
<BR><BR>[Stack]<UL><LI>Max Depth = 8<LI>Call Chain = HAL_SM_RequestFuncNode
</UL>
<BR>[Called By]<UL><LI><a href="#[12]">&gt;&gt;</a>&nbsp;&nbsp;&nbsp;Task_IREmit_Handler_Uninit
<LI><a href="#[f]">&gt;&gt;</a>&nbsp;&nbsp;&nbsp;Task_Serial_Handler_Uninit
<LI><a href="#[c]">&gt;&gt;</a>&nbsp;&nbsp;&nbsp;Task_LED_Handler_Uninit
<LI><a href="#[9]">&gt;&gt;</a>&nbsp;&nbsp;&nbsp;Task_Key_Handler_Uninit
<LI><a href="#[6]">&gt;&gt;</a>&nbsp;&nbsp;&nbsp;Task_RF_Handler_Uninit
</UL>

<P><STRONG><a name="[91]"></a>HAL_SM_RequestFuncState</STRONG> (Thumb, 42 bytes, Stack size 8 bytes, hal_sm_mainloop.o(i.HAL_SM_RequestFuncState))
<BR><BR>[Stack]<UL><LI>Max Depth = 8<LI>Call Chain = HAL_SM_RequestFuncState
</UL>
<BR>[Called By]<UL><LI><a href="#[33]">&gt;&gt;</a>&nbsp;&nbsp;&nbsp;EXTI4_15_IRQHandler
</UL>

<P><STRONG><a name="[a7]"></a>HAL_SM_TaskRun</STRONG> (Thumb, 134 bytes, Stack size 16 bytes, hal_sm_mainloop.o(i.HAL_SM_TaskRun))
<BR><BR>[Stack]<UL><LI>Max Depth = 24<LI>Call Chain = HAL_SM_TaskRun &rArr; HAL_ERROR_FuncPointJumpArguCheck
</UL>
<BR>[Calls]<UL><LI><a href="#[a9]">&gt;&gt;</a>&nbsp;&nbsp;&nbsp;HAL_ERROR_FuncPointJumpArguCheck
</UL>
<BR>[Called By]<UL><LI><a href="#[a6]">&gt;&gt;</a>&nbsp;&nbsp;&nbsp;HAL_SM_MainLoop
</UL>

<P><STRONG><a name="[a8]"></a>HAL_SM_TimeCounter</STRONG> (Thumb, 98 bytes, Stack size 12 bytes, hal_sm_mainloop.o(i.HAL_SM_TimeCounter))
<BR><BR>[Stack]<UL><LI>Max Depth = 12<LI>Call Chain = HAL_SM_TimeCounter
</UL>
<BR>[Called By]<UL><LI><a href="#[a6]">&gt;&gt;</a>&nbsp;&nbsp;&nbsp;HAL_SM_MainLoop
</UL>

<P><STRONG><a name="[29]"></a>HardFault_Handler</STRONG> (Thumb, 2 bytes, Stack size 0 bytes, stm32g0xx_it.o(i.HardFault_Handler))
<BR><BR>[Calls]<UL><LI><a href="#[29]">&gt;&gt;</a>&nbsp;&nbsp;&nbsp;HardFault_Handler
</UL>
<BR>[Called By]<UL><LI><a href="#[29]">&gt;&gt;</a>&nbsp;&nbsp;&nbsp;HardFault_Handler
</UL>
<BR>[Address Reference Count : 1]<UL><LI> startup_stm32g030xx.o(RESET)
</UL>
<P><STRONG><a name="[ae]"></a>Int_FLASH_ClearFlag</STRONG> (Thumb, 16 bytes, Stack size 0 bytes, driver_flash.o(i.Int_FLASH_ClearFlag))
<BR><BR>[Called By]<UL><LI><a href="#[ac]">&gt;&gt;</a>&nbsp;&nbsp;&nbsp;Int_flash_write
</UL>

<P><STRONG><a name="[af]"></a>Int_FLASH_ErasePage</STRONG> (Thumb, 64 bytes, Stack size 8 bytes, driver_flash.o(i.Int_FLASH_ErasePage))
<BR><BR>[Stack]<UL><LI>Max Depth = 8<LI>Call Chain = Int_FLASH_ErasePage
</UL>
<BR>[Called By]<UL><LI><a href="#[ac]">&gt;&gt;</a>&nbsp;&nbsp;&nbsp;Int_flash_write
</UL>

<P><STRONG><a name="[b1]"></a>Int_FLASH_Lock</STRONG> (Thumb, 20 bytes, Stack size 0 bytes, driver_flash.o(i.Int_FLASH_Lock))
<BR><BR>[Called By]<UL><LI><a href="#[ac]">&gt;&gt;</a>&nbsp;&nbsp;&nbsp;Int_flash_write
</UL>

<P><STRONG><a name="[b2]"></a>Int_FLASH_ProgramDoubleWord</STRONG> (Thumb, 56 bytes, Stack size 24 bytes, driver_flash.o(i.Int_FLASH_ProgramDoubleWord))
<BR><BR>[Stack]<UL><LI>Max Depth = 24<LI>Call Chain = Int_FLASH_ProgramDoubleWord
</UL>
<BR>[Called By]<UL><LI><a href="#[b0]">&gt;&gt;</a>&nbsp;&nbsp;&nbsp;Int_flash_write_nocheck
</UL>

<P><STRONG><a name="[ad]"></a>Int_FLASH_Unlock</STRONG> (Thumb, 18 bytes, Stack size 0 bytes, driver_flash.o(i.Int_FLASH_Unlock))
<BR><BR>[Called By]<UL><LI><a href="#[ac]">&gt;&gt;</a>&nbsp;&nbsp;&nbsp;Int_flash_write
</UL>

<P><STRONG><a name="[aa]"></a>Int_flash_read</STRONG> (Thumb, 36 bytes, Stack size 20 bytes, driver_flash.o(i.Int_flash_read))
<BR><BR>[Stack]<UL><LI>Max Depth = 20<LI>Call Chain = Int_flash_read
</UL>
<BR>[Calls]<UL><LI><a href="#[ab]">&gt;&gt;</a>&nbsp;&nbsp;&nbsp;Int_flash_read_double_word
</UL>
<BR>[Called By]<UL><LI><a href="#[13e]">&gt;&gt;</a>&nbsp;&nbsp;&nbsp;memory_version_num_read
<LI><a href="#[13f]">&gt;&gt;</a>&nbsp;&nbsp;&nbsp;memory_sp_mode_read
<LI><a href="#[13c]">&gt;&gt;</a>&nbsp;&nbsp;&nbsp;memory_host_addr_read
<LI><a href="#[13a]">&gt;&gt;</a>&nbsp;&nbsp;&nbsp;memory_group_flag_read
<LI><a href="#[134]">&gt;&gt;</a>&nbsp;&nbsp;&nbsp;memory_dev_addr_read
<LI><a href="#[132]">&gt;&gt;</a>&nbsp;&nbsp;&nbsp;memory_date_and_time_read
<LI><a href="#[130]">&gt;&gt;</a>&nbsp;&nbsp;&nbsp;memory_channel_num_read
<LI><a href="#[ac]">&gt;&gt;</a>&nbsp;&nbsp;&nbsp;Int_flash_write
</UL>

<P><STRONG><a name="[ab]"></a>Int_flash_read_double_word</STRONG> (Thumb, 16 bytes, Stack size 0 bytes, driver_flash.o(i.Int_flash_read_double_word))
<BR><BR>[Called By]<UL><LI><a href="#[aa]">&gt;&gt;</a>&nbsp;&nbsp;&nbsp;Int_flash_read
</UL>

<P><STRONG><a name="[ac]"></a>Int_flash_write</STRONG> (Thumb, 224 bytes, Stack size 40 bytes, driver_flash.o(i.Int_flash_write))
<BR><BR>[Stack]<UL><LI>Max Depth = 88<LI>Call Chain = Int_flash_write &rArr; Int_flash_write_nocheck &rArr; Int_FLASH_ProgramDoubleWord
</UL>
<BR>[Calls]<UL><LI><a href="#[b0]">&gt;&gt;</a>&nbsp;&nbsp;&nbsp;Int_flash_write_nocheck
<LI><a href="#[aa]">&gt;&gt;</a>&nbsp;&nbsp;&nbsp;Int_flash_read
<LI><a href="#[ad]">&gt;&gt;</a>&nbsp;&nbsp;&nbsp;Int_FLASH_Unlock
<LI><a href="#[b1]">&gt;&gt;</a>&nbsp;&nbsp;&nbsp;Int_FLASH_Lock
<LI><a href="#[af]">&gt;&gt;</a>&nbsp;&nbsp;&nbsp;Int_FLASH_ErasePage
<LI><a href="#[ae]">&gt;&gt;</a>&nbsp;&nbsp;&nbsp;Int_FLASH_ClearFlag
</UL>
<BR>[Called By]<UL><LI><a href="#[135]">&gt;&gt;</a>&nbsp;&nbsp;&nbsp;memory_dev_addr_write
<LI><a href="#[133]">&gt;&gt;</a>&nbsp;&nbsp;&nbsp;memory_date_and_time_write
<LI><a href="#[13d]">&gt;&gt;</a>&nbsp;&nbsp;&nbsp;memory_host_addr_write
<LI><a href="#[13b]">&gt;&gt;</a>&nbsp;&nbsp;&nbsp;memory_group_flag_write
<LI><a href="#[131]">&gt;&gt;</a>&nbsp;&nbsp;&nbsp;memory_channel_num_write
</UL>

<P><STRONG><a name="[b0]"></a>Int_flash_write_nocheck</STRONG> (Thumb, 42 bytes, Stack size 24 bytes, driver_flash.o(i.Int_flash_write_nocheck))
<BR><BR>[Stack]<UL><LI>Max Depth = 48<LI>Call Chain = Int_flash_write_nocheck &rArr; Int_FLASH_ProgramDoubleWord
</UL>
<BR>[Calls]<UL><LI><a href="#[b2]">&gt;&gt;</a>&nbsp;&nbsp;&nbsp;Int_FLASH_ProgramDoubleWord
</UL>
<BR>[Called By]<UL><LI><a href="#[ac]">&gt;&gt;</a>&nbsp;&nbsp;&nbsp;Int_flash_write
</UL>

<P><STRONG><a name="[c8]"></a>LL_EXTI_Init</STRONG> (Thumb, 182 bytes, Stack size 8 bytes, stm32g0xx_ll_exti.o(i.LL_EXTI_Init))
<BR><BR>[Stack]<UL><LI>Max Depth = 8<LI>Call Chain = LL_EXTI_Init
</UL>
<BR>[Called By]<UL><LI><a href="#[c4]">&gt;&gt;</a>&nbsp;&nbsp;&nbsp;MX_GPIO_Init
</UL>

<P><STRONG><a name="[c7]"></a>LL_GPIO_Init</STRONG> (Thumb, 172 bytes, Stack size 20 bytes, stm32g0xx_ll_gpio.o(i.LL_GPIO_Init))
<BR><BR>[Stack]<UL><LI>Max Depth = 20<LI>Call Chain = LL_GPIO_Init
</UL>
<BR>[Called By]<UL><LI><a href="#[db]">&gt;&gt;</a>&nbsp;&nbsp;&nbsp;MX_USART2_UART_Init
<LI><a href="#[da]">&gt;&gt;</a>&nbsp;&nbsp;&nbsp;MX_TIM3_Init
<LI><a href="#[d8]">&gt;&gt;</a>&nbsp;&nbsp;&nbsp;MX_TIM1_Init
<LI><a href="#[c9]">&gt;&gt;</a>&nbsp;&nbsp;&nbsp;MX_SPI1_Init
<LI><a href="#[c4]">&gt;&gt;</a>&nbsp;&nbsp;&nbsp;MX_GPIO_Init
<LI><a href="#[e7]">&gt;&gt;</a>&nbsp;&nbsp;&nbsp;ResetIOMode_Out
<LI><a href="#[86]">&gt;&gt;</a>&nbsp;&nbsp;&nbsp;ResetIOMode_In
</UL>

<P><STRONG><a name="[b3]"></a>LL_Init1msTick</STRONG> (Thumb, 26 bytes, Stack size 8 bytes, stm32g0xx_ll_utils.o(i.LL_Init1msTick))
<BR><BR>[Stack]<UL><LI>Max Depth = 20<LI>Call Chain = LL_Init1msTick &rArr; __aeabi_uidivmod
</UL>
<BR>[Calls]<UL><LI><a href="#[54]">&gt;&gt;</a>&nbsp;&nbsp;&nbsp;__aeabi_uidivmod
</UL>
<BR>[Called By]<UL><LI><a href="#[e9]">&gt;&gt;</a>&nbsp;&nbsp;&nbsp;SystemClock_Config
</UL>

<P><STRONG><a name="[b4]"></a>LL_RCC_GetSystemClocksFreq</STRONG> (Thumb, 24 bytes, Stack size 8 bytes, stm32g0xx_ll_rcc.o(i.LL_RCC_GetSystemClocksFreq))
<BR><BR>[Stack]<UL><LI>Max Depth = 36<LI>Call Chain = LL_RCC_GetSystemClocksFreq &rArr; RCC_GetSystemClockFreq &rArr; RCC_PLL_GetFreqDomain_SYS &rArr; __aeabi_uidivmod
</UL>
<BR>[Calls]<UL><LI><a href="#[b5]">&gt;&gt;</a>&nbsp;&nbsp;&nbsp;RCC_GetSystemClockFreq
<LI><a href="#[b7]">&gt;&gt;</a>&nbsp;&nbsp;&nbsp;RCC_GetPCLK1ClockFreq
<LI><a href="#[b6]">&gt;&gt;</a>&nbsp;&nbsp;&nbsp;RCC_GetHCLKClockFreq
</UL>
<BR>[Called By]<UL><LI><a href="#[c0]">&gt;&gt;</a>&nbsp;&nbsp;&nbsp;LL_USART_Init
</UL>

<P><STRONG><a name="[b8]"></a>LL_RCC_GetUSARTClockFreq</STRONG> (Thumb, 92 bytes, Stack size 8 bytes, stm32g0xx_ll_rcc.o(i.LL_RCC_GetUSARTClockFreq))
<BR><BR>[Stack]<UL><LI>Max Depth = 36<LI>Call Chain = LL_RCC_GetUSARTClockFreq &rArr; RCC_GetSystemClockFreq &rArr; RCC_PLL_GetFreqDomain_SYS &rArr; __aeabi_uidivmod
</UL>
<BR>[Calls]<UL><LI><a href="#[b5]">&gt;&gt;</a>&nbsp;&nbsp;&nbsp;RCC_GetSystemClockFreq
<LI><a href="#[b7]">&gt;&gt;</a>&nbsp;&nbsp;&nbsp;RCC_GetPCLK1ClockFreq
<LI><a href="#[b6]">&gt;&gt;</a>&nbsp;&nbsp;&nbsp;RCC_GetHCLKClockFreq
</UL>
<BR>[Called By]<UL><LI><a href="#[c0]">&gt;&gt;</a>&nbsp;&nbsp;&nbsp;LL_USART_Init
</UL>

<P><STRONG><a name="[d2]"></a>LL_SPI_Init</STRONG> (Thumb, 118 bytes, Stack size 12 bytes, stm32g0xx_ll_spi.o(i.LL_SPI_Init))
<BR><BR>[Stack]<UL><LI>Max Depth = 12<LI>Call Chain = LL_SPI_Init
</UL>
<BR>[Called By]<UL><LI><a href="#[c9]">&gt;&gt;</a>&nbsp;&nbsp;&nbsp;MX_SPI1_Init
</UL>

<P><STRONG><a name="[ea]"></a>LL_SetSystemCoreClock</STRONG> (Thumb, 6 bytes, Stack size 0 bytes, stm32g0xx_ll_utils.o(i.LL_SetSystemCoreClock))
<BR><BR>[Called By]<UL><LI><a href="#[e9]">&gt;&gt;</a>&nbsp;&nbsp;&nbsp;SystemClock_Config
</UL>

<P><STRONG><a name="[d7]"></a>LL_TIM_Init</STRONG> (Thumb, 98 bytes, Stack size 16 bytes, stm32g0xx_ll_tim.o(i.LL_TIM_Init))
<BR><BR>[Stack]<UL><LI>Max Depth = 16<LI>Call Chain = LL_TIM_Init
</UL>
<BR>[Called By]<UL><LI><a href="#[da]">&gt;&gt;</a>&nbsp;&nbsp;&nbsp;MX_TIM3_Init
<LI><a href="#[d8]">&gt;&gt;</a>&nbsp;&nbsp;&nbsp;MX_TIM1_Init
<LI><a href="#[d3]">&gt;&gt;</a>&nbsp;&nbsp;&nbsp;MX_TIM14_Init
</UL>

<P><STRONG><a name="[b9]"></a>LL_TIM_OC_Init</STRONG> (Thumb, 98 bytes, Stack size 16 bytes, stm32g0xx_ll_tim.o(i.LL_TIM_OC_Init))
<BR><BR>[Stack]<UL><LI>Max Depth = 32<LI>Call Chain = LL_TIM_OC_Init &rArr; OC4Config
</UL>
<BR>[Calls]<UL><LI><a href="#[bb]">&gt;&gt;</a>&nbsp;&nbsp;&nbsp;OC6Config
<LI><a href="#[bf]">&gt;&gt;</a>&nbsp;&nbsp;&nbsp;OC5Config
<LI><a href="#[be]">&gt;&gt;</a>&nbsp;&nbsp;&nbsp;OC4Config
<LI><a href="#[ba]">&gt;&gt;</a>&nbsp;&nbsp;&nbsp;OC3Config
<LI><a href="#[bd]">&gt;&gt;</a>&nbsp;&nbsp;&nbsp;OC2Config
<LI><a href="#[bc]">&gt;&gt;</a>&nbsp;&nbsp;&nbsp;OC1Config
</UL>
<BR>[Called By]<UL><LI><a href="#[da]">&gt;&gt;</a>&nbsp;&nbsp;&nbsp;MX_TIM3_Init
</UL>

<P><STRONG><a name="[c0]"></a>LL_USART_Init</STRONG> (Thumb, 208 bytes, Stack size 32 bytes, stm32g0xx_ll_usart.o(i.LL_USART_Init))
<BR><BR>[Stack]<UL><LI>Max Depth = 68<LI>Call Chain = LL_USART_Init &rArr; LL_RCC_GetUSARTClockFreq &rArr; RCC_GetSystemClockFreq &rArr; RCC_PLL_GetFreqDomain_SYS &rArr; __aeabi_uidivmod
</UL>
<BR>[Calls]<UL><LI><a href="#[b8]">&gt;&gt;</a>&nbsp;&nbsp;&nbsp;LL_RCC_GetUSARTClockFreq
<LI><a href="#[b4]">&gt;&gt;</a>&nbsp;&nbsp;&nbsp;LL_RCC_GetSystemClocksFreq
<LI><a href="#[54]">&gt;&gt;</a>&nbsp;&nbsp;&nbsp;__aeabi_uidivmod
</UL>
<BR>[Called By]<UL><LI><a href="#[db]">&gt;&gt;</a>&nbsp;&nbsp;&nbsp;MX_USART2_UART_Init
</UL>

<P><STRONG><a name="[fc]"></a>LL_mDelay</STRONG> (Thumb, 30 bytes, Stack size 8 bytes, stm32g0xx_ll_utils.o(i.LL_mDelay))
<BR><BR>[Stack]<UL><LI>Max Depth = 8<LI>Call Chain = LL_mDelay
</UL>
<BR>[Called By]<UL><LI><a href="#[fa]">&gt;&gt;</a>&nbsp;&nbsp;&nbsp;falsh_init
<LI><a href="#[101]">&gt;&gt;</a>&nbsp;&nbsp;&nbsp;flash_busy_stat_outime_checker_spt
<LI><a href="#[ff]">&gt;&gt;</a>&nbsp;&nbsp;&nbsp;flash_busy_stat_outime_checker
</UL>

<P><STRONG><a name="[c1]"></a>MX_DMA_Init</STRONG> (Thumb, 62 bytes, Stack size 8 bytes, dma.o(i.MX_DMA_Init))
<BR><BR>[Stack]<UL><LI>Max Depth = 8<LI>Call Chain = MX_DMA_Init
</UL>
<BR>[Calls]<UL><LI><a href="#[c2]">&gt;&gt;</a>&nbsp;&nbsp;&nbsp;__NVIC_SetPriority
<LI><a href="#[c3]">&gt;&gt;</a>&nbsp;&nbsp;&nbsp;__NVIC_EnableIRQ
</UL>
<BR>[Called By]<UL><LI><a href="#[44]">&gt;&gt;</a>&nbsp;&nbsp;&nbsp;main
</UL>

<P><STRONG><a name="[c4]"></a>MX_GPIO_Init</STRONG> (Thumb, 302 bytes, Stack size 56 bytes, gpio.o(i.MX_GPIO_Init))
<BR><BR>[Stack]<UL><LI>Max Depth = 76<LI>Call Chain = MX_GPIO_Init &rArr; LL_GPIO_Init
</UL>
<BR>[Calls]<UL><LI><a href="#[c7]">&gt;&gt;</a>&nbsp;&nbsp;&nbsp;LL_GPIO_Init
<LI><a href="#[c8]">&gt;&gt;</a>&nbsp;&nbsp;&nbsp;LL_EXTI_Init
<LI><a href="#[c6]">&gt;&gt;</a>&nbsp;&nbsp;&nbsp;LL_IOP_GRP1_EnableClock
<LI><a href="#[c5]">&gt;&gt;</a>&nbsp;&nbsp;&nbsp;__aeabi_memclr4
</UL>
<BR>[Called By]<UL><LI><a href="#[44]">&gt;&gt;</a>&nbsp;&nbsp;&nbsp;main
</UL>

<P><STRONG><a name="[c9]"></a>MX_SPI1_Init</STRONG> (Thumb, 356 bytes, Stack size 88 bytes, spi.o(i.MX_SPI1_Init))
<BR><BR>[Stack]<UL><LI>Max Depth = 108<LI>Call Chain = MX_SPI1_Init &rArr; LL_GPIO_Init
</UL>
<BR>[Calls]<UL><LI><a href="#[d2]">&gt;&gt;</a>&nbsp;&nbsp;&nbsp;LL_SPI_Init
<LI><a href="#[d0]">&gt;&gt;</a>&nbsp;&nbsp;&nbsp;LL_DMA_SetPeriphSize
<LI><a href="#[ca]">&gt;&gt;</a>&nbsp;&nbsp;&nbsp;LL_DMA_SetPeriphRequest
<LI><a href="#[ce]">&gt;&gt;</a>&nbsp;&nbsp;&nbsp;LL_DMA_SetPeriphIncMode
<LI><a href="#[cd]">&gt;&gt;</a>&nbsp;&nbsp;&nbsp;LL_DMA_SetMode
<LI><a href="#[d1]">&gt;&gt;</a>&nbsp;&nbsp;&nbsp;LL_DMA_SetMemorySize
<LI><a href="#[cf]">&gt;&gt;</a>&nbsp;&nbsp;&nbsp;LL_DMA_SetMemoryIncMode
<LI><a href="#[cb]">&gt;&gt;</a>&nbsp;&nbsp;&nbsp;LL_DMA_SetDataTransferDirection
<LI><a href="#[cc]">&gt;&gt;</a>&nbsp;&nbsp;&nbsp;LL_DMA_SetChannelPriorityLevel
<LI><a href="#[c7]">&gt;&gt;</a>&nbsp;&nbsp;&nbsp;LL_GPIO_Init
<LI><a href="#[c5]">&gt;&gt;</a>&nbsp;&nbsp;&nbsp;__aeabi_memclr4
</UL>
<BR>[Called By]<UL><LI><a href="#[44]">&gt;&gt;</a>&nbsp;&nbsp;&nbsp;main
</UL>

<P><STRONG><a name="[d3]"></a>MX_TIM14_Init</STRONG> (Thumb, 90 bytes, Stack size 32 bytes, tim.o(i.MX_TIM14_Init))
<BR><BR>[Stack]<UL><LI>Max Depth = 48<LI>Call Chain = MX_TIM14_Init &rArr; LL_TIM_Init
</UL>
<BR>[Calls]<UL><LI><a href="#[d7]">&gt;&gt;</a>&nbsp;&nbsp;&nbsp;LL_TIM_Init
<LI><a href="#[d5]">&gt;&gt;</a>&nbsp;&nbsp;&nbsp;__NVIC_SetPriority
<LI><a href="#[d6]">&gt;&gt;</a>&nbsp;&nbsp;&nbsp;__NVIC_EnableIRQ
<LI><a href="#[d4]">&gt;&gt;</a>&nbsp;&nbsp;&nbsp;LL_APB2_GRP1_EnableClock
<LI><a href="#[c5]">&gt;&gt;</a>&nbsp;&nbsp;&nbsp;__aeabi_memclr4
</UL>
<BR>[Called By]<UL><LI><a href="#[44]">&gt;&gt;</a>&nbsp;&nbsp;&nbsp;main
</UL>

<P><STRONG><a name="[d8]"></a>MX_TIM1_Init</STRONG> (Thumb, 256 bytes, Stack size 64 bytes, tim.o(i.MX_TIM1_Init))
<BR><BR>[Stack]<UL><LI>Max Depth = 84<LI>Call Chain = MX_TIM1_Init &rArr; LL_GPIO_Init
</UL>
<BR>[Calls]<UL><LI><a href="#[d7]">&gt;&gt;</a>&nbsp;&nbsp;&nbsp;LL_TIM_Init
<LI><a href="#[d5]">&gt;&gt;</a>&nbsp;&nbsp;&nbsp;__NVIC_SetPriority
<LI><a href="#[d6]">&gt;&gt;</a>&nbsp;&nbsp;&nbsp;__NVIC_EnableIRQ
<LI><a href="#[d9]">&gt;&gt;</a>&nbsp;&nbsp;&nbsp;LL_IOP_GRP1_EnableClock
<LI><a href="#[d4]">&gt;&gt;</a>&nbsp;&nbsp;&nbsp;LL_APB2_GRP1_EnableClock
<LI><a href="#[c7]">&gt;&gt;</a>&nbsp;&nbsp;&nbsp;LL_GPIO_Init
<LI><a href="#[c5]">&gt;&gt;</a>&nbsp;&nbsp;&nbsp;__aeabi_memclr4
</UL>
<BR>[Called By]<UL><LI><a href="#[44]">&gt;&gt;</a>&nbsp;&nbsp;&nbsp;main
</UL>

<P><STRONG><a name="[da]"></a>MX_TIM3_Init</STRONG> (Thumb, 186 bytes, Stack size 104 bytes, tim.o(i.MX_TIM3_Init))
<BR><BR>[Stack]<UL><LI>Max Depth = 136<LI>Call Chain = MX_TIM3_Init &rArr; LL_TIM_OC_Init &rArr; OC4Config
</UL>
<BR>[Calls]<UL><LI><a href="#[b9]">&gt;&gt;</a>&nbsp;&nbsp;&nbsp;LL_TIM_OC_Init
<LI><a href="#[d7]">&gt;&gt;</a>&nbsp;&nbsp;&nbsp;LL_TIM_Init
<LI><a href="#[d9]">&gt;&gt;</a>&nbsp;&nbsp;&nbsp;LL_IOP_GRP1_EnableClock
<LI><a href="#[c7]">&gt;&gt;</a>&nbsp;&nbsp;&nbsp;LL_GPIO_Init
<LI><a href="#[c5]">&gt;&gt;</a>&nbsp;&nbsp;&nbsp;__aeabi_memclr4
</UL>
<BR>[Called By]<UL><LI><a href="#[44]">&gt;&gt;</a>&nbsp;&nbsp;&nbsp;main
</UL>

<P><STRONG><a name="[db]"></a>MX_USART2_UART_Init</STRONG> (Thumb, 364 bytes, Stack size 80 bytes, usart.o(i.MX_USART2_UART_Init))
<BR><BR>[Stack]<UL><LI>Max Depth = 148<LI>Call Chain = MX_USART2_UART_Init &rArr; LL_USART_Init &rArr; LL_RCC_GetUSARTClockFreq &rArr; RCC_GetSystemClockFreq &rArr; RCC_PLL_GetFreqDomain_SYS &rArr; __aeabi_uidivmod
</UL>
<BR>[Calls]<UL><LI><a href="#[c0]">&gt;&gt;</a>&nbsp;&nbsp;&nbsp;LL_USART_Init
<LI><a href="#[e2]">&gt;&gt;</a>&nbsp;&nbsp;&nbsp;LL_DMA_SetPeriphSize
<LI><a href="#[dc]">&gt;&gt;</a>&nbsp;&nbsp;&nbsp;LL_DMA_SetPeriphRequest
<LI><a href="#[e0]">&gt;&gt;</a>&nbsp;&nbsp;&nbsp;LL_DMA_SetPeriphIncMode
<LI><a href="#[df]">&gt;&gt;</a>&nbsp;&nbsp;&nbsp;LL_DMA_SetMode
<LI><a href="#[e3]">&gt;&gt;</a>&nbsp;&nbsp;&nbsp;LL_DMA_SetMemorySize
<LI><a href="#[e1]">&gt;&gt;</a>&nbsp;&nbsp;&nbsp;LL_DMA_SetMemoryIncMode
<LI><a href="#[dd]">&gt;&gt;</a>&nbsp;&nbsp;&nbsp;LL_DMA_SetDataTransferDirection
<LI><a href="#[de]">&gt;&gt;</a>&nbsp;&nbsp;&nbsp;LL_DMA_SetChannelPriorityLevel
<LI><a href="#[c7]">&gt;&gt;</a>&nbsp;&nbsp;&nbsp;LL_GPIO_Init
<LI><a href="#[c5]">&gt;&gt;</a>&nbsp;&nbsp;&nbsp;__aeabi_memclr4
</UL>
<BR>[Called By]<UL><LI><a href="#[44]">&gt;&gt;</a>&nbsp;&nbsp;&nbsp;main
</UL>

<P><STRONG><a name="[28]"></a>NMI_Handler</STRONG> (Thumb, 2 bytes, Stack size 0 bytes, stm32g0xx_it.o(i.NMI_Handler))
<BR><BR>[Calls]<UL><LI><a href="#[28]">&gt;&gt;</a>&nbsp;&nbsp;&nbsp;NMI_Handler
</UL>
<BR>[Called By]<UL><LI><a href="#[28]">&gt;&gt;</a>&nbsp;&nbsp;&nbsp;NMI_Handler
</UL>
<BR>[Address Reference Count : 1]<UL><LI> startup_stm32g030xx.o(RESET)
</UL>
<P><STRONG><a name="[2b]"></a>PendSV_Handler</STRONG> (Thumb, 2 bytes, Stack size 0 bytes, stm32g0xx_it.o(i.PendSV_Handler))
<BR>[Address Reference Count : 1]<UL><LI> startup_stm32g030xx.o(RESET)
</UL>
<P><STRONG><a name="[e5]"></a>RFSendPacket</STRONG> (Thumb, 144 bytes, Stack size 24 bytes, radio.o(i.RFSendPacket))
<BR><BR>[Stack]<UL><LI>Max Depth = 188<LI>Call Chain = RFSendPacket &rArr; CMT2300A_Device_ReInit &rArr; RF_Init &rArr; RF_Config &rArr; CMT2300A_GoSleep &rArr; CMT2300A_AutoSwitchStatus &rArr; CMT2300A_GetChipStatus &rArr; CMT2300A_ReadReg &rArr; cmt_spi3_read &rArr; ResetIOMode_Out &rArr; LL_GPIO_Init
</UL>
<BR>[Calls]<UL><LI><a href="#[6c]">&gt;&gt;</a>&nbsp;&nbsp;&nbsp;CMT2300A_ClearRxFifo
<LI><a href="#[6b]">&gt;&gt;</a>&nbsp;&nbsp;&nbsp;CMT2300A_ClearInterruptFlags
<LI><a href="#[75]">&gt;&gt;</a>&nbsp;&nbsp;&nbsp;CMT2300A_Go2RXMode
<LI><a href="#[77]">&gt;&gt;</a>&nbsp;&nbsp;&nbsp;CMT2300A_Device_ReInit
<LI><a href="#[8c]">&gt;&gt;</a>&nbsp;&nbsp;&nbsp;CMT2300A_WriteFifo
<LI><a href="#[6a]">&gt;&gt;</a>&nbsp;&nbsp;&nbsp;CMT2300A_ReadReg
<LI><a href="#[7e]">&gt;&gt;</a>&nbsp;&nbsp;&nbsp;CMT2300A_SetPktType
<LI><a href="#[8b]">&gt;&gt;</a>&nbsp;&nbsp;&nbsp;CMT2300A_SetPayloadLength
<LI><a href="#[81]">&gt;&gt;</a>&nbsp;&nbsp;&nbsp;CMT2300A_GoTx
<LI><a href="#[7d]">&gt;&gt;</a>&nbsp;&nbsp;&nbsp;CMT2300A_GoStby
<LI><a href="#[7c]">&gt;&gt;</a>&nbsp;&nbsp;&nbsp;CMT2300A_EnableWriteFifo
<LI><a href="#[6d]">&gt;&gt;</a>&nbsp;&nbsp;&nbsp;CMT2300A_ClearTxFifo
</UL>
<BR>[Called By]<UL><LI><a href="#[4b]">&gt;&gt;</a>&nbsp;&nbsp;&nbsp;rf_comm_task
</UL>

<P><STRONG><a name="[e6]"></a>RF_Config</STRONG> (Thumb, 34 bytes, Stack size 8 bytes, radio.o(i.RF_Config))
<BR><BR>[Stack]<UL><LI>Max Depth = 148<LI>Call Chain = RF_Config &rArr; CMT2300A_GoSleep &rArr; CMT2300A_AutoSwitchStatus &rArr; CMT2300A_GetChipStatus &rArr; CMT2300A_ReadReg &rArr; cmt_spi3_read &rArr; ResetIOMode_Out &rArr; LL_GPIO_Init
</UL>
<BR>[Calls]<UL><LI><a href="#[80]">&gt;&gt;</a>&nbsp;&nbsp;&nbsp;CMT2300A_GoSleep
<LI><a href="#[7a]">&gt;&gt;</a>&nbsp;&nbsp;&nbsp;CMT2300A_EnableLfosc
<LI><a href="#[79]">&gt;&gt;</a>&nbsp;&nbsp;&nbsp;CMT2300A_EnableInterrupt
<LI><a href="#[6f]">&gt;&gt;</a>&nbsp;&nbsp;&nbsp;CMT2300A_ConfigInterrupt
<LI><a href="#[6e]">&gt;&gt;</a>&nbsp;&nbsp;&nbsp;CMT2300A_ConfigGpio
</UL>
<BR>[Called By]<UL><LI><a href="#[72]">&gt;&gt;</a>&nbsp;&nbsp;&nbsp;RF_Init
</UL>

<P><STRONG><a name="[72]"></a>RF_Init</STRONG> (Thumb, 112 bytes, Stack size 8 bytes, radio.o(i.RF_Init))
<BR><BR>[Stack]<UL><LI>Max Depth = 156<LI>Call Chain = RF_Init &rArr; RF_Config &rArr; CMT2300A_GoSleep &rArr; CMT2300A_AutoSwitchStatus &rArr; CMT2300A_GetChipStatus &rArr; CMT2300A_ReadReg &rArr; cmt_spi3_read &rArr; ResetIOMode_Out &rArr; LL_GPIO_Init
</UL>
<BR>[Calls]<UL><LI><a href="#[e6]">&gt;&gt;</a>&nbsp;&nbsp;&nbsp;RF_Config
<LI><a href="#[85]">&gt;&gt;</a>&nbsp;&nbsp;&nbsp;CMT2300A_InitGpio
<LI><a href="#[67]">&gt;&gt;</a>&nbsp;&nbsp;&nbsp;CMT2300A_WriteReg
<LI><a href="#[6a]">&gt;&gt;</a>&nbsp;&nbsp;&nbsp;CMT2300A_ReadReg
<LI><a href="#[82]">&gt;&gt;</a>&nbsp;&nbsp;&nbsp;CMT2300A_Init
[...]
<LI><a href="#[14e]">&gt;&gt;</a>&nbsp;&nbsp;&nbsp;rf_report_version
<LI><a href="#[14d]">&gt;&gt;</a>&nbsp;&nbsp;&nbsp;rf_query_respond
<LI><a href="#[14a]">&gt;&gt;</a>&nbsp;&nbsp;&nbsp;rf_handshake_respond_or_initiate
<LI><a href="#[149]">&gt;&gt;</a>&nbsp;&nbsp;&nbsp;rf_group_respond
<LI><a href="#[147]">&gt;&gt;</a>&nbsp;&nbsp;&nbsp;rf_channel_respond
<LI><a href="#[146]">&gt;&gt;</a>&nbsp;&nbsp;&nbsp;rf_bound_respond
<LI><a href="#[9d]">&gt;&gt;</a>&nbsp;&nbsp;&nbsp;__ARM_common_switch8
</UL>
<BR>[Called By]<UL><LI><a href="#[148]">&gt;&gt;</a>&nbsp;&nbsp;&nbsp;rf_receive_data_decode
</UL>

<P><STRONG><a name="[14d]"></a>rf_query_respond</STRONG> (Thumb, 130 bytes, Stack size 24 bytes, api_rf_comm.o(i.rf_query_respond))
<BR><BR>[Stack]<UL><LI>Max Depth = 68<LI>Call Chain = rf_query_respond &rArr; queue_en &rArr; calloc &rArr; malloc
</UL>
<BR>[Calls]<UL><LI><a href="#[94]">&gt;&gt;</a>&nbsp;&nbsp;&nbsp;queue_en
<LI><a href="#[93]">&gt;&gt;</a>&nbsp;&nbsp;&nbsp;queue_de_discard
</UL>
<BR>[Called By]<UL><LI><a href="#[148]">&gt;&gt;</a>&nbsp;&nbsp;&nbsp;rf_receive_data_decode
<LI><a href="#[14b]">&gt;&gt;</a>&nbsp;&nbsp;&nbsp;rf_packet_num_repetition_respond
</UL>

<P><STRONG><a name="[148]"></a>rf_receive_data_decode</STRONG> (Thumb, 614 bytes, Stack size 40 bytes, api_rf_comm.o(i.rf_receive_data_decode))
<BR><BR>[Stack]<UL><LI>Max Depth = 288<LI>Call Chain = rf_receive_data_decode &rArr; ircode_emit_addcode &rArr; memopt_index_read &rArr; flash_fread &rArr; flash_busy_stat_outime_checker_spt &rArr; flash_read_status &rArr; flash_spi_wr &rArr; hal_control_spi_rw
</UL>
<BR>[Calls]<UL><LI><a href="#[13d]">&gt;&gt;</a>&nbsp;&nbsp;&nbsp;memory_host_addr_write
<LI><a href="#[13b]">&gt;&gt;</a>&nbsp;&nbsp;&nbsp;memory_group_flag_write
<LI><a href="#[131]">&gt;&gt;</a>&nbsp;&nbsp;&nbsp;memory_channel_num_write
<LI><a href="#[11c]">&gt;&gt;</a>&nbsp;&nbsp;&nbsp;ircode_emit_addcode
<LI><a href="#[90]">&gt;&gt;</a>&nbsp;&nbsp;&nbsp;Task_Com_DelCycFunc
<LI><a href="#[65]">&gt;&gt;</a>&nbsp;&nbsp;&nbsp;Task_COM_AddCycFunc
<LI><a href="#[78]">&gt;&gt;</a>&nbsp;&nbsp;&nbsp;CMT2300A_SetFrequencyChannel
<LI><a href="#[f3]">&gt;&gt;</a>&nbsp;&nbsp;&nbsp;rf_address_respond_or_initiate
<LI><a href="#[14c]">&gt;&gt;</a>&nbsp;&nbsp;&nbsp;rf_unbound_respond
<LI><a href="#[14f]">&gt;&gt;</a>&nbsp;&nbsp;&nbsp;rf_set_respond
<LI><a href="#[14e]">&gt;&gt;</a>&nbsp;&nbsp;&nbsp;rf_report_version
<LI><a href="#[14d]">&gt;&gt;</a>&nbsp;&nbsp;&nbsp;rf_query_respond
<LI><a href="#[14b]">&gt;&gt;</a>&nbsp;&nbsp;&nbsp;rf_packet_num_repetition_respond
<LI><a href="#[14a]">&gt;&gt;</a>&nbsp;&nbsp;&nbsp;rf_handshake_respond_or_initiate
<LI><a href="#[149]">&gt;&gt;</a>&nbsp;&nbsp;&nbsp;rf_group_respond
<LI><a href="#[150]">&gt;&gt;</a>&nbsp;&nbsp;&nbsp;rf_data_packet_num_check
<LI><a href="#[147]">&gt;&gt;</a>&nbsp;&nbsp;&nbsp;rf_channel_respond
<LI><a href="#[146]">&gt;&gt;</a>&nbsp;&nbsp;&nbsp;rf_bound_respond
<LI><a href="#[9d]">&gt;&gt;</a>&nbsp;&nbsp;&nbsp;__ARM_common_switch8
</UL>
<BR>[Called By]<UL><LI><a href="#[4b]">&gt;&gt;</a>&nbsp;&nbsp;&nbsp;rf_comm_task
</UL>

<P><STRONG><a name="[14e]"></a>rf_report_version</STRONG> (Thumb, 168 bytes, Stack size 48 bytes, api_rf_comm.o(i.rf_report_version))
<BR><BR>[Stack]<UL><LI>Max Depth = 92<LI>Call Chain = rf_report_version &rArr; queue_en &rArr; calloc &rArr; malloc
</UL>
<BR>[Calls]<UL><LI><a href="#[94]">&gt;&gt;</a>&nbsp;&nbsp;&nbsp;queue_en
<LI><a href="#[93]">&gt;&gt;</a>&nbsp;&nbsp;&nbsp;queue_de_discard
<LI><a href="#[153]">&gt;&gt;</a>&nbsp;&nbsp;&nbsp;strlen
<LI><a href="#[152]">&gt;&gt;</a>&nbsp;&nbsp;&nbsp;strcat
<LI><a href="#[c5]">&gt;&gt;</a>&nbsp;&nbsp;&nbsp;__aeabi_memclr4
<LI><a href="#[92]">&gt;&gt;</a>&nbsp;&nbsp;&nbsp;__aeabi_memcpy
</UL>
<BR>[Called By]<UL><LI><a href="#[148]">&gt;&gt;</a>&nbsp;&nbsp;&nbsp;rf_receive_data_decode
<LI><a href="#[14b]">&gt;&gt;</a>&nbsp;&nbsp;&nbsp;rf_packet_num_repetition_respond
</UL>

<P><STRONG><a name="[4e]"></a>rf_set_channel_num_invalid_task</STRONG> (Thumb, 8 bytes, Stack size 0 bytes, api_rf_comm.o(i.rf_set_channel_num_invalid_task))
<BR>[Address Reference Count : 1]<UL><LI> api_rf_comm.o(i.rf_receive_data_decode)
</UL>
<P><STRONG><a name="[14f]"></a>rf_set_respond</STRONG> (Thumb, 128 bytes, Stack size 24 bytes, api_rf_comm.o(i.rf_set_respond))
<BR><BR>[Stack]<UL><LI>Max Depth = 68<LI>Call Chain = rf_set_respond &rArr; queue_en &rArr; calloc &rArr; malloc
</UL>
<BR>[Calls]<UL><LI><a href="#[94]">&gt;&gt;</a>&nbsp;&nbsp;&nbsp;queue_en
<LI><a href="#[93]">&gt;&gt;</a>&nbsp;&nbsp;&nbsp;queue_de_discard
</UL>
<BR>[Called By]<UL><LI><a href="#[148]">&gt;&gt;</a>&nbsp;&nbsp;&nbsp;rf_receive_data_decode
<LI><a href="#[14b]">&gt;&gt;</a>&nbsp;&nbsp;&nbsp;rf_packet_num_repetition_respond
</UL>

<P><STRONG><a name="[14c]"></a>rf_unbound_respond</STRONG> (Thumb, 122 bytes, Stack size 24 bytes, api_rf_comm.o(i.rf_unbound_respond))
<BR><BR>[Stack]<UL><LI>Max Depth = 68<LI>Call Chain = rf_unbound_respond &rArr; queue_en &rArr; calloc &rArr; malloc
</UL>
<BR>[Calls]<UL><LI><a href="#[94]">&gt;&gt;</a>&nbsp;&nbsp;&nbsp;queue_en
<LI><a href="#[93]">&gt;&gt;</a>&nbsp;&nbsp;&nbsp;queue_de_discard
</UL>
<BR>[Called By]<UL><LI><a href="#[148]">&gt;&gt;</a>&nbsp;&nbsp;&nbsp;rf_receive_data_decode
<LI><a href="#[14b]">&gt;&gt;</a>&nbsp;&nbsp;&nbsp;rf_packet_num_repetition_respond
</UL>

<P><STRONG><a name="[12a]"></a>key_scan</STRONG> (Thumb, 22 bytes, Stack size 8 bytes, driver_key.o(i.key_scan))
<BR><BR>[Stack]<UL><LI>Max Depth = 24<LI>Call Chain = key_scan &rArr; HAL_IO_ReadPin &rArr; __ARM_common_switch8
</UL>
<BR>[Calls]<UL><LI><a href="#[9c]">&gt;&gt;</a>&nbsp;&nbsp;&nbsp;HAL_IO_ReadPin
</UL>
<BR>[Called By]<UL><LI><a href="#[47]">&gt;&gt;</a>&nbsp;&nbsp;&nbsp;key_scan_task
</UL>

<P><STRONG><a name="[119]"></a>LL_TIM_IC_SetPolarity</STRONG> (Thumb, 102 bytes, Stack size 8 bytes, ircode_catch.o(i.LL_TIM_IC_SetPolarity))
<BR><BR>[Stack]<UL><LI>Max Depth = 8<LI>Call Chain = LL_TIM_IC_SetPolarity
</UL>
<BR>[Called By]<UL><LI><a href="#[ed]">&gt;&gt;</a>&nbsp;&nbsp;&nbsp;ircode_catch_it_handler
</UL>

<P><STRONG><a name="[23]"></a>pkg_handler_catch_directSend</STRONG> (Thumb, 48 bytes, Stack size 8 bytes, serialctrl_handler.o(i.pkg_handler_catch_directSend))
<BR><BR>[Stack]<UL><LI>Max Depth = 76<LI>Call Chain = pkg_handler_catch_directSend &rArr; ircode_emit_directSend &rArr; ircode_emit_start &rArr; Del_SubIREmitTask &rArr; Task_Com_DelCycFunc
</UL>
<BR>[Calls]<UL><LI><a href="#[121]">&gt;&gt;</a>&nbsp;&nbsp;&nbsp;ircode_emit_directSend
<LI><a href="#[11b]">&gt;&gt;</a>&nbsp;&nbsp;&nbsp;serial_inpkg
</UL>
<BR>[Address Reference Count : 1]<UL><LI> serialctrl_handler.o(.data)
</UL>
<P><STRONG><a name="[1d]"></a>pkg_handler_catch_enable</STRONG> (Thumb, 112 bytes, Stack size 16 bytes, serialctrl_handler.o(i.pkg_handler_catch_enable))
<BR><BR>[Stack]<UL><LI>Max Depth = 80<LI>Call Chain = pkg_handler_catch_enable &rArr; serial_inpkg &rArr; hal_control_uart2_send
</UL>
<BR>[Calls]<UL><LI><a href="#[11b]">&gt;&gt;</a>&nbsp;&nbsp;&nbsp;serial_inpkg
<LI><a href="#[116]">&gt;&gt;</a>&nbsp;&nbsp;&nbsp;ircode_catch_enable
</UL>
<BR>[Address Reference Count : 1]<UL><LI> serialctrl_handler.o(.data)
</UL>
<P><STRONG><a name="[22]"></a>pkg_handler_catch_send2IR</STRONG> (Thumb, 94 bytes, Stack size 16 bytes, serialctrl_handler.o(i.pkg_handler_catch_send2IR))
<BR><BR>[Stack]<UL><LI>Max Depth = 116<LI>Call Chain = pkg_handler_catch_send2IR &rArr; ircode_emit_inarray &rArr; ircode_emit_start &rArr; Del_SubIREmitTask &rArr; Task_Com_DelCycFunc
</UL>
<BR>[Calls]<UL><LI><a href="#[124]">&gt;&gt;</a>&nbsp;&nbsp;&nbsp;ircode_emit_inarray
<LI><a href="#[143]">&gt;&gt;</a>&nbsp;&nbsp;&nbsp;ircode_ircode_emit_getInArrayNum
<LI><a href="#[11b]">&gt;&gt;</a>&nbsp;&nbsp;&nbsp;serial_inpkg
</UL>
<BR>[Address Reference Count : 1]<UL><LI> serialctrl_handler.o(.data)
</UL>
<P><STRONG><a name="[1e]"></a>pkg_handler_catch_send2serial</STRONG> (Thumb, 178 bytes, Stack size 24 bytes, serialctrl_handler.o(i.pkg_handler_catch_send2serial))
<BR><BR>[Stack]<UL><LI>Max Depth = 368<LI>Call Chain = pkg_handler_catch_send2serial &rArr; ircode_catch_send &rArr; serial_inpkg &rArr; hal_control_uart2_send
</UL>
<BR>[Calls]<UL><LI><a href="#[11b]">&gt;&gt;</a>&nbsp;&nbsp;&nbsp;serial_inpkg
<LI><a href="#[11a]">&gt;&gt;</a>&nbsp;&nbsp;&nbsp;ircode_catch_send
<LI><a href="#[118]">&gt;&gt;</a>&nbsp;&nbsp;&nbsp;ircode_catch_free_data
</UL>
<BR>[Address Reference Count : 1]<UL><LI> serialctrl_handler.o(.data)
</UL>
<P><STRONG><a name="[20]"></a>pkg_handler_catch_write2flash</STRONG> (Thumb, 380 bytes, Stack size 88 bytes, serialctrl_handler.o(i.pkg_handler_catch_write2flash))
<BR><BR>[Stack]<UL><LI>Max Depth = 224<LI>Call Chain = pkg_handler_catch_write2flash &rArr; memopt_index_read &rArr; flash_fread &rArr; flash_busy_stat_outime_checker_spt &rArr; flash_read_status &rArr; flash_spi_wr &rArr; hal_control_spi_rw
</UL>
<BR>[Calls]<UL><LI><a href="#[10b]">&gt;&gt;</a>&nbsp;&nbsp;&nbsp;flash_write
<LI><a href="#[105]">&gt;&gt;</a>&nbsp;&nbsp;&nbsp;flash_fread
<LI><a href="#[11e]">&gt;&gt;</a>&nbsp;&nbsp;&nbsp;memcmp
<LI><a href="#[59]">&gt;&gt;</a>&nbsp;&nbsp;&nbsp;__aeabi_memset
<LI><a href="#[92]">&gt;&gt;</a>&nbsp;&nbsp;&nbsp;__aeabi_memcpy
<LI><a href="#[11d]">&gt;&gt;</a>&nbsp;&nbsp;&nbsp;memopt_index_read
<LI><a href="#[11b]">&gt;&gt;</a>&nbsp;&nbsp;&nbsp;serial_inpkg
<LI><a href="#[11f]">&gt;&gt;</a>&nbsp;&nbsp;&nbsp;ircode_catch_get_p
<LI><a href="#[118]">&gt;&gt;</a>&nbsp;&nbsp;&nbsp;ircode_catch_free_data
</UL>
<BR>[Address Reference Count : 1]<UL><LI> serialctrl_handler.o(.data)
</UL>
<P><STRONG><a name="[26]"></a>pkg_handler_chip_cleanAll</STRONG> (Thumb, 86 bytes, Stack size 24 bytes, serialctrl_handler.o(i.pkg_handler_chip_cleanAll))
<BR><BR>[Stack]<UL><LI>Max Depth = 152<LI>Call Chain = pkg_handler_chip_cleanAll &rArr; flash_write &rArr; flash_busy_stat_outime_checker_spt &rArr; flash_read_status &rArr; flash_spi_wr &rArr; hal_control_spi_rw
</UL>
<BR>[Calls]<UL><LI><a href="#[10b]">&gt;&gt;</a>&nbsp;&nbsp;&nbsp;flash_write
<LI><a href="#[102]">&gt;&gt;</a>&nbsp;&nbsp;&nbsp;flash_chip_erase
<LI><a href="#[101]">&gt;&gt;</a>&nbsp;&nbsp;&nbsp;flash_busy_stat_outime_checker_spt
<LI><a href="#[11e]">&gt;&gt;</a>&nbsp;&nbsp;&nbsp;memcmp
<LI><a href="#[11b]">&gt;&gt;</a>&nbsp;&nbsp;&nbsp;serial_inpkg
</UL>
<BR>[Address Reference Count : 1]<UL><LI> serialctrl_handler.o(.data)
</UL>
<P><STRONG><a name="[15]"></a>pkg_handler_handshake</STRONG> (Thumb, 48 bytes, Stack size 16 bytes, serialctrl_handler.o(i.pkg_handler_handshake))
<BR><BR>[Stack]<UL><LI>Max Depth = 80<LI>Call Chain = pkg_handler_handshake &rArr; serial_inpkg &rArr; hal_control_uart2_send
</UL>
<BR>[Calls]<UL><LI><a href="#[144]">&gt;&gt;</a>&nbsp;&nbsp;&nbsp;falsh_get_jedec
<LI><a href="#[11b]">&gt;&gt;</a>&nbsp;&nbsp;&nbsp;serial_inpkg
</UL>
<BR>[Address Reference Count : 1]<UL><LI> serialctrl_handler.o(.data)
</UL>
<P><STRONG><a name="[1f]"></a>pkg_handler_ircode_curient</STRONG> (Thumb, 58 bytes, Stack size 8 bytes, serialctrl_handler.o(i.pkg_handler_ircode_curient))
<BR><BR>[Stack]<UL><LI>Max Depth = 72<LI>Call Chain = pkg_handler_ircode_curient &rArr; serial_inpkg &rArr; hal_control_uart2_send
</UL>
<BR>[Calls]<UL><LI><a href="#[11b]">&gt;&gt;</a>&nbsp;&nbsp;&nbsp;serial_inpkg
</UL>
<BR>[Address Reference Count : 1]<UL><LI> serialctrl_handler.o(.data)
</UL>
<P><STRONG><a name="[1b]"></a>pkg_handler_ircode_read</STRONG> (Thumb, 354 bytes, Stack size 184 bytes, serialctrl_handler.o(i.pkg_handler_ircode_read))
<BR><BR>[Stack]<UL><LI>Max Depth = 320<LI>Call Chain = pkg_handler_ircode_read &rArr; memopt_index_read &rArr; flash_fread &rArr; flash_busy_stat_outime_checker_spt &rArr; flash_read_status &rArr; flash_spi_wr &rArr; hal_control_spi_rw
</UL>
<BR>[Calls]<UL><LI><a href="#[105]">&gt;&gt;</a>&nbsp;&nbsp;&nbsp;flash_fread
<LI><a href="#[c5]">&gt;&gt;</a>&nbsp;&nbsp;&nbsp;__aeabi_memclr4
<LI><a href="#[59]">&gt;&gt;</a>&nbsp;&nbsp;&nbsp;__aeabi_memset
<LI><a href="#[92]">&gt;&gt;</a>&nbsp;&nbsp;&nbsp;__aeabi_memcpy
<LI><a href="#[54]">&gt;&gt;</a>&nbsp;&nbsp;&nbsp;__aeabi_uidivmod
<LI><a href="#[11d]">&gt;&gt;</a>&nbsp;&nbsp;&nbsp;memopt_index_read
<LI><a href="#[11b]">&gt;&gt;</a>&nbsp;&nbsp;&nbsp;serial_inpkg
</UL>
<BR>[Address Reference Count : 1]<UL><LI> serialctrl_handler.o(.data)
</UL>
<P><STRONG><a name="[1c]"></a>pkg_handler_ircode_usage</STRONG> (Thumb, 164 bytes, Stack size 64 bytes, serialctrl_handler.o(i.pkg_handler_ircode_usage))
<BR><BR>[Stack]<UL><LI>Max Depth = 200<LI>Call Chain = pkg_handler_ircode_usage &rArr; memopt_index_read &rArr; flash_fread &rArr; flash_busy_stat_outime_checker_spt &rArr; flash_read_status &rArr; flash_spi_wr &rArr; hal_control_spi_rw
</UL>
<BR>[Calls]<UL><LI><a href="#[56]">&gt;&gt;</a>&nbsp;&nbsp;&nbsp;__aeabi_llsr
<LI><a href="#[141]">&gt;&gt;</a>&nbsp;&nbsp;&nbsp;memopt_index_get_index_mask
<LI><a href="#[11d]">&gt;&gt;</a>&nbsp;&nbsp;&nbsp;memopt_index_read
<LI><a href="#[11b]">&gt;&gt;</a>&nbsp;&nbsp;&nbsp;serial_inpkg
</UL>
<BR>[Address Reference Count : 1]<UL><LI> serialctrl_handler.o(.data)
</UL>
<P><STRONG><a name="[1a]"></a>pkg_handler_ircode_write</STRONG> (Thumb, 550 bytes, Stack size 96 bytes, serialctrl_handler.o(i.pkg_handler_ircode_write))
<BR><BR>[Stack]<UL><LI>Max Depth = 232<LI>Call Chain = pkg_handler_ircode_write &rArr; memopt_index_read &rArr; flash_fread &rArr; flash_busy_stat_outime_checker_spt &rArr; flash_read_status &rArr; flash_spi_wr &rArr; hal_control_spi_rw
</UL>
<BR>[Calls]<UL><LI><a href="#[10b]">&gt;&gt;</a>&nbsp;&nbsp;&nbsp;flash_write
<LI><a href="#[105]">&gt;&gt;</a>&nbsp;&nbsp;&nbsp;flash_fread
<LI><a href="#[11e]">&gt;&gt;</a>&nbsp;&nbsp;&nbsp;memcmp
<LI><a href="#[59]">&gt;&gt;</a>&nbsp;&nbsp;&nbsp;__aeabi_memset
<LI><a href="#[92]">&gt;&gt;</a>&nbsp;&nbsp;&nbsp;__aeabi_memcpy
<LI><a href="#[56]">&gt;&gt;</a>&nbsp;&nbsp;&nbsp;__aeabi_llsr
<LI><a href="#[141]">&gt;&gt;</a>&nbsp;&nbsp;&nbsp;memopt_index_get_index_mask
<LI><a href="#[11d]">&gt;&gt;</a>&nbsp;&nbsp;&nbsp;memopt_index_read
<LI><a href="#[11b]">&gt;&gt;</a>&nbsp;&nbsp;&nbsp;serial_inpkg
</UL>
<BR>[Address Reference Count : 1]<UL><LI> serialctrl_handler.o(.data)
</UL>
<P><STRONG><a name="[24]"></a>pkg_handler_irindex_getallindex</STRONG> (Thumb, 190 bytes, Stack size 72 bytes, serialctrl_handler.o(i.pkg_handler_irindex_getallindex))
<BR><BR>[Stack]<UL><LI>Max Depth = 208<LI>Call Chain = pkg_handler_irindex_getallindex &rArr; memopt_index_read &rArr; flash_fread &rArr; flash_busy_stat_outime_checker_spt &rArr; flash_read_status &rArr; flash_spi_wr &rArr; hal_control_spi_rw
</UL>
<BR>[Calls]<UL><LI><a href="#[c5]">&gt;&gt;</a>&nbsp;&nbsp;&nbsp;__aeabi_memclr4
<LI><a href="#[11d]">&gt;&gt;</a>&nbsp;&nbsp;&nbsp;memopt_index_read
<LI><a href="#[11b]">&gt;&gt;</a>&nbsp;&nbsp;&nbsp;serial_inpkg
</UL>
<BR>[Address Reference Count : 1]<UL><LI> serialctrl_handler.o(.data)
</UL>
<P><STRONG><a name="[17]"></a>pkg_handler_irindex_getotal</STRONG> (Thumb, 138 bytes, Stack size 32 bytes, serialctrl_handler.o(i.pkg_handler_irindex_getotal))
<BR><BR>[Stack]<UL><LI>Max Depth = 96<LI>Call Chain = pkg_handler_irindex_getotal &rArr; serial_inpkg &rArr; hal_control_uart2_send
</UL>
<BR>[Calls]<UL><LI><a href="#[56]">&gt;&gt;</a>&nbsp;&nbsp;&nbsp;__aeabi_llsr
<LI><a href="#[141]">&gt;&gt;</a>&nbsp;&nbsp;&nbsp;memopt_index_get_index_mask
<LI><a href="#[11b]">&gt;&gt;</a>&nbsp;&nbsp;&nbsp;serial_inpkg
</UL>
<BR>[Address Reference Count : 1]<UL><LI> serialctrl_handler.o(.data)
</UL>
<P><STRONG><a name="[18]"></a>pkg_handler_irindex_read</STRONG> (Thumb, 178 bytes, Stack size 72 bytes, serialctrl_handler.o(i.pkg_handler_irindex_read))
<BR><BR>[Stack]<UL><LI>Max Depth = 208<LI>Call Chain = pkg_handler_irindex_read &rArr; memopt_index_read &rArr; flash_fread &rArr; flash_busy_stat_outime_checker_spt &rArr; flash_read_status &rArr; flash_spi_wr &rArr; hal_control_spi_rw
</UL>
<BR>[Calls]<UL><LI><a href="#[c5]">&gt;&gt;</a>&nbsp;&nbsp;&nbsp;__aeabi_memclr4
<LI><a href="#[11d]">&gt;&gt;</a>&nbsp;&nbsp;&nbsp;memopt_index_read
<LI><a href="#[11b]">&gt;&gt;</a>&nbsp;&nbsp;&nbsp;serial_inpkg
</UL>
<BR>[Address Reference Count : 1]<UL><LI> serialctrl_handler.o(.data)
</UL>
<P><STRONG><a name="[19]"></a>pkg_handler_irindex_remove</STRONG> (Thumb, 72 bytes, Stack size 16 bytes, serialctrl_handler.o(i.pkg_handler_irindex_remove))
<BR><BR>[Stack]<UL><LI>Max Depth = 496<LI>Call Chain = pkg_handler_irindex_remove &rArr; memopt_index_remove &rArr; memopt_index_read &rArr; flash_fread &rArr; flash_busy_stat_outime_checker_spt &rArr; flash_read_status &rArr; flash_spi_wr &rArr; hal_control_spi_rw
</UL>
<BR>[Calls]<UL><LI><a href="#[12c]">&gt;&gt;</a>&nbsp;&nbsp;&nbsp;mmc_ircode_addr_flash
<LI><a href="#[11e]">&gt;&gt;</a>&nbsp;&nbsp;&nbsp;memcmp
<LI><a href="#[12e]">&gt;&gt;</a>&nbsp;&nbsp;&nbsp;memopt_index_remove
<LI><a href="#[11b]">&gt;&gt;</a>&nbsp;&nbsp;&nbsp;serial_inpkg
</UL>
<BR>[Address Reference Count : 1]<UL><LI> serialctrl_handler.o(.data)
</UL>
<P><STRONG><a name="[25]"></a>pkg_handler_irindex_rmallindex</STRONG> (Thumb, 64 bytes, Stack size 16 bytes, serialctrl_handler.o(i.pkg_handler_irindex_rmallindex))
<BR><BR>[Stack]<UL><LI>Max Depth = 112<LI>Call Chain = pkg_handler_irindex_rmallindex &rArr; memopt_index_mask_remove &rArr; flash_sector_erase &rArr; flash_busy_stat_outime_checker_spt &rArr; flash_read_status &rArr; flash_spi_wr &rArr; hal_control_spi_rw
</UL>
<BR>[Calls]<UL><LI><a href="#[11e]">&gt;&gt;</a>&nbsp;&nbsp;&nbsp;memcmp
<LI><a href="#[12d]">&gt;&gt;</a>&nbsp;&nbsp;&nbsp;memopt_index_mask_remove
<LI><a href="#[11b]">&gt;&gt;</a>&nbsp;&nbsp;&nbsp;serial_inpkg
</UL>
<BR>[Address Reference Count : 1]<UL><LI> serialctrl_handler.o(.data)
</UL>
<P><STRONG><a name="[21]"></a>pkg_handler_irindex_setredy_stat</STRONG> (Thumb, 110 bytes, Stack size 48 bytes, serialctrl_handler.o(i.pkg_handler_irindex_setredy_stat))
<BR><BR>[Stack]<UL><LI>Max Depth = 264<LI>Call Chain = pkg_handler_irindex_setredy_stat &rArr; memopt_index_write &rArr; memopt_index_read &rArr; flash_fread &rArr; flash_busy_stat_outime_checker_spt &rArr; flash_read_status &rArr; flash_spi_wr &rArr; hal_control_spi_rw
</UL>
<BR>[Calls]<UL><LI><a href="#[12f]">&gt;&gt;</a>&nbsp;&nbsp;&nbsp;memopt_index_write
<LI><a href="#[11d]">&gt;&gt;</a>&nbsp;&nbsp;&nbsp;memopt_index_read
<LI><a href="#[11b]">&gt;&gt;</a>&nbsp;&nbsp;&nbsp;serial_inpkg
</UL>
<BR>[Address Reference Count : 1]<UL><LI> serialctrl_handler.o(.data)
</UL>
<P><STRONG><a name="[16]"></a>pkg_handler_irindex_write</STRONG> (Thumb, 338 bytes, Stack size 80 bytes, serialctrl_handler.o(i.pkg_handler_irindex_write))
<BR><BR>[Stack]<UL><LI>Max Depth = 560<LI>Call Chain = pkg_handler_irindex_write &rArr; memopt_index_remove &rArr; memopt_index_read &rArr; flash_fread &rArr; flash_busy_stat_outime_checker_spt &rArr; flash_read_status &rArr; flash_spi_wr &rArr; hal_control_spi_rw
</UL>
<BR>[Calls]<UL><LI><a href="#[12c]">&gt;&gt;</a>&nbsp;&nbsp;&nbsp;mmc_ircode_addr_flash
<LI><a href="#[11e]">&gt;&gt;</a>&nbsp;&nbsp;&nbsp;memcmp
<LI><a href="#[59]">&gt;&gt;</a>&nbsp;&nbsp;&nbsp;__aeabi_memset
<LI><a href="#[92]">&gt;&gt;</a>&nbsp;&nbsp;&nbsp;__aeabi_memcpy
<LI><a href="#[56]">&gt;&gt;</a>&nbsp;&nbsp;&nbsp;__aeabi_llsr
<LI><a href="#[142]">&gt;&gt;</a>&nbsp;&nbsp;&nbsp;mmc_ircode_addr_get
<LI><a href="#[12f]">&gt;&gt;</a>&nbsp;&nbsp;&nbsp;memopt_index_write
<LI><a href="#[12e]">&gt;&gt;</a>&nbsp;&nbsp;&nbsp;memopt_index_remove
<LI><a href="#[141]">&gt;&gt;</a>&nbsp;&nbsp;&nbsp;memopt_index_get_index_mask
<LI><a href="#[11d]">&gt;&gt;</a>&nbsp;&nbsp;&nbsp;memopt_index_read
<LI><a href="#[11b]">&gt;&gt;</a>&nbsp;&nbsp;&nbsp;serial_inpkg
</UL>
<BR>[Address Reference Count : 1]<UL><LI> serialctrl_handler.o(.data)
</UL><P>
<H3>
Undefined Global Symbols
</H3>
<P><STRONG><a name="[52]"></a>__arm_fini_</STRONG> (Unknown, 0 bytes, Stack size 0 bytes, UNDEFINED)
<BR><BR>[Called By]<UL><LI><a href="#[51]">&gt;&gt;</a>&nbsp;&nbsp;&nbsp;__rt_lib_shutdown_fini
</UL>
<HR></body></html>
