Component: ARM Compiler 5.06 update 7 (build 960) Tool: armlink [4d3601]

==============================================================================

Section Cross References

    startup_stm32g030xx.o(RESET) refers to startup_stm32g030xx.o(STACK) for __initial_sp
    startup_stm32g030xx.o(RESET) refers to startup_stm32g030xx.o(.text) for Reset_Handler
    startup_stm32g030xx.o(RESET) refers to stm32g0xx_it.o(i.NMI_Handler) for NMI_Handler
    startup_stm32g030xx.o(RESET) refers to stm32g0xx_it.o(i.HardFault_Handler) for HardFault_Handler
    startup_stm32g030xx.o(RESET) refers to stm32g0xx_it.o(i.SVC_Handler) for SVC_Handler
    startup_stm32g030xx.o(RESET) refers to stm32g0xx_it.o(i.PendSV_Handler) for PendSV_Handler
    startup_stm32g030xx.o(RESET) refers to stm32g0xx_it.o(i.SysTick_Handler) for SysTick_Handler
    startup_stm32g030xx.o(RESET) refers to stm32g0xx_it.o(i.EXTI4_15_IRQHandler) for EXTI4_15_IRQHandler
    startup_stm32g030xx.o(RESET) refers to stm32g0xx_it.o(i.DMA1_Channel1_IRQHandler) for DMA1_Channel1_IRQHandler
    startup_stm32g030xx.o(RESET) refers to stm32g0xx_it.o(i.DMA1_Channel2_3_IRQHandler) for DMA1_Channel2_3_IRQHandler
    startup_stm32g030xx.o(RESET) refers to stm32g0xx_it.o(i.DMA1_Ch4_5_DMAMUX1_OVR_IRQHandler) for DMA1_Ch4_5_DMAMUX1_OVR_IRQHandler
    startup_stm32g030xx.o(RESET) refers to stm32g0xx_it.o(i.TIM1_BRK_UP_TRG_COM_IRQHandler) for TIM1_BRK_UP_TRG_COM_IRQHandler
    startup_stm32g030xx.o(RESET) refers to stm32g0xx_it.o(i.TIM1_CC_IRQHandler) for TIM1_CC_IRQHandler
    startup_stm32g030xx.o(RESET) refers to stm32g0xx_it.o(i.TIM14_IRQHandler) for TIM14_IRQHandler
    startup_stm32g030xx.o(RESET) refers to stm32g0xx_it.o(i.USART2_IRQHandler) for USART2_IRQHandler
    startup_stm32g030xx.o(.text) refers to system_stm32g0xx.o(i.SystemInit) for SystemInit
    startup_stm32g030xx.o(.text) refers to entry.o(.ARM.Collect$$$$00000000) for __main
    main.o(i.SystemClock_Config) refers to stm32g0xx_ll_utils.o(i.LL_Init1msTick) for LL_Init1msTick
    main.o(i.SystemClock_Config) refers to stm32g0xx_ll_utils.o(i.LL_SetSystemCoreClock) for LL_SetSystemCoreClock
    main.o(i.main) refers to main.o(i.SystemClock_Config) for SystemClock_Config
    main.o(i.main) refers to dma.o(i.MX_DMA_Init) for MX_DMA_Init
    main.o(i.main) refers to gpio.o(i.MX_GPIO_Init) for MX_GPIO_Init
    main.o(i.main) refers to tim.o(i.MX_TIM1_Init) for MX_TIM1_Init
    main.o(i.main) refers to tim.o(i.MX_TIM3_Init) for MX_TIM3_Init
    main.o(i.main) refers to spi.o(i.MX_SPI1_Init) for MX_SPI1_Init
    main.o(i.main) refers to usart.o(i.MX_USART2_UART_Init) for MX_USART2_UART_Init
    main.o(i.main) refers to tim.o(i.MX_TIM14_Init) for MX_TIM14_Init
    main.o(i.main) refers to hal_control_uart.o(i.HAL_Control_UartInit) for HAL_Control_UartInit
    main.o(i.main) refers to 25qflash.o(i.falsh_init) for falsh_init
    main.o(i.main) refers to serialctrl_memopt.o(i.memopt_index_init) for memopt_index_init
    main.o(i.main) refers to serialctrl_ircaddrproc.o(i.mmc_ircode_addr_flash) for mmc_ircode_addr_flash
    main.o(i.main) refers to ircode_emit.o(i.ircode_emit_inarray) for ircode_emit_inarray
    main.o(i.main) refers to hal_sm_mainloop.o(i.HAL_SM_MainLoop) for HAL_SM_MainLoop
    main.o(i.main) refers to main.o(.data) for .data
    gpio.o(i.MX_GPIO_Init) refers to memseta.o(.text) for __aeabi_memclr4
    gpio.o(i.MX_GPIO_Init) refers to gpio.o(i.LL_IOP_GRP1_EnableClock) for LL_IOP_GRP1_EnableClock
    gpio.o(i.MX_GPIO_Init) refers to stm32g0xx_ll_gpio.o(i.LL_GPIO_Init) for LL_GPIO_Init
    gpio.o(i.MX_GPIO_Init) refers to stm32g0xx_ll_exti.o(i.LL_EXTI_Init) for LL_EXTI_Init
    dma.o(i.MX_DMA_Init) refers to dma.o(i.__NVIC_SetPriority) for __NVIC_SetPriority
    dma.o(i.MX_DMA_Init) refers to dma.o(i.__NVIC_EnableIRQ) for __NVIC_EnableIRQ
    spi.o(i.LL_DMA_SetChannelPriorityLevel) refers to spi.o(.constdata) for .constdata
    spi.o(i.LL_DMA_SetDataTransferDirection) refers to spi.o(.constdata) for .constdata
    spi.o(i.LL_DMA_SetMemoryIncMode) refers to spi.o(.constdata) for .constdata
    spi.o(i.LL_DMA_SetMemorySize) refers to spi.o(.constdata) for .constdata
    spi.o(i.LL_DMA_SetMode) refers to spi.o(.constdata) for .constdata
    spi.o(i.LL_DMA_SetPeriphIncMode) refers to spi.o(.constdata) for .constdata
    spi.o(i.LL_DMA_SetPeriphSize) refers to spi.o(.constdata) for .constdata
    spi.o(i.MX_SPI1_Init) refers to memseta.o(.text) for __aeabi_memclr4
    spi.o(i.MX_SPI1_Init) refers to stm32g0xx_ll_gpio.o(i.LL_GPIO_Init) for LL_GPIO_Init
    spi.o(i.MX_SPI1_Init) refers to spi.o(i.LL_DMA_SetPeriphRequest) for LL_DMA_SetPeriphRequest
    spi.o(i.MX_SPI1_Init) refers to spi.o(i.LL_DMA_SetDataTransferDirection) for LL_DMA_SetDataTransferDirection
    spi.o(i.MX_SPI1_Init) refers to spi.o(i.LL_DMA_SetChannelPriorityLevel) for LL_DMA_SetChannelPriorityLevel
    spi.o(i.MX_SPI1_Init) refers to spi.o(i.LL_DMA_SetMode) for LL_DMA_SetMode
[...]
    .bss                                     0x20000ca0   Section       32  radio.o(.bss)
    HEAP                                     0x20000cc0   Section     4096  startup_stm32g030xx.o(HEAP)
    STACK                                    0x20001cc0   Section      768  startup_stm32g030xx.o(STACK)

    Global Symbols

    Symbol Name                              Value     Ov Type        Size  Object(Section)

    BuildAttributes$$THM_ISAv3M$S$PE$A:L22$X:L11$S22$IEEE1$IW$USESV6$~STKCKD$USESV7$~SHL$OSPACE$ROPI$EBA8$MICROLIB$REQ8$PRES8$EABIv2 0x00000000   Number         0  anon$$obj.o ABSOLUTE
    __ARM_use_no_argv                        0x00000000   Number         0  main.o ABSOLUTE
    _printf_a                                0x00000000   Number         0  stubs.o ABSOLUTE
    _printf_c                                0x00000000   Number         0  stubs.o ABSOLUTE
    _printf_charcount                        0x00000000   Number         0  stubs.o ABSOLUTE
    _printf_d                                0x00000000   Number         0  stubs.o ABSOLUTE
    _printf_e                                0x00000000   Number         0  stubs.o ABSOLUTE
    _printf_f                                0x00000000   Number         0  stubs.o ABSOLUTE
    _printf_flags                            0x00000000   Number         0  stubs.o ABSOLUTE
    _printf_fp_dec                           0x00000000   Number         0  stubs.o ABSOLUTE
    _printf_fp_hex                           0x00000000   Number         0  stubs.o ABSOLUTE
    _printf_g                                0x00000000   Number         0  stubs.o ABSOLUTE
    _printf_i                                0x00000000   Number         0  stubs.o ABSOLUTE
    _printf_int_dec                          0x00000000   Number         0  stubs.o ABSOLUTE
    _printf_l                                0x00000000   Number         0  stubs.o ABSOLUTE
    _printf_lc                               0x00000000   Number         0  stubs.o ABSOLUTE
    _printf_ll                               0x00000000   Number         0  stubs.o ABSOLUTE
    _printf_lld                              0x00000000   Number         0  stubs.o ABSOLUTE
    _printf_lli                              0x00000000   Number         0  stubs.o ABSOLUTE
    _printf_llo                              0x00000000   Number         0  stubs.o ABSOLUTE
    _printf_llu                              0x00000000   Number         0  stubs.o ABSOLUTE
    _printf_llx                              0x00000000   Number         0  stubs.o ABSOLUTE
    _printf_longlong_dec                     0x00000000   Number         0  stubs.o ABSOLUTE
    _printf_longlong_hex                     0x00000000   Number         0  stubs.o ABSOLUTE
    _printf_longlong_oct                     0x00000000   Number         0  stubs.o ABSOLUTE
    _printf_ls                               0x00000000   Number         0  stubs.o ABSOLUTE
    _printf_mbtowc                           0x00000000   Number         0  stubs.o ABSOLUTE
    _printf_n                                0x00000000   Number         0  stubs.o ABSOLUTE
    _printf_o                                0x00000000   Number         0  stubs.o ABSOLUTE
    _printf_p                                0x00000000   Number         0  stubs.o ABSOLUTE
    _printf_percent                          0x00000000   Number         0  stubs.o ABSOLUTE
    _printf_pre_padding                      0x00000000   Number         0  stubs.o ABSOLUTE
    _printf_return_value                     0x00000000   Number         0  stubs.o ABSOLUTE
    _printf_s                                0x00000000   Number         0  stubs.o ABSOLUTE
    _printf_sizespec                         0x00000000   Number         0  stubs.o ABSOLUTE
    _printf_str                              0x00000000   Number         0  stubs.o ABSOLUTE
    _printf_truncate_signed                  0x00000000   Number         0  stubs.o ABSOLUTE
    _printf_truncate_unsigned                0x00000000   Number         0  stubs.o ABSOLUTE
    _printf_u                                0x00000000   Number         0  stubs.o ABSOLUTE
    _printf_wc                               0x00000000   Number         0  stubs.o ABSOLUTE
    _printf_wctomb                           0x00000000   Number         0  stubs.o ABSOLUTE
    _printf_widthprec                        0x00000000   Number         0  stubs.o ABSOLUTE
    _printf_x                                0x00000000   Number         0  stubs.o ABSOLUTE
    __arm_fini_                               - Undefined Weak Reference
    __cpp_initialize__aeabi_                  - Undefined Weak Reference
    __cxa_finalize                            - Undefined Weak Reference
    _clock_init                               - Undefined Weak Reference
    _microlib_exit                            - Undefined Weak Reference
    __Vectors_Size                           0x000000c0   Number         0  startup_stm32g030xx.o ABSOLUTE
    __Vectors                                0x08000000   Data           4  startup_stm32g030xx.o(RESET)
    __Vectors_End                            0x080000c0   Data           0  startup_stm32g030xx.o(RESET)
    __main                                   0x080000c1   Thumb Code     0  entry.o(.ARM.Collect$$$$00000000)
    _main_stk                                0x080000c1   Thumb Code     0  entry2.o(.ARM.Collect$$$$00000001)
    _main_scatterload                        0x080000c5   Thumb Code     0  entry5.o(.ARM.Collect$$$$00000004)
    __main_after_scatterload                 0x080000c9   Thumb Code     0  entry5.o(.ARM.Collect$$$$00000004)
    _main_clock                              0x080000c9   Thumb Code     0  entry7b.o(.ARM.Collect$$$$00000008)
    _main_cpp_init                           0x080000c9   Thumb Code     0  entry8b.o(.ARM.Collect$$$$0000000A)
    _main_init                               0x080000c9   Thumb Code     0  entry9a.o(.ARM.Collect$$$$0000000B)
    __rt_lib_shutdown_fini                   0x080000d1   Thumb Code     0  entry12b.o(.ARM.Collect$$$$0000000E)
    __rt_final_cpp                           0x080000d5   Thumb Code     0  entry10a.o(.ARM.Collect$$$$0000000F)
    __rt_final_exit                          0x080000d5   Thumb Code     0  entry11a.o(.ARM.Collect$$$$00000011)
    Reset_Handler                            0x080000d9   Thumb Code     8  startup_stm32g030xx.o(.text)
    ADC1_IRQHandler                          0x080000eb   Thumb Code     0  startup_stm32g030xx.o(.text)
    EXTI0_1_IRQHandler                       0x080000eb   Thumb Code     0  startup_stm32g030xx.o(.text)
    EXTI2_3_IRQHandler                       0x080000eb   Thumb Code     0  startup_stm32g030xx.o(.text)
    FLASH_IRQHandler                         0x080000eb   Thumb Code     0  startup_stm32g030xx.o(.text)
    I2C1_IRQHandler                          0x080000eb   Thumb Code     0  startup_stm32g030xx.o(.text)
    I2C2_IRQHandler                          0x080000eb   Thumb Code     0  startup_stm32g030xx.o(.text)
    RCC_IRQHandler                           0x080000eb   Thumb Code     0  startup_stm32g030xx.o(.text)
    RTC_TAMP_IRQHandler                      0x080000eb   Thumb Code     0  startup_stm32g030xx.o(.text)
    SPI1_IRQHandler                          0x080000eb   Thumb Code     0  startup_stm32g030xx.o(.text)
    SPI2_IRQHandler                          0x080000eb   Thumb Code     0  startup_stm32g030xx.o(.text)
    TIM16_IRQHandler                         0x080000eb   Thumb Code     0  startup_stm32g030xx.o(.text)
    TIM17_IRQHandler                         0x080000eb   Thumb Code     0  startup_stm32g030xx.o(.text)
    TIM3_IRQHandler                          0x080000eb   Thumb Code     0  startup_stm32g030xx.o(.text)
    USART1_IRQHandler                        0x080000eb   Thumb Code     0  startup_stm32g030xx.o(.text)
    WWDG_IRQHandler                          0x080000eb   Thumb Code     0  startup_stm32g030xx.o(.text)
    __aeabi_uidiv                            0x080000f5   Thumb Code     0  uidiv.o(.text)
    __aeabi_uidivmod                         0x080000f5   Thumb Code    44  uidiv.o(.text)
    __aeabi_idiv                             0x08000121   Thumb Code     0  idiv.o(.text)
    __aeabi_idivmod                          0x08000121   Thumb Code    40  idiv.o(.text)
    __aeabi_uldivmod                         0x08000149   Thumb Code    96  uldiv.o(.text)
    __aeabi_llsl                             0x080001a9   Thumb Code    32  llshl.o(.text)
    _ll_shift_l                              0x080001a9   Thumb Code     0  llshl.o(.text)
    __aeabi_llsr                             0x080001c9   Thumb Code    34  llushr.o(.text)
    _ll_ushift_r                             0x080001c9   Thumb Code     0  llushr.o(.text)
    __aeabi_memcpy                           0x080001eb   Thumb Code    36  memcpya.o(.text)
    __aeabi_memcpy4                          0x080001eb   Thumb Code     0  memcpya.o(.text)
    __aeabi_memcpy8                          0x080001eb   Thumb Code     0  memcpya.o(.text)
    __aeabi_memset                           0x0800020f   Thumb Code    14  memseta.o(.text)
    __aeabi_memset4                          0x0800020f   Thumb Code     0  memseta.o(.text)
    __aeabi_memset8                          0x0800020f   Thumb Code     0  memseta.o(.text)
    __aeabi_memclr                           0x0800021d   Thumb Code     4  memseta.o(.text)
    __aeabi_memclr4                          0x0800021d   Thumb Code     0  memseta.o(.text)
    __aeabi_memclr8                          0x0800021d   Thumb Code     0  memseta.o(.text)
    _memset$wrapper                          0x08000221   Thumb Code    18  memseta.o(.text)
    strcat                                   0x08000233   Thumb Code    24  strcat.o(.text)
    strlen                                   0x0800024b   Thumb Code    14  strlen.o(.text)
    strcmp                                   0x08000259   Thumb Code    28  strcmp.o(.text)
    memcmp                                   0x08000275   Thumb Code    26  memcmp.o(.text)
    calloc                                   0x0800028f   Thumb Code    28  calloc.o(.text)
    atoi                                     0x080002ab   Thumb Code    26  atoi.o(.text)
    strtol                                   0x080002c5   Thumb Code   108  strtol.o(.text)
    __scatterload                            0x08000335   Thumb Code    28  init.o(.text)
    __scatterload_rt2                        0x08000335   Thumb Code     0  init.o(.text)
    __rt_ctype_table                         0x08000359   Thumb Code     4  ctype_o.o(.text)
    _strtoul                                 0x08000361   Thumb Code   166  _strtoul.o(.text)
    _chval                                   0x08000407   Thumb Code    30  _chval.o(.text)
    __decompress                             0x08000425   Thumb Code     0  __dczerorl2.o(.text)
    __decompress1                            0x08000425   Thumb Code    86  __dczerorl2.o(.text)
    Add_SubIREmitTask                        0x0800047d   Thumb Code    14  task_iremit.o(i.Add_SubIREmitTask)
    CMT2300A_AutoSwitchStatus                0x08000491   Thumb Code   154  cmt2300a.o(i.CMT2300A_AutoSwitchStatus)
    CMT2300A_ClearInterruptFlags             0x08000531   Thumb Code   182  cmt2300a.o(i.CMT2300A_ClearInterruptFlags)
    CMT2300A_ClearRxFifo                     0x080005e7   Thumb Code    22  cmt2300a.o(i.CMT2300A_ClearRxFifo)
    CMT2300A_ClearTxFifo                     0x080005fd   Thumb Code    22  cmt2300a.o(i.CMT2300A_ClearTxFifo)
    CMT2300A_ConfigGpio                      0x08000613   Thumb Code    12  cmt2300a.o(i.CMT2300A_ConfigGpio)
    CMT2300A_ConfigInterrupt                 0x0800061f   Thumb Code    50  cmt2300a.o(i.CMT2300A_ConfigInterrupt)
    CMT2300A_ConfigRegBank                   0x08000651   Thumb Code    34  cmt2300a.o(i.CMT2300A_ConfigRegBank)
    CMT2300A_Device_Init                     0x08000675   Thumb Code    42  radio.o(i.CMT2300A_Device_Init)
    CMT2300A_Device_ReInit                   0x080006a5   Thumb Code    32  radio.o(i.CMT2300A_Device_ReInit)
    CMT2300A_EnableInterrupt                 0x080006c9   Thumb Code    12  cmt2300a.o(i.CMT2300A_EnableInterrupt)
    CMT2300A_EnableLfosc                     0x080006d5   Thumb Code    48  cmt2300a.o(i.CMT2300A_EnableLfosc)
    CMT2300A_EnableReadFifo                  0x08000705   Thumb Code    24  cmt2300a.o(i.CMT2300A_EnableReadFifo)
    CMT2300A_EnableWriteFifo                 0x0800071d   Thumb Code    24  cmt2300a.o(i.CMT2300A_EnableWriteFifo)
    CMT2300A_GetChipStatus                   0x08000735   Thumb Code    14  cmt2300a.o(i.CMT2300A_GetChipStatus)
    CMT2300A_Go2RXMode                       0x08000743   Thumb Code    30  radio.o(i.CMT2300A_Go2RXMode)
    CMT2300A_GoRx                            0x08000761   Thumb Code    10  cmt2300a.o(i.CMT2300A_GoRx)
    CMT2300A_GoSleep                         0x0800076b   Thumb Code    10  cmt2300a.o(i.CMT2300A_GoSleep)
    CMT2300A_GoStby                          0x08000775   Thumb Code    10  cmt2300a.o(i.CMT2300A_GoStby)
    CMT2300A_GoTx                            0x0800077f   Thumb Code    10  cmt2300a.o(i.CMT2300A_GoTx)
    CMT2300A_Init                            0x08000789   Thumb Code    66  cmt2300a.o(i.CMT2300A_Init)
    CMT2300A_InitGpio                        0x080007cd   Thumb Code    18  cmt2300a_hal.o(i.CMT2300A_InitGpio)
    CMT2300A_IsExist                         0x080007e5   Thumb Code    46  cmt2300a.o(i.CMT2300A_IsExist)
    CMT2300A_ReadFifo                        0x08000813   Thumb Code     8  cmt2300a_hal.o(i.CMT2300A_ReadFifo)
    CMT2300A_ReadReg                         0x0800081b   Thumb Code    18  cmt2300a_hal.o(i.CMT2300A_ReadReg)
    CMT2300A_SetFrequencyChannel             0x0800082d   Thumb Code    12  cmt2300a.o(i.CMT2300A_SetFrequencyChannel)
    CMT2300A_SetFrequencyStep                0x08000839   Thumb Code    12  cmt2300a.o(i.CMT2300A_SetFrequencyStep)
    CMT2300A_SetPayloadLength                0x08000845   Thumb Code    38  cmt2300a.o(i.CMT2300A_SetPayloadLength)
    CMT2300A_SetPktType                      0x0800086b   Thumb Code    24  cmt2300a.o(i.CMT2300A_SetPktType)
    CMT2300A_SoftReset                       0x08000883   Thumb Code    12  cmt2300a.o(i.CMT2300A_SoftReset)
    CMT2300A_WriteFifo                       0x0800088f   Thumb Code     8  cmt2300a_hal.o(i.CMT2300A_WriteFifo)
    CMT2300A_WriteReg                        0x08000897   Thumb Code     8  cmt2300a_hal.o(i.CMT2300A_WriteReg)
    DMA1_Ch4_5_DMAMUX1_OVR_IRQHandler        0x0800089f   Thumb Code     2  stm32g0xx_it.o(i.DMA1_Ch4_5_DMAMUX1_OVR_IRQHandler)
    DMA1_Channel1_IRQHandler                 0x080008a1   Thumb Code     2  stm32g0xx_it.o(i.DMA1_Channel1_IRQHandler)
    DMA1_Channel2_3_IRQHandler               0x080008a3   Thumb Code     2  stm32g0xx_it.o(i.DMA1_Channel2_3_IRQHandler)
    Del_SubIREmitTask                        0x080008a5   Thumb Code    14  task_iremit.o(i.Del_SubIREmitTask)
    EXTI4_15_IRQHandler                      0x080008b9   Thumb Code   112  stm32g0xx_it.o(i.EXTI4_15_IRQHandler)
    HAL_Control_DeviceInit                   0x0800093d   Thumb Code    24  hal_control_export_api.o(i.HAL_Control_DeviceInit)
    HAL_Control_UartInit                     0x08000959   Thumb Code   148  hal_control_uart.o(i.HAL_Control_UartInit)
    HAL_ERROR_FuncPointJumpArguCheck         0x080009fd   Thumb Code    22  hal_control_error.o(i.HAL_ERROR_FuncPointJumpArguCheck)
    HAL_IO_Init                              0x08000a1d   Thumb Code     2  hal_control_gpio.o(i.HAL_IO_Init)
    HAL_IO_ReadPin                           0x08000a21   Thumb Code    76  hal_control_gpio.o(i.HAL_IO_ReadPin)
    HAL_IO_SetState                          0x08000b05   Thumb Code    32  hal_control_gpio.o(i.HAL_IO_SetState)
    HAL_SM_ChangeNodeState                   0x08000b7d   Thumb Code    90  hal_sm_mainloop.o(i.HAL_SM_ChangeNodeState)
    HAL_SM_DeviceInitTask                    0x08000be1   Thumb Code    18  hal_sm_inittask_api.o(i.HAL_SM_DeviceInitTask)
    HAL_SM_Init                              0x08000bf5   Thumb Code    68  hal_sm_mainloop.o(i.HAL_SM_Init)
    HAL_SM_MainLoop                          0x08000c41   Thumb Code    16  hal_sm_mainloop.o(i.HAL_SM_MainLoop)
    HAL_SM_RequestFuncNode                   0x08000c55   Thumb Code    40  hal_sm_mainloop.o(i.HAL_SM_RequestFuncNode)
    HAL_SM_RequestFuncState                  0x08000c85   Thumb Code    42  hal_sm_mainloop.o(i.HAL_SM_RequestFuncState)
    HAL_SM_TaskRun                           0x08000cb9   Thumb Code   134  hal_sm_mainloop.o(i.HAL_SM_TaskRun)
    HAL_SM_TimeCounter                       0x08000d49   Thumb Code    98  hal_sm_mainloop.o(i.HAL_SM_TimeCounter)
    HardFault_Handler                        0x08000db5   Thumb Code     2  stm32g0xx_it.o(i.HardFault_Handler)
    Int_FLASH_ClearFlag                      0x08000db9   Thumb Code    16  driver_flash.o(i.Int_FLASH_ClearFlag)
    Int_FLASH_ErasePage                      0x08000dcd   Thumb Code    64  driver_flash.o(i.Int_FLASH_ErasePage)
    Int_FLASH_Lock                           0x08000e15   Thumb Code    20  driver_flash.o(i.Int_FLASH_Lock)
    Int_FLASH_ProgramDoubleWord              0x08000e2d   Thumb Code    56  driver_flash.o(i.Int_FLASH_ProgramDoubleWord)
    Int_FLASH_Unlock                         0x08000e69   Thumb Code    18  driver_flash.o(i.Int_FLASH_Unlock)
    Int_flash_read                           0x08000e89   Thumb Code    36  driver_flash.o(i.Int_flash_read)
    Int_flash_read_double_word               0x08000ead   Thumb Code    16  driver_flash.o(i.Int_flash_read_double_word)
    Int_flash_write                          0x08000ec1   Thumb Code   224  driver_flash.o(i.Int_flash_write)
    Int_flash_write_nocheck                  0x08000fa9   Thumb Code    42  driver_flash.o(i.Int_flash_write_nocheck)
    LL_EXTI_Init                             0x08001215   Thumb Code   182  stm32g0xx_ll_exti.o(i.LL_EXTI_Init)
    LL_GPIO_Init                             0x080012d1   Thumb Code   172  stm32g0xx_ll_gpio.o(i.LL_GPIO_Init)
    LL_Init1msTick                           0x080013cd   Thumb Code    26  stm32g0xx_ll_utils.o(i.LL_Init1msTick)
    LL_RCC_GetSystemClocksFreq               0x080013ed   Thumb Code    24  stm32g0xx_ll_rcc.o(i.LL_RCC_GetSystemClocksFreq)
    LL_RCC_GetUSARTClockFreq                 0x08001405   Thumb Code    92  stm32g0xx_ll_rcc.o(i.LL_RCC_GetUSARTClockFreq)
    LL_SPI_Init                              0x08001469   Thumb Code   118  stm32g0xx_ll_spi.o(i.LL_SPI_Init)
    LL_SetSystemCoreClock                    0x080014e9   Thumb Code     6  stm32g0xx_ll_utils.o(i.LL_SetSystemCoreClock)
    LL_TIM_Init                              0x08001561   Thumb Code    98  stm32g0xx_ll_tim.o(i.LL_TIM_Init)
    LL_TIM_OC_Init                           0x080015d9   Thumb Code    98  stm32g0xx_ll_tim.o(i.LL_TIM_OC_Init)
    LL_USART_Init                            0x0800163d   Thumb Code   208  stm32g0xx_ll_usart.o(i.LL_USART_Init)
    LL_mDelay                                0x08001721   Thumb Code    30  stm32g0xx_ll_utils.o(i.LL_mDelay)
    MX_DMA_Init                              0x08001745   Thumb Code    62  dma.o(i.MX_DMA_Init)
    MX_GPIO_Init                             0x08001789   Thumb Code   302  gpio.o(i.MX_GPIO_Init)
    MX_SPI1_Init                             0x080018cd   Thumb Code   356  spi.o(i.MX_SPI1_Init)
    MX_TIM14_Init                            0x08001a3d   Thumb Code    90  tim.o(i.MX_TIM14_Init)
    MX_TIM1_Init                             0x08001a9d   Thumb Code   256  tim.o(i.MX_TIM1_Init)
    MX_TIM3_Init                             0x08001bb1   Thumb Code   186  tim.o(i.MX_TIM3_Init)
    MX_USART2_UART_Init                      0x08001c81   Thumb Code   364  usart.o(i.MX_USART2_UART_Init)
    NMI_Handler                              0x08001e01   Thumb Code     2  stm32g0xx_it.o(i.NMI_Handler)
    PendSV_Handler                           0x080020f1   Thumb Code     2  stm32g0xx_it.o(i.PendSV_Handler)
    RFSendPacket                             0x080021bd   Thumb Code   144  radio.o(i.RFSendPacket)
    RF_Config                                0x08002259   Thumb Code    34  radio.o(i.RF_Config)
    RF_Init                                  0x0800227d   Thumb Code   112  radio.o(i.RF_Init)
    ResetIOMode_In                           0x080022f5   Thumb Code    38  gpio_defs.o(i.ResetIOMode_In)
    ResetIOMode_Out                          0x0800231b   Thumb Code    42  gpio_defs.o(i.ResetIOMode_Out)
    SVC_Handler                              0x08002345   Thumb Code     2  stm32g0xx_it.o(i.SVC_Handler)
    SysTick_Handler                          0x08002349   Thumb Code    16  stm32g0xx_it.o(i.SysTick_Handler)
    SystemClock_Config                       0x0800235d   Thumb Code   144  main.o(i.SystemClock_Config)
    SystemInit                               0x08002401   Thumb Code     2  system_stm32g0xx.o(i.SystemInit)
    TIM14_IRQHandler                         0x08002403   Thumb Code     8  stm32g0xx_it.o(i.TIM14_IRQHandler)
    TIM1_BRK_UP_TRG_COM_IRQHandler           0x0800240d   Thumb Code    26  stm32g0xx_it.o(i.TIM1_BRK_UP_TRG_COM_IRQHandler)
    TIM1_CC_IRQHandler                       0x0800242d   Thumb Code    34  stm32g0xx_it.o(i.TIM1_CC_IRQHandler)
    Task_COM_AddCycFunc                      0x08002455   Thumb Code    72  task_commonfile.o(i.Task_COM_AddCycFunc)
    Task_COM_InitSubFuncInfoStruct           0x0800249d   Thumb Code    22  task_commonfile.o(i.Task_COM_InitSubFuncInfoStruct)
    Task_Com_DelCycFunc                      0x080024b3   Thumb Code   118  task_commonfile.o(i.Task_Com_DelCycFunc)
    Task_Com_TimeCounterHandler              0x08002529   Thumb Code   192  task_commonfile.o(i.Task_Com_TimeCounterHandler)
    Task_IREmit_Handler_IDLE                 0x080025e9   Thumb Code    16  task_iremit.o(i.Task_IREmit_Handler_IDLE)
    Task_IREmit_Handler_Run                  0x080025fd   Thumb Code    10  task_iremit.o(i.Task_IREmit_Handler_Run)
    Task_IREmit_Handler_Uninit               0x0800260d   Thumb Code    44  task_iremit.o(i.Task_IREmit_Handler_Uninit)
    Task_IREmit_MainLoop                     0x08002641   Thumb Code    22  task_iremit.o(i.Task_IREmit_MainLoop)
    Task_Key_Handler_IDLE                    0x0800265d   Thumb Code    16  task_key.o(i.Task_Key_Handler_IDLE)
    Task_Key_Handler_Run                     0x08002671   Thumb Code    10  task_key.o(i.Task_Key_Handler_Run)
    Task_Key_Handler_Uninit                  0x08002681   Thumb Code   104  task_key.o(i.Task_Key_Handler_Uninit)
    Task_Key_MainLoop                        0x080026fd   Thumb Code    22  task_key.o(i.Task_Key_MainLoop)
    Task_LED_Handler_IDLE                    0x08002719   Thumb Code    14  task_led.o(i.Task_LED_Handler_IDLE)
    Task_LED_Handler_Run                     0x08002729   Thumb Code    22  task_led.o(i.Task_LED_Handler_Run)
    Task_LED_Handler_Uninit                  0x08002745   Thumb Code    42  task_led.o(i.Task_LED_Handler_Uninit)
    Task_LED_MainLoop                        0x08002779   Thumb Code    26  task_led.o(i.Task_LED_MainLoop)
    Task_RF_Handler_IDLE                     0x08002799   Thumb Code    16  task_433communicate.o(i.Task_RF_Handler_IDLE)
    Task_RF_Handler_Run                      0x080027ad   Thumb Code    22  task_433communicate.o(i.Task_RF_Handler_Run)
    Task_RF_Handler_Uninit                   0x080027c9   Thumb Code   158  task_433communicate.o(i.Task_RF_Handler_Uninit)
    Task_RF_MainLoop                         0x0800288d   Thumb Code    22  task_433communicate.o(i.Task_RF_MainLoop)
    Task_Serial_Handler_IDLE                 0x080028a9   Thumb Code    12  task_serial.o(i.Task_Serial_Handler_IDLE)
    Task_Serial_Handler_Run                  0x080028bd   Thumb Code     2  task_serial.o(i.Task_Serial_Handler_Run)
    Task_Serial_Handler_Uninit               0x080028c1   Thumb Code    40  task_serial.o(i.Task_Serial_Handler_Uninit)
    Task_Serial_MainLoop                     0x080028f1   Thumb Code    26  task_serial.o(i.Task_Serial_MainLoop)
    USART2_IRQHandler                        0x08002911   Thumb Code     8  stm32g0xx_it.o(i.USART2_IRQHandler)
    __ARM_common_switch8                     0x08002919   Thumb Code    26  hal_control_gpio.o(i.__ARM_common_switch8)
    __aeabi_errno_addr                       0x080029ed   Thumb Code     4  errno.o(i.__aeabi_errno_addr)
    __rt_errno_addr                          0x080029ed   Thumb Code     0  errno.o(i.__aeabi_errno_addr)
    __scatterload_copy                       0x080029f5   Thumb Code    14  handlers.o(i.__scatterload_copy)
    __scatterload_null                       0x08002a03   Thumb Code     2  handlers.o(i.__scatterload_null)
    __scatterload_zeroinit                   0x08002a05   Thumb Code    14  handlers.o(i.__scatterload_zeroinit)
    cmt_spi3_delay                           0x08002a13   Thumb Code    10  cmt_spi3.o(i.cmt_spi3_delay)
    cmt_spi3_delay_us                        0x08002a1d   Thumb Code    14  cmt_spi3.o(i.cmt_spi3_delay_us)
    cmt_spi3_init                            0x08002a2d   Thumb Code    76  cmt_spi3.o(i.cmt_spi3_init)
    cmt_spi3_read                            0x08002a7d   Thumb Code   120  cmt_spi3.o(i.cmt_spi3_read)
    cmt_spi3_read_fifo                       0x08002af9   Thumb Code   154  cmt_spi3.o(i.cmt_spi3_read_fifo)
    cmt_spi3_recv                            0x08002b99   Thumb Code    58  cmt_spi3.o(i.cmt_spi3_recv)
    cmt_spi3_send                            0x08002bd3   Thumb Code    54  cmt_spi3.o(i.cmt_spi3_send)
    cmt_spi3_write                           0x08002c09   Thumb Code   110  cmt_spi3.o(i.cmt_spi3_write)
    cmt_spi3_write_fifo                      0x08002c7d   Thumb Code   154  cmt_spi3.o(i.cmt_spi3_write_fifo)
    falsh_get_jedec                          0x08002d1d   Thumb Code     6  25qflash.o(i.falsh_get_jedec)
    falsh_init                               0x08002d29   Thumb Code    32  25qflash.o(i.falsh_init)
    flash_busy_stat_outime_checker_spt       0x08002d81   Thumb Code    48  25qflash.o(i.flash_busy_stat_outime_checker_spt)
    flash_chip_erase                         0x08002db5   Thumb Code    54  25qflash.o(i.flash_chip_erase)
    flash_fread                              0x08002df1   Thumb Code   104  25qflash.o(i.flash_fread)
    flash_read_jedec                         0x08002e5d   Thumb Code    42  25qflash.o(i.flash_read_jedec)
    flash_read_status                        0x08002e91   Thumb Code    52  25qflash.o(i.flash_read_status)
    flash_release_buf                        0x08002ec9   Thumb Code    22  25qflash.o(i.flash_release_buf)
    flash_release_buf_w                      0x08002ee5   Thumb Code    20  25qflash.o(i.flash_release_buf_w)
    flash_reset                              0x08002efd   Thumb Code    42  25qflash.o(i.flash_reset)
    flash_sector_erase                       0x08002f2d   Thumb Code    60  25qflash.o(i.flash_sector_erase)
    flash_time_counter                       0x08002f81   Thumb Code    16  25qflash.o(i.flash_time_counter)
    flash_write                              0x08002f95   Thumb Code   446  25qflash.o(i.flash_write)
    flash_writen                             0x08003159   Thumb Code    32  25qflash.o(i.flash_writen)
    free                                     0x08003179   Thumb Code    80  malloc.o(i.free)
    gen_link_add                             0x080031cd   Thumb Code    70  gen_link_list.o(i.gen_link_add)
    gen_link_creat                           0x08003213   Thumb Code    58  gen_link_list.o(i.gen_link_creat)
    gen_link_delate                          0x0800324d   Thumb Code    56  gen_link_list.o(i.gen_link_delate)
    gen_link_get                             0x08003285   Thumb Code   122  gen_link_list.o(i.gen_link_get)
    gen_link_remove                          0x080032ff   Thumb Code    84  gen_link_list.o(i.gen_link_remove)
    hal_control_spi_init                     0x08003355   Thumb Code    68  hal_control_spi.o(i.hal_control_spi_init)
    hal_control_spi_rw                       0x080033a1   Thumb Code   118  hal_control_spi.o(i.hal_control_spi_rw)
    hal_control_uart2_interrupt              0x08003425   Thumb Code   158  hal_control_uart.o(i.hal_control_uart2_interrupt)
    hal_control_uart2_send                   0x080034d9   Thumb Code    82  hal_control_uart.o(i.hal_control_uart2_send)
    ircode_catch_enable                      0x08003539   Thumb Code   158  ircode_catch.o(i.ircode_catch_enable)
    ircode_catch_free_data                   0x080035e1   Thumb Code    20  ircode_catch.o(i.ircode_catch_free_data)
    ircode_catch_get_p                       0x080035f9   Thumb Code     6  ircode_catch.o(i.ircode_catch_get_p)
    ircode_catch_init_data                   0x08003605   Thumb Code    38  ircode_catch.o(i.ircode_catch_init_data)
    ircode_catch_it_handler                  0x08003631   Thumb Code   158  ircode_catch.o(i.ircode_catch_it_handler)
    ircode_catch_send                        0x080036dd   Thumb Code   112  ircode_catch.o(i.ircode_catch_send)
    ircode_emit_addcode                      0x08003751   Thumb Code   444  ircode_emit.o(i.ircode_emit_addcode)
    ircode_emit_directSend                   0x08003911   Thumb Code    34  ircode_emit.o(i.ircode_emit_directSend)
    ircode_emit_handler_timeout              0x0800393d   Thumb Code    26  ircode_emit.o(i.ircode_emit_handler_timeout)
    ircode_emit_inarray                      0x0800395d   Thumb Code   166  ircode_emit.o(i.ircode_emit_inarray)
    ircode_emit_it_handler                   0x08003a09   Thumb Code   140  ircode_emit.o(i.ircode_emit_it_handler)
    ircode_emit_start                        0x08003aa5   Thumb Code   100  ircode_emit.o(i.ircode_emit_start)
    ircode_htonc                             0x08003b15   Thumb Code    28  ircode_catch.o(i.ircode_htonc)
    ircode_ircode_emit_getInArrayNum         0x08003b31   Thumb Code     6  ircode_emit.o(i.ircode_ircode_emit_getInArrayNum)
    ircode_nctoh                             0x08003b3d   Thumb Code     8  ircode_catch.o(i.ircode_nctoh)
    ircode_outime_it_handler                 0x08003b45   Thumb Code    88  ircode_catch.o(i.ircode_outime_it_handler)
    key_clear_evens                          0x08003ba5   Thumb Code    12  driver_key.o(i.key_clear_evens)
    key_scan_task                            0x08003bc9   Thumb Code   150  driver_key.o(i.key_scan_task)
    main                                     0x08003c65   Thumb Code   140  main.o(i.main)
    malloc                                   0x08003d01   Thumb Code    92  malloc.o(i.malloc)
    memopt_index_get_index_mask              0x08003d6d   Thumb Code     6  serialctrl_memopt.o(i.memopt_index_get_index_mask)
    memopt_index_init                        0x08003d79   Thumb Code   106  serialctrl_memopt.o(i.memopt_index_init)
    memopt_index_mask_remove                 0x08003ded   Thumb Code    30  serialctrl_memopt.o(i.memopt_index_mask_remove)
    memopt_index_read                        0x08003e11   Thumb Code    74  serialctrl_memopt.o(i.memopt_index_read)
    memopt_index_remove                      0x08003e65   Thumb Code   216  serialctrl_memopt.o(i.memopt_index_remove)
    memopt_index_write                       0x08003f41   Thumb Code   188  serialctrl_memopt.o(i.memopt_index_write)
    memory_channel_num_read                  0x08004005   Thumb Code    18  driver_memory.o(i.memory_channel_num_read)
    memory_channel_num_write                 0x0800401d   Thumb Code    30  driver_memory.o(i.memory_channel_num_write)
    memory_date_and_time_read                0x08004041   Thumb Code    18  driver_memory.o(i.memory_date_and_time_read)
    memory_date_and_time_write               0x08004059   Thumb Code    30  driver_memory.o(i.memory_date_and_time_write)
    memory_dev_addr_read                     0x0800407d   Thumb Code    18  driver_memory.o(i.memory_dev_addr_read)
    memory_dev_addr_write                    0x08004095   Thumb Code    30  driver_memory.o(i.memory_dev_addr_write)
    memory_get_date_and_time                 0x080040b9   Thumb Code   136  driver_memory.o(i.memory_get_date_and_time)
    memory_get_dev_addr                      0x0800415d   Thumb Code    16  driver_memory.o(i.memory_get_dev_addr)
    memory_group_flag_read                   0x08004171   Thumb Code    18  driver_memory.o(i.memory_group_flag_read)
    memory_group_flag_write                  0x08004189   Thumb Code    30  driver_memory.o(i.memory_group_flag_write)
    memory_host_addr_read                    0x080041ad   Thumb Code    18  driver_memory.o(i.memory_host_addr_read)
    memory_host_addr_write                   0x080041c5   Thumb Code    30  driver_memory.o(i.memory_host_addr_write)
    memory_init                              0x080041e9   Thumb Code   184  driver_memory.o(i.memory_init)
    memory_read_chip_uniqueid                0x080042a9   Thumb Code    18  driver_memory.o(i.memory_read_chip_uniqueid)
    memory_sp_mode_read                      0x080042c5   Thumb Code    18  driver_memory.o(i.memory_sp_mode_read)
    memory_version_num_read                  0x080042dd   Thumb Code    18  driver_memory.o(i.memory_version_num_read)
    mmc_ircode_addr_flash                    0x080042f5   Thumb Code   530  serialctrl_ircaddrproc.o(i.mmc_ircode_addr_flash)
    mmc_ircode_addr_get                      0x0800450d   Thumb Code   162  serialctrl_ircaddrproc.o(i.mmc_ircode_addr_get)
    mx_tim14_setime                          0x080045b5   Thumb Code    14  tim.o(i.mx_tim14_setime)
    mx_tim14_stop                            0x080045c9   Thumb Code    16  tim.o(i.mx_tim14_stop)
    mx_tim3_pwm_deinit                       0x080045dd   Thumb Code    30  tim.o(i.mx_tim3_pwm_deinit)
    mx_tim3_pwm_duty                         0x08004605   Thumb Code    38  tim.o(i.mx_tim3_pwm_duty)
    mx_tim3_pwm_init                         0x08004631   Thumb Code    26  tim.o(i.mx_tim3_pwm_init)
    queue_de                                 0x080052e9   Thumb Code    48  system_queue.o(i.queue_de)
    queue_de_discard                         0x08005319   Thumb Code    34  system_queue.o(i.queue_de_discard)
    queue_en                                 0x0800533b   Thumb Code    54  system_queue.o(i.queue_en)
    queue_init                               0x08005371   Thumb Code    32  system_queue.o(i.queue_init)
    rf_address_respond_or_initiate           0x08005391   Thumb Code   176  api_rf_comm.o(i.rf_address_respond_or_initiate)
    rf_comm_RequestRFInfo                    0x08005591   Thumb Code     4  api_rf_comm.o(i.rf_comm_RequestRFInfo)
    rf_comm_task                             0x08005599   Thumb Code   302  api_rf_comm.o(i.rf_comm_task)
    rf_data_packet_num_reset_task            0x08005721   Thumb Code    10  api_rf_comm.o(i.rf_data_packet_num_reset_task)
    rf_power_on_delay_report_task            0x08005929   Thumb Code    10  api_rf_comm.o(i.rf_power_on_delay_report_task)
    rf_report_initiate                       0x08005c61   Thumb Code   126  api_rf_comm.o(i.rf_report_initiate)
    serial_depkg                             0x08005f09   Thumb Code    80  serialctrl_handler.o(i.serial_depkg)
    serial_inpkg                             0x08005f59   Thumb Code   140  serialctrl_handler.o(i.serial_inpkg)
    serial_msg_handler                       0x08005fe9   Thumb Code   206  serialctrl_handler.o(i.serial_msg_handler)
    sha3                                     0x080060bd   Thumb Code    42  sha3.o(i.sha3)
    sha3_final                               0x080060e7   Thumb Code    58  sha3.o(i.sha3_final)
    sha3_init                                0x08006121   Thumb Code    40  sha3.o(i.sha3_init)
    sha3_keccakf                             0x08006149   Thumb Code   454  sha3.o(i.sha3_keccakf)
    sha3_update                              0x08006319   Thumb Code    58  sha3.o(i.sha3_update)
    system_delay_ms                          0x08006353   Thumb Code    24  cmt2300a_hal.o(i.system_delay_ms)
    system_delay_us                          0x0800636b   Thumb Code    18  cmt2300a_hal.o(i.system_delay_us)
    work_control_task                        0x0800637d   Thumb Code    18  api_work_state.o(i.work_control_task)
    work_even_task                           0x08006395   Thumb Code    46  api_work_state.o(i.work_even_task)
    work_state_RequestInfo                   0x080063cd   Thumb Code     4  api_work_state.o(i.work_state_RequestInfo)
    AHBPrescTable                            0x08006434   Data          64  system_stm32g0xx.o(.constdata)
    APBPrescTable                            0x08006474   Data          32  system_stm32g0xx.o(.constdata)
    g_cmt2300aFrequencyBank                  0x08006620   Data           8  radio.o(.constdata)
    g_cmt2300aCmtBank                        0x08006628   Data          12  radio.o(.constdata)
    g_cmt2300aSystemBank                     0x08006634   Data          12  radio.o(.constdata)
    g_cmt2300aDataRateBank                   0x08006640   Data          24  radio.o(.constdata)
    g_cmt2300aBasebandBank                   0x08006658   Data          29  radio.o(.constdata)
    g_cmt2300aTxBank                         0x08006675   Data          11  radio.o(.constdata)
    __ctype_table                            0x08006689   Data         129  ctype_o.o(.constdata)
    Region$$Table$$Base                      0x08006740   Number         0  anon$$obj.o(Region$$Table)
    Region$$Table$$Limit                     0x08006760   Number         0  anon$$obj.o(Region$$Table)
    test                                     0x20000000   Data          20  main.o(.data)
    SystemCoreClock                          0x20000014   Data           4  system_stm32g0xx.o(.data)
    gptGlobalTaskQueue                       0x2000002c   Data           4  hal_sm_mainloop.o(.data)
    gu32TimeBase                             0x2000003c   Data           4  hal_sm_mainloop.o(.data)
    u2_rx_data_len                           0x200000e8   Data           2  hal_control_uart.o(.data)
    work_state                               0x200000ee   Data           1  api_work_state.o(.data)
    key_lj_valid_flag                        0x200000f5   Data           1  driver_key.o(.data)
    key_test                                 0x200000f6   Data           4  driver_key.o(.data)
    my_dev_addr                              0x20000100   Data           8  driver_memory.o(.data)
    my_host_addr                             0x20000108   Data           8  driver_memory.o(.data)
    my_version_num                           0x20000110   Data           8  driver_memory.o(.data)
    my_channel_num                           0x20000118   Data           8  driver_memory.o(.data)
    my_sp_mode                               0x20000120   Data           8  driver_memory.o(.data)
    my_group_flag                            0x20000128   Data           8  driver_memory.o(.data)
    my_date_and_time                         0x20000130   Data           8  driver_memory.o(.data)
    months                                   0x20000138   Data          48  driver_memory.o(.data)
    pt433CommunicateInTaskFunc               0x20000170   Data           4  task_433communicate.o(.data)
    ptKeyInTaskFunc                          0x20000184   Data           4  task_key.o(.data)
    ptIREmitInTaskFunc                       0x200001b8   Data           4  task_iremit.o(.data)
    rf_sen_fail_flag                         0x200001ca   Data           1  radio.o(.data)
    rf_rx_queue                              0x200001cc   Data           4  radio.o(.data)
    rf_tx_queue                              0x200001d0   Data           4  radio.o(.data)
    rf_sen_fail_count                        0x200001d4   Data           1  radio.o(.data)
    rf_rec_ok_flag                           0x200001d5   Data           1  radio.o(.data)
    rf_data_len                              0x200001d6   Data           1  radio.o(.data)
    ircode_catch_stat                        0x200001d8   Data           1  ircode_catch.o(.data)
    ircode_catch_outime_cnt                  0x200001d9   Data           1  ircode_catch.o(.data)
    ircode_send_pkgnum                       0x200001da   Data           1  ircode_catch.o(.data)
    ircode_send_pkgtotal                     0x200001db   Data           1  ircode_catch.o(.data)
    ircode_catch_data_len                    0x200001dc   Data           2  ircode_catch.o(.data)
    ircode_catch_data_pt                     0x200001e0   Data           4  ircode_catch.o(.data)
    MMC_FLASH_END_ADDR                       0x20000248   Data           4  serialctrl_ircaddrproc.o(.data)
    gpt_empty_addr                           0x2000024c   Data           4  serialctrl_ircaddrproc.o(.data)
    gu_memopt_index_symbol                   0x20000258   Data           8  serialctrl_memopt.o(.data)
    __microlib_freelist                      0x20000260   Data           4  mvars.o(.data)
    __microlib_freelist_initialised          0x20000264   Data           4  mvars.o(.data)
    u2_receive_buffer                        0x20000278   Data         275  hal_control_uart.o(.bss)
    rf_comm                                  0x2000038c   Data          88  api_rf_comm.o(.bss)
    flash_sector_buf                         0x200003e8   Data        2048  driver_flash.o(.bss)
    rf_txbuf                                 0x20000c80   Data          32  radio.o(.bss)
    rf_rxbuf                                 0x20000ca0   Data          32  radio.o(.bss)
    __heap_base                              0x20000cc0   Data           0  startup_stm32g030xx.o(HEAP)
    __heap_limit                             0x20001cc0   Data           0  startup_stm32g030xx.o(HEAP)
    __initial_sp                             0x20001fc0   Data           0  startup_stm32g030xx.o(STACK)



==============================================================================

Memory Map of the image

  Image Entry point : 0x080000c1

  Load Region LR_IROM1 (Base: 0x08000000, Size: 0x000069cc, Max: 0x00008000, ABSOLUTE, COMPRESSED[0x00006868])

    Execution Region ER_IROM1 (Exec base: 0x08000000, Load base: 0x08000000, Size: 0x00006760, Max: 0x00008000, ABSOLUTE)

    Exec Addr    Load Addr    Size         Type   Attr      Idx    E Section Name        Object

    0x08000000   0x08000000   0x000000c0   Data   RO            3    RESET               startup_stm32g030xx.o
    0x080000c0   0x080000c0   0x00000000   Code   RO         3536  * .ARM.Collect$$$$00000000  mc_p.l(entry.o)
    0x080000c0   0x080000c0   0x00000004   Code   RO         3863    .ARM.Collect$$$$00000001  mc_p.l(entry2.o)
    0x080000c4   0x080000c4   0x00000004   Code   RO         3866    .ARM.Collect$$$$00000004  mc_p.l(entry5.o)
    0x080000c8   0x080000c8   0x00000000   Code   RO         3868    .ARM.Collect$$$$00000008  mc_p.l(entry7b.o)
    0x080000c8   0x080000c8   0x00000000   Code   RO         3870    .ARM.Collect$$$$0000000A  mc_p.l(entry8b.o)
    0x080000c8   0x080000c8   0x00000008   Code   RO         3871    .ARM.Collect$$$$0000000B  mc_p.l(entry9a.o)
    0x080000d0   0x080000d0   0x00000004   Code   RO         3878    .ARM.Collect$$$$0000000E  mc_p.l(entry12b.o)
    0x080000d4   0x080000d4   0x00000000   Code   RO         3873    .ARM.Collect$$$$0000000F  mc_p.l(entry10a.o)
    0x080000d4   0x080000d4   0x00000000   Code   RO         3875    .ARM.Collect$$$$00000011  mc_p.l(entry11a.o)
    0x080000d4   0x080000d4   0x00000004   Code   RO         3864    .ARM.Collect$$$$00002712  mc_p.l(entry2.o)
    0x080000d8   0x080000d8   0x0000001c   Code   RO            4    .text               startup_stm32g030xx.o
    0x080000f4   0x080000f4   0x0000002c   Code   RO         3546    .text               mc_p.l(uidiv.o)
    0x08000120   0x08000120   0x00000028   Code   RO         3548    .text               mc_p.l(idiv.o)
    0x08000148   0x08000148   0x00000060   Code   RO         3550    .text               mc_p.l(uldiv.o)
    0x080001a8   0x080001a8   0x00000020   Code   RO         3552    .text               mc_p.l(llshl.o)
    0x080001c8   0x080001c8   0x00000022   Code   RO         3554    .text               mc_p.l(llushr.o)
    0x080001ea   0x080001ea   0x00000024   Code   RO         3556    .text               mc_p.l(memcpya.o)
    0x0800020e   0x0800020e   0x00000024   Code   RO         3558    .text               mc_p.l(memseta.o)
    0x08000232   0x08000232   0x00000018   Code   RO         3560    .text               mc_p.l(strcat.o)
    0x0800024a   0x0800024a   0x0000000e   Code   RO         3562    .text               mc_p.l(strlen.o)
    0x08000258   0x08000258   0x0000001c   Code   RO         3564    .text               mc_p.l(strcmp.o)
    0x08000274   0x08000274   0x0000001a   Code   RO         3566    .text               mc_p.l(memcmp.o)
    0x0800028e   0x0800028e   0x0000001c   Code   RO         3859    .text               mc_p.l(calloc.o)
    0x080002aa   0x080002aa   0x0000001a   Code   RO         3861    .text               mc_p.l(atoi.o)
    0x080002c4   0x080002c4   0x00000070   Code   RO         3888    .text               mc_p.l(strtol.o)
    0x08000334   0x08000334   0x00000024   Code   RO         3901    .text               mc_p.l(init.o)
    0x08000358   0x08000358   0x00000008   Code   RO         3905    .text               mc_p.l(ctype_o.o)
    0x08000360   0x08000360   0x000000a6   Code   RO         3933    .text               mc_p.l(_strtoul.o)
    0x08000406   0x08000406   0x0000001e   Code   RO         3939    .text               mc_p.l(_chval.o)
    0x08000424   0x08000424   0x00000056   Code   RO         3949    .text               mc_p.l(__dczerorl2.o)
    0x0800047a   0x0800047a   0x00000002   PAD
    0x0800047c   0x0800047c   0x00000014   Code   RO         2584    i.Add_SubIREmitTask  task_iremit.o
    0x08000490   0x08000490   0x000000a0   Code   RO         2713    i.CMT2300A_AutoSwitchStatus  cmt2300a.o
    0x08000530   0x08000530   0x000000b6   Code   RO         2714    i.CMT2300A_ClearInterruptFlags  cmt2300a.o
    0x080005e6   0x080005e6   0x00000016   Code   RO         2715    i.CMT2300A_ClearRxFifo  cmt2300a.o
    0x080005fc   0x080005fc   0x00000016   Code   RO         2716    i.CMT2300A_ClearTxFifo  cmt2300a.o
    0x08000612   0x08000612   0x0000000c   Code   RO         2717    i.CMT2300A_ConfigGpio  cmt2300a.o
    0x0800061e   0x0800061e   0x00000032   Code   RO         2718    i.CMT2300A_ConfigInterrupt  cmt2300a.o
    0x08000650   0x08000650   0x00000022   Code   RO         2719    i.CMT2300A_ConfigRegBank  cmt2300a.o
    0x08000672   0x08000672   0x00000002   PAD
    0x08000674   0x08000674   0x00000030   Code   RO         3052    i.CMT2300A_Device_Init  radio.o
    0x080006a4   0x080006a4   0x00000024   Code   RO         3053    i.CMT2300A_Device_ReInit  radio.o
    0x080006c8   0x080006c8   0x0000000c   Code   RO         2724    i.CMT2300A_EnableInterrupt  cmt2300a.o
    0x080006d4   0x080006d4   0x00000030   Code   RO         2725    i.CMT2300A_EnableLfosc  cmt2300a.o
    0x08000704   0x08000704   0x00000018   Code   RO         2727    i.CMT2300A_EnableReadFifo  cmt2300a.o
    0x0800071c   0x0800071c   0x00000018   Code   RO         2731    i.CMT2300A_EnableWriteFifo  cmt2300a.o
    0x08000734   0x08000734   0x0000000e   Code   RO         2732    i.CMT2300A_GetChipStatus  cmt2300a.o
    0x08000742   0x08000742   0x0000001e   Code   RO         3054    i.CMT2300A_Go2RXMode  radio.o
    0x08000760   0x08000760   0x0000000a   Code   RO         2736    i.CMT2300A_GoRx     cmt2300a.o
    0x0800076a   0x0800076a   0x0000000a   Code   RO         2737    i.CMT2300A_GoSleep  cmt2300a.o
    0x08000774   0x08000774   0x0000000a   Code   RO         2738    i.CMT2300A_GoStby   cmt2300a.o
    0x0800077e   0x0800077e   0x0000000a   Code   RO         2740    i.CMT2300A_GoTx     cmt2300a.o
    0x08000788   0x08000788   0x00000042   Code   RO         2741    i.CMT2300A_Init     cmt2300a.o
    0x080007ca   0x080007ca   0x00000002   PAD
    0x080007cc   0x080007cc   0x00000018   Code   RO         2970    i.CMT2300A_InitGpio  cmt2300a_hal.o
    0x080007e4   0x080007e4   0x0000002e   Code   RO         2742    i.CMT2300A_IsExist  cmt2300a.o
    0x08000812   0x08000812   0x00000008   Code   RO         2971    i.CMT2300A_ReadFifo  cmt2300a_hal.o
    0x0800081a   0x0800081a   0x00000012   Code   RO         2972    i.CMT2300A_ReadReg  cmt2300a_hal.o
    0x0800082c   0x0800082c   0x0000000c   Code   RO         2746    i.CMT2300A_SetFrequencyChannel  cmt2300a.o
    0x08000838   0x08000838   0x0000000c   Code   RO         2747    i.CMT2300A_SetFrequencyStep  cmt2300a.o
    0x08000844   0x08000844   0x00000026   Code   RO         2749    i.CMT2300A_SetPayloadLength  cmt2300a.o
    0x0800086a   0x0800086a   0x00000018   Code   RO         2750    i.CMT2300A_SetPktType  cmt2300a.o
    0x08000882   0x08000882   0x0000000c   Code   RO         2751    i.CMT2300A_SoftReset  cmt2300a.o
    0x0800088e   0x0800088e   0x00000008   Code   RO         2973    i.CMT2300A_WriteFifo  cmt2300a_hal.o
    0x08000896   0x08000896   0x00000008   Code   RO         2974    i.CMT2300A_WriteReg  cmt2300a_hal.o
    0x0800089e   0x0800089e   0x00000002   Code   RO          509    i.DMA1_Ch4_5_DMAMUX1_OVR_IRQHandler  stm32g0xx_it.o
    0x080008a0   0x080008a0   0x00000002   Code   RO          510    i.DMA1_Channel1_IRQHandler  stm32g0xx_it.o
    0x080008a2   0x080008a2   0x00000002   Code   RO          511    i.DMA1_Channel2_3_IRQHandler  stm32g0xx_it.o
    0x080008a4   0x080008a4   0x00000014   Code   RO         2585    i.Del_SubIREmitTask  task_iremit.o
    0x080008b8   0x080008b8   0x00000084   Code   RO          512    i.EXTI4_15_IRQHandler  stm32g0xx_it.o
    0x0800093c   0x0800093c   0x0000001c   Code   RO         1776    i.HAL_Control_DeviceInit  hal_control_export_api.o
    0x08000958   0x08000958   0x000000a4   Code   RO         1598    i.HAL_Control_UartInit  hal_control_uart.o
    0x080009fc   0x080009fc   0x00000020   Code   RO         1808    i.HAL_ERROR_FuncPointJumpArguCheck  hal_control_error.o
    0x08000a1c   0x08000a1c   0x00000002   Code   RO         1711    i.HAL_IO_Init       hal_control_gpio.o
    0x08000a1e   0x08000a1e   0x00000002   PAD
    0x08000a20   0x08000a20   0x0000005c   Code   RO         1712    i.HAL_IO_ReadPin    hal_control_gpio.o
    0x08000a7c   0x08000a7c   0x00000044   Code   RO         1713    i.HAL_IO_ResetPin   hal_control_gpio.o
    0x08000ac0   0x08000ac0   0x00000044   Code   RO         1714    i.HAL_IO_SetPin     hal_control_gpio.o
    0x08000b04   0x08000b04   0x00000020   Code   RO         1715    i.HAL_IO_SetState   hal_control_gpio.o
    0x08000b24   0x08000b24   0x00000058   Code   RO         1716    i.HAL_IO_TogglePin  hal_control_gpio.o
    0x08000b7c   0x08000b7c   0x00000064   Code   RO         1497    i.HAL_SM_ChangeNodeState  hal_sm_mainloop.o
    0x08000be0   0x08000be0   0x00000012   Code   RO         1473    i.HAL_SM_DeviceInitTask  hal_sm_inittask_api.o
    0x08000bf2   0x08000bf2   0x00000002   PAD
    0x08000bf4   0x08000bf4   0x0000004c   Code   RO         1499    i.HAL_SM_Init       hal_sm_mainloop.o
    0x08000c40   0x08000c40   0x00000014   Code   RO         1500    i.HAL_SM_MainLoop   hal_sm_mainloop.o
    0x08000c54   0x08000c54   0x00000030   Code   RO         1501    i.HAL_SM_RequestFuncNode  hal_sm_mainloop.o
    0x08000c84   0x08000c84   0x00000034   Code   RO         1502    i.HAL_SM_RequestFuncState  hal_sm_mainloop.o
    0x08000cb8   0x08000cb8   0x00000090   Code   RO         1504    i.HAL_SM_TaskRun    hal_sm_mainloop.o
    0x08000d48   0x08000d48   0x0000006c   Code   RO         1505    i.HAL_SM_TimeCounter  hal_sm_mainloop.o
    0x08000db4   0x08000db4   0x00000002   Code   RO          513    i.HardFault_Handler  stm32g0xx_it.o
    0x08000db6   0x08000db6   0x00000002   PAD
    0x08000db8   0x08000db8   0x00000014   Code   RO         1998    i.Int_FLASH_ClearFlag  driver_flash.o
    0x08000dcc   0x08000dcc   0x00000048   Code   RO         1999    i.Int_FLASH_ErasePage  driver_flash.o
    0x08000e14   0x08000e14   0x00000018   Code   RO         2000    i.Int_FLASH_Lock    driver_flash.o
    0x08000e2c   0x08000e2c   0x0000003c   Code   RO         2001    i.Int_FLASH_ProgramDoubleWord  driver_flash.o
    0x08000e68   0x08000e68   0x00000020   Code   RO         2002    i.Int_FLASH_Unlock  driver_flash.o
    0x08000e88   0x08000e88   0x00000024   Code   RO         2003    i.Int_flash_read    driver_flash.o
    0x08000eac   0x08000eac   0x00000014   Code   RO         2005    i.Int_flash_read_double_word  driver_flash.o
    0x08000ec0   0x08000ec0   0x000000e8   Code   RO         2008    i.Int_flash_write   driver_flash.o
    0x08000fa8   0x08000fa8   0x0000002a   Code   RO         2009    i.Int_flash_write_nocheck  driver_flash.o
    0x08000fd2   0x08000fd2   0x00000002   PAD
    0x08000fd4   0x08000fd4   0x00000018   Code   RO          348    i.LL_APB2_GRP1_EnableClock  tim.o
    0x08000fec   0x08000fec   0x00000014   Code   RO         1599    i.LL_DMA_DisableChannel  hal_control_uart.o
    0x08001000   0x08001000   0x00000014   Code   RO         1662    i.LL_DMA_DisableChannel  hal_control_spi.o
    0x08001014   0x08001014   0x00000014   Code   RO         1600    i.LL_DMA_EnableChannel  hal_control_uart.o
    0x08001028   0x08001028   0x00000014   Code   RO         1663    i.LL_DMA_EnableChannel  hal_control_spi.o
    0x0800103c   0x0800103c   0x00000018   Code   RO          274    i.LL_DMA_SetChannelPriorityLevel  spi.o
    0x08001054   0x08001054   0x00000018   Code   RO          441    i.LL_DMA_SetChannelPriorityLevel  usart.o
    0x0800106c   0x0800106c   0x00000018   Code   RO         1601    i.LL_DMA_SetDataLength  hal_control_uart.o
    0x08001084   0x08001084   0x00000018   Code   RO         1664    i.LL_DMA_SetDataLength  hal_control_spi.o
    0x0800109c   0x0800109c   0x0000001c   Code   RO          275    i.LL_DMA_SetDataTransferDirection  spi.o
    0x080010b8   0x080010b8   0x0000001c   Code   RO          442    i.LL_DMA_SetDataTransferDirection  usart.o
    0x080010d4   0x080010d4   0x00000018   Code   RO          276    i.LL_DMA_SetMemoryIncMode  spi.o
    0x080010ec   0x080010ec   0x00000018   Code   RO          443    i.LL_DMA_SetMemoryIncMode  usart.o
    0x08001104   0x08001104   0x00000018   Code   RO          277    i.LL_DMA_SetMemorySize  spi.o
    0x0800111c   0x0800111c   0x00000018   Code   RO          444    i.LL_DMA_SetMemorySize  usart.o
    0x08001134   0x08001134   0x00000018   Code   RO          278    i.LL_DMA_SetMode    spi.o
    0x0800114c   0x0800114c   0x00000018   Code   RO          445    i.LL_DMA_SetMode    usart.o
    0x08001164   0x08001164   0x00000018   Code   RO          279    i.LL_DMA_SetPeriphIncMode  spi.o
    0x0800117c   0x0800117c   0x00000018   Code   RO          446    i.LL_DMA_SetPeriphIncMode  usart.o
    0x08001194   0x08001194   0x00000028   Code   RO          280    i.LL_DMA_SetPeriphRequest  spi.o
    0x080011bc   0x080011bc   0x00000028   Code   RO          447    i.LL_DMA_SetPeriphRequest  usart.o
    0x080011e4   0x080011e4   0x00000018   Code   RO          281    i.LL_DMA_SetPeriphSize  spi.o
    0x080011fc   0x080011fc   0x00000018   Code   RO          448    i.LL_DMA_SetPeriphSize  usart.o
    0x08001214   0x08001214   0x000000bc   Code   RO          729    i.LL_EXTI_Init      stm32g0xx_ll_exti.o
    0x080012d0   0x080012d0   0x000000ac   Code   RO          764    i.LL_GPIO_Init      stm32g0xx_ll_gpio.o
    0x0800137c   0x0800137c   0x0000000e   Code   RO         1717    i.LL_GPIO_IsInputPinSet  hal_control_gpio.o
    0x0800138a   0x0800138a   0x00000010   Code   RO         1718    i.LL_GPIO_TogglePin  hal_control_gpio.o
    0x0800139a   0x0800139a   0x00000002   PAD
    0x0800139c   0x0800139c   0x00000018   Code   RO          195    i.LL_IOP_GRP1_EnableClock  gpio.o
    0x080013b4   0x080013b4   0x00000018   Code   RO          349    i.LL_IOP_GRP1_EnableClock  tim.o
    0x080013cc   0x080013cc   0x00000020   Code   RO          652    i.LL_Init1msTick    stm32g0xx_ll_utils.o
    0x080013ec   0x080013ec   0x00000018   Code   RO          923    i.LL_RCC_GetSystemClocksFreq  stm32g0xx_ll_rcc.o
    0x08001404   0x08001404   0x00000064   Code   RO          924    i.LL_RCC_GetUSARTClockFreq  stm32g0xx_ll_rcc.o
    0x08001468   0x08001468   0x00000080   Code   RO          861    i.LL_SPI_Init       stm32g0xx_ll_spi.o
    0x080014e8   0x080014e8   0x0000000c   Code   RO          657    i.LL_SetSystemCoreClock  stm32g0xx_ll_utils.o
    0x080014f4   0x080014f4   0x0000006c   Code   RO         3141    i.LL_TIM_IC_SetPolarity  ircode_catch.o
    0x08001560   0x08001560   0x00000078   Code   RO         1045    i.LL_TIM_Init       stm32g0xx_ll_tim.o
    0x080015d8   0x080015d8   0x00000062   Code   RO         1046    i.LL_TIM_OC_Init    stm32g0xx_ll_tim.o
    0x0800163a   0x0800163a   0x00000002   PAD
    0x0800163c   0x0800163c   0x000000e4   Code   RO         1188    i.LL_USART_Init     stm32g0xx_ll_usart.o
    0x08001720   0x08001720   0x00000024   Code   RO          658    i.LL_mDelay         stm32g0xx_ll_utils.o
    0x08001744   0x08001744   0x00000044   Code   RO          238    i.MX_DMA_Init       dma.o
    0x08001788   0x08001788   0x00000144   Code   RO          196    i.MX_GPIO_Init      gpio.o
    0x080018cc   0x080018cc   0x00000170   Code   RO          282    i.MX_SPI1_Init      spi.o
    0x08001a3c   0x08001a3c   0x00000060   Code   RO          350    i.MX_TIM14_Init     tim.o
    0x08001a9c   0x08001a9c   0x00000114   Code   RO          351    i.MX_TIM1_Init      tim.o
    0x08001bb0   0x08001bb0   0x000000d0   Code   RO          352    i.MX_TIM3_Init      tim.o
    0x08001c80   0x08001c80   0x00000180   Code   RO          449    i.MX_USART2_UART_Init  usart.o
    0x08001e00   0x08001e00   0x00000002   Code   RO          514    i.NMI_Handler       stm32g0xx_it.o
    0x08001e02   0x08001e02   0x00000002   PAD
    0x08001e04   0x08001e04   0x00000088   Code   RO         1049    i.OC1Config         stm32g0xx_ll_tim.o
    0x08001e8c   0x08001e8c   0x00000090   Code   RO         1050    i.OC2Config         stm32g0xx_ll_tim.o
    0x08001f1c   0x08001f1c   0x00000090   Code   RO         1051    i.OC3Config         stm32g0xx_ll_tim.o
    0x08001fac   0x08001fac   0x00000070   Code   RO         1052    i.OC4Config         stm32g0xx_ll_tim.o
    0x0800201c   0x0800201c   0x00000068   Code   RO         1053    i.OC5Config         stm32g0xx_ll_tim.o
    0x08002084   0x08002084   0x0000006c   Code   RO         1054    i.OC6Config         stm32g0xx_ll_tim.o
    0x080020f0   0x080020f0   0x00000002   Code   RO          515    i.PendSV_Handler    stm32g0xx_it.o
    0x080020f2   0x080020f2   0x00000002   PAD
    0x080020f4   0x080020f4   0x00000024   Code   RO          925    i.RCC_GetHCLKClockFreq  stm32g0xx_ll_rcc.o
    0x08002118   0x08002118   0x00000024   Code   RO          926    i.RCC_GetPCLK1ClockFreq  stm32g0xx_ll_rcc.o
    0x0800213c   0x0800213c   0x0000003c   Code   RO          927    i.RCC_GetSystemClockFreq  stm32g0xx_ll_rcc.o
    0x08002178   0x08002178   0x00000044   Code   RO          930    i.RCC_PLL_GetFreqDomain_SYS  stm32g0xx_ll_rcc.o
    0x080021bc   0x080021bc   0x0000009c   Code   RO         3056    i.RFSendPacket      radio.o
    0x08002258   0x08002258   0x00000022   Code   RO         3057    i.RF_Config         radio.o
    0x0800227a   0x0800227a   0x00000002   PAD
    0x0800227c   0x0800227c   0x00000078   Code   RO         3060    i.RF_Init           radio.o
    0x080022f4   0x080022f4   0x00000026   Code   RO         3026    i.ResetIOMode_In    gpio_defs.o
    0x0800231a   0x0800231a   0x0000002a   Code   RO         3027    i.ResetIOMode_Out   gpio_defs.o
    0x08002344   0x08002344   0x00000002   Code   RO          516    i.SVC_Handler       stm32g0xx_it.o
    0x08002346   0x08002346   0x00000002   PAD
    0x08002348   0x08002348   0x00000014   Code   RO          517    i.SysTick_Handler   stm32g0xx_it.o
    0x0800235c   0x0800235c   0x000000a4   Code   RO           13    i.SystemClock_Config  main.o
    0x08002400   0x08002400   0x00000002   Code   RO         1235    i.SystemInit        system_stm32g0xx.o
    0x08002402   0x08002402   0x00000008   Code   RO          518    i.TIM14_IRQHandler  stm32g0xx_it.o
    0x0800240a   0x0800240a   0x00000002   PAD
    0x0800240c   0x0800240c   0x00000020   Code   RO          519    i.TIM1_BRK_UP_TRG_COM_IRQHandler  stm32g0xx_it.o
    0x0800242c   0x0800242c   0x00000028   Code   RO          520    i.TIM1_CC_IRQHandler  stm32g0xx_it.o
    0x08002454   0x08002454   0x00000048   Code   RO         2430    i.Task_COM_AddCycFunc  task_commonfile.o
    0x0800249c   0x0800249c   0x00000016   Code   RO         2431    i.Task_COM_InitSubFuncInfoStruct  task_commonfile.o
    0x080024b2   0x080024b2   0x00000076   Code   RO         2432    i.Task_Com_DelCycFunc  task_commonfile.o
    0x08002528   0x08002528   0x000000c0   Code   RO         2433    i.Task_Com_TimeCounterHandler  task_commonfile.o
    0x080025e8   0x080025e8   0x00000014   Code   RO         2586    i.Task_IREmit_Handler_IDLE  task_iremit.o
    0x080025fc   0x080025fc   0x00000010   Code   RO         2587    i.Task_IREmit_Handler_Run  task_iremit.o
    0x0800260c   0x0800260c   0x00000034   Code   RO         2588    i.Task_IREmit_Handler_Uninit  task_iremit.o
    0x08002640   0x08002640   0x0000001c   Code   RO         2589    i.Task_IREmit_MainLoop  task_iremit.o
    0x0800265c   0x0800265c   0x00000014   Code   RO         2462    i.Task_Key_Handler_IDLE  task_key.o
    0x08002670   0x08002670   0x00000010   Code   RO         2463    i.Task_Key_Handler_Run  task_key.o
    0x08002680   0x08002680   0x0000007c   Code   RO         2464    i.Task_Key_Handler_Uninit  task_key.o
    0x080026fc   0x080026fc   0x0000001c   Code   RO         2465    i.Task_Key_MainLoop  task_key.o
    0x08002718   0x08002718   0x0000000e   Code   RO         2506    i.Task_LED_Handler_IDLE  task_led.o
    0x08002726   0x08002726   0x00000002   PAD
    0x08002728   0x08002728   0x0000001c   Code   RO         2507    i.Task_LED_Handler_Run  task_led.o
    0x08002744   0x08002744   0x00000034   Code   RO         2508    i.Task_LED_Handler_Uninit  task_led.o
    0x08002778   0x08002778   0x00000020   Code   RO         2509    i.Task_LED_MainLoop  task_led.o
    0x08002798   0x08002798   0x00000014   Code   RO         2384    i.Task_RF_Handler_IDLE  task_433communicate.o
    0x080027ac   0x080027ac   0x0000001c   Code   RO         2385    i.Task_RF_Handler_Run  task_433communicate.o
    0x080027c8   0x080027c8   0x000000c4   Code   RO         2386    i.Task_RF_Handler_Uninit  task_433communicate.o
    0x0800288c   0x0800288c   0x0000001c   Code   RO         2387    i.Task_RF_MainLoop  task_433communicate.o
    0x080028a8   0x080028a8   0x00000014   Code   RO         2541    i.Task_Serial_Handler_IDLE  task_serial.o
    0x080028bc   0x080028bc   0x00000002   Code   RO         2542    i.Task_Serial_Handler_Run  task_serial.o
    0x080028be   0x080028be   0x00000002   PAD
    0x080028c0   0x080028c0   0x00000030   Code   RO         2543    i.Task_Serial_Handler_Uninit  task_serial.o
    0x080028f0   0x080028f0   0x00000020   Code   RO         2544    i.Task_Serial_MainLoop  task_serial.o
    0x08002910   0x08002910   0x00000008   Code   RO          521    i.USART2_IRQHandler  stm32g0xx_it.o
    0x08002918   0x08002918   0x0000001a   Code   RO         1763    i.__ARM_common_switch8  hal_control_gpio.o
    0x08002932   0x08002932   0x00000002   PAD
    0x08002934   0x08002934   0x00000018   Code   RO          239    i.__NVIC_EnableIRQ  dma.o
    0x0800294c   0x0800294c   0x00000018   Code   RO          353    i.__NVIC_EnableIRQ  tim.o
    0x08002964   0x08002964   0x00000044   Code   RO          240    i.__NVIC_SetPriority  dma.o
    0x080029a8   0x080029a8   0x00000044   Code   RO          354    i.__NVIC_SetPriority  tim.o
    0x080029ec   0x080029ec   0x00000008   Code   RO         3881    i.__aeabi_errno_addr  mc_p.l(errno.o)
    0x080029f4   0x080029f4   0x0000000e   Code   RO         3943    i.__scatterload_copy  mc_p.l(handlers.o)
    0x08002a02   0x08002a02   0x00000002   Code   RO         3944    i.__scatterload_null  mc_p.l(handlers.o)
    0x08002a04   0x08002a04   0x0000000e   Code   RO         3945    i.__scatterload_zeroinit  mc_p.l(handlers.o)
    0x08002a12   0x08002a12   0x0000000a   Code   RO         2683    i.cmt_spi3_delay    cmt_spi3.o
    0x08002a1c   0x08002a1c   0x0000000e   Code   RO         2688    i.cmt_spi3_delay_us  cmt_spi3.o
    0x08002a2a   0x08002a2a   0x00000002   PAD
    0x08002a2c   0x08002a2c   0x00000050   Code   RO         2632    i.cmt_spi3_init     cmt_spi3.o
    0x08002a7c   0x08002a7c   0x0000007c   Code   RO         2633    i.cmt_spi3_read     cmt_spi3.o
    0x08002af8   0x08002af8   0x000000a0   Code   RO         2634    i.cmt_spi3_read_fifo  cmt_spi3.o
    0x08002b98   0x08002b98   0x0000003a   Code   RO         2635    i.cmt_spi3_recv     cmt_spi3.o
    0x08002bd2   0x08002bd2   0x00000036   Code   RO         2636    i.cmt_spi3_send     cmt_spi3.o
    0x08002c08   0x08002c08   0x00000074   Code   RO         2637    i.cmt_spi3_write    cmt_spi3.o
    0x08002c7c   0x08002c7c   0x000000a0   Code   RO         2638    i.cmt_spi3_write_fifo  cmt_spi3.o
    0x08002d1c   0x08002d1c   0x0000000c   Code   RO         1268    i.falsh_get_jedec   25qflash.o
    0x08002d28   0x08002d28   0x00000024   Code   RO         1269    i.falsh_init        25qflash.o
    0x08002d4c   0x08002d4c   0x00000034   Code   RO         1272    i.flash_busy_stat_outime_checker  25qflash.o
    0x08002d80   0x08002d80   0x00000034   Code   RO         1273    i.flash_busy_stat_outime_checker_spt  25qflash.o
    0x08002db4   0x08002db4   0x0000003c   Code   RO         1274    i.flash_chip_erase  25qflash.o
    0x08002df0   0x08002df0   0x0000006c   Code   RO         1275    i.flash_fread       25qflash.o
    0x08002e5c   0x08002e5c   0x00000034   Code   RO         1279    i.flash_read_jedec  25qflash.o
    0x08002e90   0x08002e90   0x00000038   Code   RO         1280    i.flash_read_status  25qflash.o
    0x08002ec8   0x08002ec8   0x0000001c   Code   RO         1282    i.flash_release_buf  25qflash.o
    0x08002ee4   0x08002ee4   0x00000018   Code   RO         1283    i.flash_release_buf_w  25qflash.o
    0x08002efc   0x08002efc   0x00000030   Code   RO         1284    i.flash_reset       25qflash.o
    0x08002f2c   0x08002f2c   0x0000003c   Code   RO         1285    i.flash_sector_erase  25qflash.o
    0x08002f68   0x08002f68   0x00000016   Code   RO         1286    i.flash_spi_wr      25qflash.o
    0x08002f7e   0x08002f7e   0x00000002   PAD
    0x08002f80   0x08002f80   0x00000014   Code   RO         1287    i.flash_time_counter  25qflash.o
    0x08002f94   0x08002f94   0x000001c4   Code   RO         1289    i.flash_write       25qflash.o
    0x08003158   0x08003158   0x00000020   Code   RO         1290    i.flash_writen      25qflash.o
    0x08003178   0x08003178   0x00000054   Code   RO         3831    i.free              mc_p.l(malloc.o)
    0x080031cc   0x080031cc   0x00000046   Code   RO         1427    i.gen_link_add      gen_link_list.o
    0x08003212   0x08003212   0x0000003a   Code   RO         1428    i.gen_link_creat    gen_link_list.o
    0x0800324c   0x0800324c   0x00000038   Code   RO         1429    i.gen_link_delate   gen_link_list.o
    0x08003284   0x08003284   0x0000007a   Code   RO         1431    i.gen_link_get      gen_link_list.o
    0x080032fe   0x080032fe   0x00000054   Code   RO         1432    i.gen_link_remove   gen_link_list.o
    0x08003352   0x08003352   0x00000002   PAD
    0x08003354   0x08003354   0x0000004c   Code   RO         1665    i.hal_control_spi_init  hal_control_spi.o
    0x080033a0   0x080033a0   0x00000084   Code   RO         1666    i.hal_control_spi_rw  hal_control_spi.o
    0x08003424   0x08003424   0x000000b4   Code   RO         1602    i.hal_control_uart2_interrupt  hal_control_uart.o
    0x080034d8   0x080034d8   0x00000060   Code   RO         1603    i.hal_control_uart2_send  hal_control_uart.o
    0x08003538   0x08003538   0x000000a8   Code   RO         3142    i.ircode_catch_enable  ircode_catch.o
    0x080035e0   0x080035e0   0x00000018   Code   RO         3143    i.ircode_catch_free_data  ircode_catch.o
    0x080035f8   0x080035f8   0x0000000c   Code   RO         3144    i.ircode_catch_get_p  ircode_catch.o
    0x08003604   0x08003604   0x0000002c   Code   RO         3145    i.ircode_catch_init_data  ircode_catch.o
    0x08003630   0x08003630   0x000000ac   Code   RO         3146    i.ircode_catch_it_handler  ircode_catch.o
    0x080036dc   0x080036dc   0x00000074   Code   RO         3147    i.ircode_catch_send  ircode_catch.o
    0x08003750   0x08003750   0x000001c0   Code   RO         3224    i.ircode_emit_addcode  ircode_emit.o
    0x08003910   0x08003910   0x0000002c   Code   RO         3225    i.ircode_emit_directSend  ircode_emit.o
    0x0800393c   0x0800393c   0x00000020   Code   RO         3226    i.ircode_emit_handler_timeout  ircode_emit.o
    0x0800395c   0x0800395c   0x000000ac   Code   RO         3227    i.ircode_emit_inarray  ircode_emit.o
    0x08003a08   0x08003a08   0x0000009c   Code   RO         3228    i.ircode_emit_it_handler  ircode_emit.o
    0x08003aa4   0x08003aa4   0x00000070   Code   RO         3229    i.ircode_emit_start  ircode_emit.o
    0x08003b14   0x08003b14   0x0000001c   Code   RO         3148    i.ircode_htonc      ircode_catch.o
    0x08003b30   0x08003b30   0x0000000c   Code   RO         3230    i.ircode_ircode_emit_getInArrayNum  ircode_emit.o
    0x08003b3c   0x08003b3c   0x00000008   Code   RO         3149    i.ircode_nctoh      ircode_catch.o
    0x08003b44   0x08003b44   0x00000060   Code   RO         3150    i.ircode_outime_it_handler  ircode_catch.o
    0x08003ba4   0x08003ba4   0x0000000c   Code   RO         2093    i.key_clear_evens   driver_key.o
    0x08003bb0   0x08003bb0   0x00000016   Code   RO         2094    i.key_scan          driver_key.o
    0x08003bc6   0x08003bc6   0x00000002   PAD
    0x08003bc8   0x08003bc8   0x0000009c   Code   RO         2095    i.key_scan_task     driver_key.o
    0x08003c64   0x08003c64   0x0000009c   Code   RO           14    i.main              main.o
    0x08003d00   0x08003d00   0x0000006c   Code   RO         3832    i.malloc            mc_p.l(malloc.o)
    0x08003d6c   0x08003d6c   0x0000000c   Code   RO         3428    i.memopt_index_get_index_mask  serialctrl_memopt.o
    0x08003d78   0x08003d78   0x00000074   Code   RO         3429    i.memopt_index_init  serialctrl_memopt.o
    0x08003dec   0x08003dec   0x00000024   Code   RO         3430    i.memopt_index_mask_remove  serialctrl_memopt.o
    0x08003e10   0x08003e10   0x00000054   Code   RO         3431    i.memopt_index_read  serialctrl_memopt.o
    0x08003e64   0x08003e64   0x000000dc   Code   RO         3432    i.memopt_index_remove  serialctrl_memopt.o
    0x08003f40   0x08003f40   0x000000c4   Code   RO         3433    i.memopt_index_write  serialctrl_memopt.o
    0x08004004   0x08004004   0x00000018   Code   RO         2136    i.memory_channel_num_read  driver_memory.o
    0x0800401c   0x0800401c   0x00000024   Code   RO         2137    i.memory_channel_num_write  driver_memory.o
    0x08004040   0x08004040   0x00000018   Code   RO         2138    i.memory_date_and_time_read  driver_memory.o
    0x08004058   0x08004058   0x00000024   Code   RO         2139    i.memory_date_and_time_write  driver_memory.o
    0x0800407c   0x0800407c   0x00000018   Code   RO         2140    i.memory_dev_addr_read  driver_memory.o
    0x08004094   0x08004094   0x00000024   Code   RO         2141    i.memory_dev_addr_write  driver_memory.o
    0x080040b8   0x080040b8   0x000000a4   Code   RO         2142    i.memory_get_date_and_time  driver_memory.o
    0x0800415c   0x0800415c   0x00000014   Code   RO         2143    i.memory_get_dev_addr  driver_memory.o
    0x08004170   0x08004170   0x00000018   Code   RO         2144    i.memory_group_flag_read  driver_memory.o
    0x08004188   0x08004188   0x00000024   Code   RO         2145    i.memory_group_flag_write  driver_memory.o
    0x080041ac   0x080041ac   0x00000018   Code   RO         2146    i.memory_host_addr_read  driver_memory.o
    0x080041c4   0x080041c4   0x00000024   Code   RO         2147    i.memory_host_addr_write  driver_memory.o
    0x080041e8   0x080041e8   0x000000c0   Code   RO         2148    i.memory_init       driver_memory.o
    0x080042a8   0x080042a8   0x0000001c   Code   RO         2149    i.memory_read_chip_uniqueid  driver_memory.o
    0x080042c4   0x080042c4   0x00000018   Code   RO         2150    i.memory_sp_mode_read  driver_memory.o
    0x080042dc   0x080042dc   0x00000018   Code   RO         2152    i.memory_version_num_read  driver_memory.o
    0x080042f4   0x080042f4   0x00000218   Code   RO         3407    i.mmc_ircode_addr_flash  serialctrl_ircaddrproc.o
    0x0800450c   0x0800450c   0x000000a8   Code   RO         3408    i.mmc_ircode_addr_get  serialctrl_ircaddrproc.o
    0x080045b4   0x080045b4   0x00000014   Code   RO          355    i.mx_tim14_setime   tim.o
    0x080045c8   0x080045c8   0x00000014   Code   RO          356    i.mx_tim14_stop     tim.o
    0x080045dc   0x080045dc   0x00000028   Code   RO          357    i.mx_tim3_pwm_deinit  tim.o
    0x08004604   0x08004604   0x0000002c   Code   RO          358    i.mx_tim3_pwm_duty  tim.o
    0x08004630   0x08004630   0x00000020   Code   RO          359    i.mx_tim3_pwm_init  tim.o
    0x08004650   0x08004650   0x00000030   Code   RO         3285    i.pkg_handler_catch_directSend  serialctrl_handler.o
    0x08004680   0x08004680   0x00000070   Code   RO         3286    i.pkg_handler_catch_enable  serialctrl_handler.o
    0x080046f0   0x080046f0   0x0000005e   Code   RO         3287    i.pkg_handler_catch_send2IR  serialctrl_handler.o
    0x0800474e   0x0800474e   0x00000002   PAD
    0x08004750   0x08004750   0x000000c8   Code   RO         3288    i.pkg_handler_catch_send2serial  serialctrl_handler.o
    0x08004818   0x08004818   0x00000180   Code   RO         3289    i.pkg_handler_catch_write2flash  serialctrl_handler.o
    0x08004998   0x08004998   0x00000060   Code   RO         3290    i.pkg_handler_chip_cleanAll  serialctrl_handler.o
    0x080049f8   0x080049f8   0x00000030   Code   RO         3291    i.pkg_handler_handshake  serialctrl_handler.o
    0x08004a28   0x08004a28   0x00000040   Code   RO         3292    i.pkg_handler_ircode_curient  serialctrl_handler.o
    0x08004a68   0x08004a68   0x00000162   Code   RO         3293    i.pkg_handler_ircode_read  serialctrl_handler.o
    0x08004bca   0x08004bca   0x000000a4   Code   RO         3294    i.pkg_handler_ircode_usage  serialctrl_handler.o
    0x08004c6e   0x08004c6e   0x00000002   PAD
    0x08004c70   0x08004c70   0x0000022c   Code   RO         3295    i.pkg_handler_ircode_write  serialctrl_handler.o
    0x08004e9c   0x08004e9c   0x000000be   Code   RO         3296    i.pkg_handler_irindex_getallindex  serialctrl_handler.o
    0x08004f5a   0x08004f5a   0x0000008a   Code   RO         3297    i.pkg_handler_irindex_getotal  serialctrl_handler.o
    0x08004fe4   0x08004fe4   0x000000b2   Code   RO         3298    i.pkg_handler_irindex_read  serialctrl_handler.o
    0x08005096   0x08005096   0x00000002   PAD
    0x08005098   0x08005098   0x0000004c   Code   RO         3299    i.pkg_handler_irindex_remove  serialctrl_handler.o
    0x080050e4   0x080050e4   0x00000044   Code   RO         3300    i.pkg_handler_irindex_rmallindex  serialctrl_handler.o
    0x08005128   0x08005128   0x0000006e   Code   RO         3301    i.pkg_handler_irindex_setredy_stat  serialctrl_handler.o
    0x08005196   0x08005196   0x00000152   Code   RO         3302    i.pkg_handler_irindex_write  serialctrl_handler.o
    0x080052e8   0x080052e8   0x00000030   Code   RO         2280    i.queue_de          system_queue.o
    0x08005318   0x08005318   0x00000022   Code   RO         2281    i.queue_de_discard  system_queue.o
    0x0800533a   0x0800533a   0x00000036   Code   RO         2284    i.queue_en          system_queue.o
    0x08005370   0x08005370   0x00000020   Code   RO         2285    i.queue_init        system_queue.o
    0x08005390   0x08005390   0x000000cc   Code   RO         1832    i.rf_address_respond_or_initiate  api_rf_comm.o
    0x0800545c   0x0800545c   0x00000094   Code   RO         1833    i.rf_bound_respond  api_rf_comm.o
    0x080054f0   0x080054f0   0x000000a0   Code   RO         1834    i.rf_channel_respond  api_rf_comm.o
    0x08005590   0x08005590   0x00000008   Code   RO         1835    i.rf_comm_RequestRFInfo  api_rf_comm.o
    0x08005598   0x08005598   0x00000150   Code   RO         1836    i.rf_comm_task      api_rf_comm.o
    0x080056e8   0x080056e8   0x00000036   Code   RO         1837    i.rf_data_packet_num_check  api_rf_comm.o
    0x0800571e   0x0800571e   0x00000002   PAD
    0x08005720   0x08005720   0x00000010   Code   RO         1838    i.rf_data_packet_num_reset_task  api_rf_comm.o
    0x08005730   0x08005730   0x000000b8   Code   RO         1839    i.rf_group_respond  api_rf_comm.o
    0x080057e8   0x080057e8   0x000000bc   Code   RO         1840    i.rf_handshake_respond_or_initiate  api_rf_comm.o
    0x080058a4   0x080058a4   0x00000084   Code   RO         1841    i.rf_packet_num_repetition_respond  api_rf_comm.o
    0x08005928   0x08005928   0x0000000a   Code   RO         1842    i.rf_power_on_delay_report_task  api_rf_comm.o
    0x08005932   0x08005932   0x00000002   PAD
    0x08005934   0x08005934   0x0000009c   Code   RO         1843    i.rf_query_respond  api_rf_comm.o
    0x080059d0   0x080059d0   0x00000290   Code   RO         1844    i.rf_receive_data_decode  api_rf_comm.o
    0x08005c60   0x08005c60   0x00000098   Code   RO         1845    i.rf_report_initiate  api_rf_comm.o
    0x08005cf8   0x08005cf8   0x000000d4   Code   RO         1846    i.rf_report_version  api_rf_comm.o
    0x08005dcc   0x08005dcc   0x0000000c   Code   RO         1847    i.rf_set_channel_num_invalid_task  api_rf_comm.o
    0x08005dd8   0x08005dd8   0x0000009c   Code   RO         1848    i.rf_set_respond    api_rf_comm.o
    0x08005e74   0x08005e74   0x00000094   Code   RO         1849    i.rf_unbound_respond  api_rf_comm.o
    0x08005f08   0x08005f08   0x00000050   Code   RO         3303    i.serial_depkg      serialctrl_handler.o
    0x08005f58   0x08005f58   0x00000090   Code   RO         3304    i.serial_inpkg      serialctrl_handler.o
    0x08005fe8   0x08005fe8   0x000000d4   Code   RO         3305    i.serial_msg_handler  serialctrl_handler.o
    0x080060bc   0x080060bc   0x0000002a   Code   RO         2333    i.sha3              sha3.o
    0x080060e6   0x080060e6   0x0000003a   Code   RO         2334    i.sha3_final        sha3.o
    0x08006120   0x08006120   0x00000028   Code   RO         2335    i.sha3_init         sha3.o
    0x08006148   0x08006148   0x000001d0   Code   RO         2336    i.sha3_keccakf      sha3.o
    0x08006318   0x08006318   0x0000003a   Code   RO         2337    i.sha3_update       sha3.o
    0x08006352   0x08006352   0x00000018   Code   RO         2975    i.system_delay_ms   cmt2300a_hal.o
    0x0800636a   0x0800636a   0x00000012   Code   RO         2976    i.system_delay_us   cmt2300a_hal.o
    0x0800637c   0x0800637c   0x00000018   Code   RO         1956    i.work_control_task  api_work_state.o
    0x08006394   0x08006394   0x00000038   Code   RO         1957    i.work_even_task    api_work_state.o
    0x080063cc   0x080063cc   0x00000008   Code   RO         1958    i.work_state_RequestInfo  api_work_state.o
    0x080063d4   0x080063d4   0x00000005   Data   RO          283    .constdata          spi.o
    0x080063d9   0x080063d9   0x00000024   Data   RO          360    .constdata          tim.o
    0x080063fd   0x080063fd   0x00000005   Data   RO          450    .constdata          usart.o
    0x08006402   0x08006402   0x00000002   PAD
    0x08006404   0x08006404   0x00000030   Data   RO         1190    .constdata          stm32g0xx_ll_usart.o
    0x08006434   0x08006434   0x00000040   Data   RO         1236    .constdata          system_stm32g0xx.o
    0x08006474   0x08006474   0x00000020   Data   RO         1237    .constdata          system_stm32g0xx.o
    0x08006494   0x08006494   0x00000005   Data   RO         1605    .constdata          hal_control_uart.o
    0x08006499   0x08006499   0x00000005   Data   RO         1667    .constdata          hal_control_spi.o
    0x0800649e   0x0800649e   0x00000002   PAD
    0x080064a0   0x080064a0   0x00000180   Data   RO         2340    .constdata          sha3.o
    0x08006620   0x08006620   0x00000060   Data   RO         3064    .constdata          radio.o
    0x08006680   0x08006680   0x00000009   Data   RO         3151    .constdata          ircode_catch.o
    0x08006689   0x08006689   0x00000081   Data   RO         3906    .constdata          mc_p.l(ctype_o.o)
    0x0800670a   0x0800670a   0x00000002   PAD
    0x0800670c   0x0800670c   0x00000004   Data   RO         3907    .constdata          mc_p.l(ctype_o.o)
    0x08006710   0x08006710   0x00000030   Data   RO         2155    .conststring        driver_memory.o
    0x08006740   0x08006740   0x00000020   Data   RO         3941    Region$$Table       anon$$obj.o


    Execution Region RW_IRAM1 (Exec base: 0x20000000, Load base: 0x08006760, Size: 0x00001fc0, Max: 0x00002000, ABSOLUTE, COMPRESSED[0x00000108])

    Exec Addr    Load Addr    Size         Type   Attr      Idx    E Section Name        Object

    0x20000000   COMPRESSED   0x00000014   Data   RW           20    .data               main.o
    0x20000014   COMPRESSED   0x00000004   Data   RW         1238    .data               system_stm32g0xx.o
    0x20000018   COMPRESSED   0x00000014   Data   RW         1291    .data               25qflash.o
    0x2000002c   COMPRESSED   0x000000bc   Data   RW         1507    .data               hal_sm_mainloop.o
    0x200000e8   COMPRESSED   0x00000002   Data   RW         1606    .data               hal_control_uart.o
    0x200000ea   COMPRESSED   0x00000004   Data   RW         1851    .data               api_rf_comm.o
    0x200000ee   COMPRESSED   0x00000001   Data   RW         1959    .data               api_work_state.o
    0x200000ef   COMPRESSED   0x0000000b   Data   RW         2096    .data               driver_key.o
    0x200000fa   COMPRESSED   0x00000006   PAD
    0x20000100   COMPRESSED   0x00000068   Data   RW         2156    .data               driver_memory.o
    0x20000168   COMPRESSED   0x00000018   Data   RW         2389    .data               task_433communicate.o
    0x20000180   COMPRESSED   0x00000014   Data   RW         2467    .data               task_key.o
    0x20000194   COMPRESSED   0x00000010   Data   RW         2511    .data               task_led.o
    0x200001a4   COMPRESSED   0x00000010   Data   RW         2546    .data               task_serial.o
    0x200001b4   COMPRESSED   0x00000014   Data   RW         2591    .data               task_iremit.o
    0x200001c8   COMPRESSED   0x0000000c   Data   RW         3065    .data               radio.o
    0x200001d4   COMPRESSED   0x00000001   Data   RW         3066    .data               radio.o
    0x200001d5   COMPRESSED   0x00000001   Data   RW         3067    .data               radio.o
    0x200001d6   COMPRESSED   0x00000001   Data   RW         3068    .data               radio.o
    0x200001d7   COMPRESSED   0x00000001   PAD
    0x200001d8   COMPRESSED   0x0000000c   Data   RW         3152    .data               ircode_catch.o
    0x200001e4   COMPRESSED   0x00000008   Data   RW         3231    .data               ircode_emit.o
    0x200001ec   COMPRESSED   0x0000005c   Data   RW         3306    .data               serialctrl_handler.o
    0x20000248   COMPRESSED   0x00000008   Data   RW         3409    .data               serialctrl_ircaddrproc.o
    0x20000250   COMPRESSED   0x00000010   Data   RW         3434    .data               serialctrl_memopt.o
    0x20000260   COMPRESSED   0x00000004   Data   RW         3879    .data               mc_p.l(mvars.o)
    0x20000264   COMPRESSED   0x00000004   Data   RW         3880    .data               mc_p.l(mvars.o)
    0x20000268   COMPRESSED   0x00000004   Data   RW         3884    .data               mc_p.l(errno.o)
    0x2000026c        -       0x0000000c   Zero   RW         1506    .bss                hal_sm_mainloop.o
    0x20000278        -       0x00000113   Zero   RW         1604    .bss                hal_control_uart.o
    0x2000038b   COMPRESSED   0x00000001   PAD
    0x2000038c        -       0x00000058   Zero   RW         1850    .bss                api_rf_comm.o
    0x200003e4   COMPRESSED   0x00000004   PAD
    0x200003e8        -       0x00000800   Zero   RW         2011    .bss                driver_flash.o
    0x20000be8        -       0x0000000c   Zero   RW         2154    .bss                driver_memory.o
    0x20000bf4        -       0x0000001c   Zero   RW         2388    .bss                task_433communicate.o
    0x20000c10        -       0x0000001c   Zero   RW         2466    .bss                task_key.o
    0x20000c2c        -       0x0000001c   Zero   RW         2510    .bss                task_led.o
    0x20000c48        -       0x0000001c   Zero   RW         2545    .bss                task_serial.o
    0x20000c64        -       0x0000001c   Zero   RW         2590    .bss                task_iremit.o
    0x20000c80        -       0x00000020   Zero   RW         3062    .bss                radio.o
    0x20000ca0        -       0x00000020   Zero   RW         3063    .bss                radio.o
    0x20000cc0        -       0x00001000   Zero   RW            2    HEAP                startup_stm32g030xx.o
    0x20001cc0        -       0x00000300   Zero   RW            1    STACK               startup_stm32g030xx.o


==============================================================================

Image component sizes


      Code (inc. data)   RO Data    RW Data    ZI Data      Debug   Object Name

      1114         70          0         20          0      15475   25qflash.o
      2932        406          0          4         88      14631   api_rf_comm.o
        88         20          0          1          0       2767   api_work_state.o
       854          6          0          0          0      14705   cmt2300a.o
       108          6          0          0          0       4184   cmt2300a_hal.o
       776         26          0          0          0       9949   cmt_spi3.o
       160         20          0          0          0      14590   dma.o
       538         46          0          0       2048       6559   driver_flash.o
       190          6          0         11          0       3507   driver_key.o
       752        122         48        104         12      13318   driver_memory.o
       390          0          0          0          0       5359   gen_link_list.o
       348         28          0          0          0      38899   gpio.o
        80          0          0          0          0       1759   gpio_defs.o
        32         10          0          0          0        691   hal_control_error.o
        28          4          0          0          0        589   hal_control_export_api.o
       406         96          0          0          0      10645   hal_control_gpio.o
       272         40          5          0          0      26948   hal_control_spi.o
       504         70          5          2        275      42809   hal_control_uart.o
        18          0          0          0          0        564   hal_sm_inittask_api.o
       548         60          0        188         12       8100   hal_sm_mainloop.o
       776         58          9         12          0      41459   ircode_catch.o
       976         60          0          8          0      39711   ircode_emit.o
       320         36          0         20          0     312162   main.o
       424         30         96         15         64       6526   radio.o
      3654         66          0         92          0      21251   serialctrl_handler.o
       704         12          0          8          0       4030   serialctrl_ircaddrproc.o
       664         44          0         16          0       5889   serialctrl_memopt.o
       662         10        384          0          0       4329   sha3.o
       580         60          5          0          0      31671   spi.o
        28          8        192          0       4864        668   startup_stm32g030xx.o
       254         36          0          0          0      44538   stm32g0xx_it.o
       188          6          0          0          0       7107   stm32g0xx_ll_exti.o
       172          0          0          0          0       6995   stm32g0xx_ll_gpio.o
       324         50          0          0          0      20916   stm32g0xx_ll_rcc.o
       128         10          0          0          0      17350   stm32g0xx_ll_spi.o
       966        126          0          0          0      46875   stm32g0xx_ll_tim.o
       228         20         48          0          0      27656   stm32g0xx_ll_usart.o
        80         18          0          0          0       6485   stm32g0xx_ll_utils.o
       168          0          0          0          0       3102   system_queue.o
         2          0         96          4          0       1231   system_stm32g0xx.o
       272         54          0         24         28       3926   task_433communicate.o
       404          0          0          0          0       3703   task_commonfile.o
       156         36          0         20         28       3986   task_iremit.o
       188         36          0         20         28       3504   task_key.o
       126         22          0         16         28       2793   task_led.o
       102         22          0         16         28       3045   task_serial.o
       876        106         36          0          0      48759   tim.o
       596         68          5          0          0      32442   usart.o

    ----------------------------------------------------------------------
     24206       2030        965        608       7508     988157   Object Totals
         0          0         32          0          0          0   (incl. Generated)
        50          0          4          7          5          0   (incl. Padding)

    ----------------------------------------------------------------------

      Code (inc. data)   RO Data    RW Data    ZI Data      Debug   Library Member Name

        86          0          0          0          0          0   __dczerorl2.o
        30          0          0          0          0         60   _chval.o
       166          0          0          0          0         84   _strtoul.o
        26          0          0          0          0         72   atoi.o
        28          0          0          0          0         68   calloc.o
         8          4        133          0          0         60   ctype_o.o
         0          0          0          0          0          0   entry.o
         0          0          0          0          0          0   entry10a.o
         0          0          0          0          0          0   entry11a.o
         4          0          0          0          0          0   entry12b.o
         8          4          0          0          0          0   entry2.o
         4          0          0          0          0          0   entry5.o
         0          0          0          0          0          0   entry7b.o
         0          0          0          0          0          0   entry8b.o
         8          4          0          0          0          0   entry9a.o
         8          4          0          4          0         60   errno.o
        30          0          0          0          0          0   handlers.o
        40          0          0          0          0         72   idiv.o
        36          8          0          0          0         68   init.o
        32          0          0          0          0         68   llshl.o
        34          0          0          0          0         68   llushr.o
       192         20          0          0          0        144   malloc.o
        26          0          0          0          0         72   memcmp.o
        36          0          0          0          0         60   memcpya.o
        36          0          0          0          0        100   memseta.o
         0          0          0          8          0          0   mvars.o
        24          0          0          0          0         60   strcat.o
        28          0          0          0          0         68   strcmp.o
        14          0          0          0          0         60   strlen.o
       112          4          0          0          0         76   strtol.o
        44          0          0          0          0         72   uidiv.o
        96          0          0          0          0         84   uldiv.o

    ----------------------------------------------------------------------
      1158         48        135         12          0       1476   Library Totals
         2          0          2          0          0          0   (incl. Padding)

    ----------------------------------------------------------------------

      Code (inc. data)   RO Data    RW Data    ZI Data      Debug   Library Name

      1156         48        133         12          0       1476   mc_p.l

    ----------------------------------------------------------------------
      1158         48        135         12          0       1476   Library Totals

    ----------------------------------------------------------------------

==============================================================================


      Code (inc. data)   RO Data    RW Data    ZI Data      Debug   

     25364       2078       1100        620       7508     976129   Grand Totals
     25364       2078       1100        264       7508     976129   ELF Image Totals (compressed)
     25364       2078       1100        264          0          0   ROM Totals

==============================================================================

    Total RO  Size (Code + RO Data)                26464 (  25.84kB)
    Total RW  Size (RW Data + ZI Data)              8128 (   7.94kB)
    Total ROM Size (Code + RO Data + RW Data)      26728 (  26.10kB)

==============================================================================

